<html>
<body>
<pre>
<h1>µVision Build Log</h1>
<h2>Tool Versions:</h2>
IDE-Version: ¦ÌVision V5.14.0.0
Copyright (C) 2015 ARM Ltd and ARM Germany GmbH. All rights reserved.
License Information: 123 Administrator, 123, LIC=14HHL-0N6KC-Q0DNJ-UU4N5-5QI6C-FK0JM
 
Tool Versions:
Toolchain:       MDK-ARM Standard  Version: 5.14.0.0
Toolchain Path:  C:\Keil_v5\ARM\ARMCC\Bin
C Compiler:      Armcc.exe V5.05 update 1 (build 106)
Assembler:       Armasm.exe V5.05 update 1 (build 106)
Linker/Locator:  ArmLink.exe V5.05 update 1 (build 106)
Library Manager: ArmAr.exe V5.05 update 1 (build 106)
Hex Converter:   FromElf.exe V5.05 update 1 (build 106)
CPU DLL:         SARMCM3.DLL V5.14.0.0
Dialog DLL:      DCM.DLL V1.13.1.0
Target DLL:      STLink\ST-LINKIII-KEIL_SWO.dll V2.0.14.0_KEIL
Dialog DLL:      TCM.DLL V1.14.4.0
 
<h2>Project:</h2>
C:\Users\Administrator\Desktop\¼Ä´æÆ÷°æ±¾\M4\M4£¨17¡¢´¥ÃþÆÁ»­°åÁ·Ï°£©\USER\test.uvprojx
Project File Date:  09/09/2019

<h2>Output:</h2>
Build target 'Target 1'
compiling system_stm32f4xx.c...
assembling startup_stm32f40_41xxx.s...
compiling test.c...
compiling usart.c...
compiling nvic.c...
compiling exit.c...
compiling delay.c...
compiling beep.c...
compiling led.c...
compiling key.c...
compiling iic.c...
compiling at24cxx.c...
compiling lcd.c...
compiling font.c...
compiling spi.c...
compiling w25q64.c...
compiling touch.c...
linking...
Program Size: Code=5564 RO-data=408 RW-data=0 ZI-data=1648  
FromELF: creating hex file...
"..\OBJ\test.axf" - 0 Error(s), 0 Warning(s).

<h2>Collection of Component include folders:</h2>
  C:\Users\Administrator\Desktop\¼Ä´æÆ÷°æ±¾\M4\M4£¨17¡¢´¥ÃþÆÁ»­°åÁ·Ï°£©\USER\RTE
  C:\Keil_v5\ARM\PACK\Keil\STM32F4xx_DFP\1.0.8\Device\Include

<h2>Collection of Component Files used:</h2>
</pre>
</body>
</html>
