Component: ARM Compiler 5.05 update 1 (build 106) Tool: armlink [4d0efa]

==============================================================================

Section Cross References

    system_stm32f4xx.o(i.SystemCoreClockUpdate) refers to system_stm32f4xx.o(.data) for SystemCoreClock
    system_stm32f4xx.o(i.SystemInit) refers to system_stm32f4xx.o(i.SetSysClock) for SetSysClock
    startup_stm32f40_41xxx.o(STACK) refers (Special) to heapauxi.o(.text) for __use_two_region_memory
    startup_stm32f40_41xxx.o(HEAP) refers (Special) to heapauxi.o(.text) for __use_two_region_memory
    startup_stm32f40_41xxx.o(RESET) refers (Special) to heapauxi.o(.text) for __use_two_region_memory
    startup_stm32f40_41xxx.o(RESET) refers to startup_stm32f40_41xxx.o(STACK) for __initial_sp
    startup_stm32f40_41xxx.o(RESET) refers to startup_stm32f40_41xxx.o(.text) for Reset_Handler
    startup_stm32f40_41xxx.o(RESET) refers to nvic.o(i.SysTick_Handler) for SysTick_Handler
    startup_stm32f40_41xxx.o(RESET) refers to nvic.o(i.EXTI0_IRQHandler) for EXTI0_IRQHandler
    startup_stm32f40_41xxx.o(RESET) refers to nvic.o(i.USART1_IRQHandler) for USART1_IRQHandler
    startup_stm32f40_41xxx.o(RESET) refers to nvic.o(i.USART2_IRQHandler) for USART2_IRQHandler
    startup_stm32f40_41xxx.o(.text) refers (Special) to heapauxi.o(.text) for __use_two_region_memory
    startup_stm32f40_41xxx.o(.text) refers to system_stm32f4xx.o(i.SystemInit) for SystemInit
    startup_stm32f40_41xxx.o(.text) refers to __main.o(!!!main) for __main
    startup_stm32f40_41xxx.o(.text) refers to startup_stm32f40_41xxx.o(HEAP) for Heap_Mem
    startup_stm32f40_41xxx.o(.text) refers to startup_stm32f40_41xxx.o(STACK) for Stack_Mem
    test.o(i.main) refers to _printf_pad.o(.text) for _printf_pre_padding
    test.o(i.main) refers to _printf_percent.o(.ARM.Collect$$_printf_percent$$00000000) for _printf_percent
    test.o(i.main) refers to _printf_d.o(.ARM.Collect$$_printf_percent$$00000009) for _printf_d
    test.o(i.main) refers to _printf_dec.o(.text) for _printf_int_dec
    test.o(i.main) refers to delay.o(i.SysTick_Init) for SysTick_Init
    test.o(i.main) refers to usart.o(i.USART1_Init) for USART1_Init
    test.o(i.main) refers to touch.o(i.Touch_Init) for Touch_Init
    test.o(i.main) refers to touch.o(i.Touch_Data) for Touch_Data
    test.o(i.main) refers to noretval__2printf.o(.text) for __2printf
    usart.o(.rev16_text) refers (Special) to use_no_semi_2.o(.text) for __use_no_semihosting
    usart.o(.revsh_text) refers (Special) to use_no_semi_2.o(.text) for __use_no_semihosting
    usart.o(i.NVIC_EnableIRQ) refers (Special) to use_no_semi_2.o(.text) for __use_no_semihosting
    usart.o(i.NVIC_EncodePriority) refers (Special) to use_no_semi_2.o(.text) for __use_no_semihosting
    usart.o(i.NVIC_SetPriority) refers (Special) to use_no_semi_2.o(.text) for __use_no_semihosting
    usart.o(i.USART1_Init) refers (Special) to use_no_semi_2.o(.text) for __use_no_semihosting
    usart.o(i.USART1_Init) refers to usart.o(i.NVIC_EncodePriority) for NVIC_EncodePriority
    usart.o(i.USART1_Init) refers to usart.o(i.NVIC_SetPriority) for NVIC_SetPriority
    usart.o(i.USART1_Init) refers to usart.o(i.NVIC_EnableIRQ) for NVIC_EnableIRQ
    usart.o(i.USART1_Receive_Byte) refers (Special) to use_no_semi_2.o(.text) for __use_no_semihosting
    usart.o(i.USART1_Receive_Str) refers (Special) to use_no_semi_2.o(.text) for __use_no_semihosting
    usart.o(i.USART1_Receive_Str) refers to usart.o(i.USART1_Receive_Byte) for USART1_Receive_Byte
    usart.o(i.USART1_Send_Byte) refers (Special) to use_no_semi_2.o(.text) for __use_no_semihosting
    usart.o(i.USART1_Send_Str) refers (Special) to use_no_semi_2.o(.text) for __use_no_semihosting
    usart.o(i.USART1_Send_Str) refers to usart.o(i.USART1_Send_Byte) for USART1_Send_Byte
    usart.o(i.USART2_Init) refers (Special) to use_no_semi_2.o(.text) for __use_no_semihosting
    usart.o(i.USART2_Init) refers to usart.o(i.NVIC_EncodePriority) for NVIC_EncodePriority
    usart.o(i.USART2_Init) refers to usart.o(i.NVIC_SetPriority) for NVIC_SetPriority
    usart.o(i.USART2_Init) refers to usart.o(i.NVIC_EnableIRQ) for NVIC_EnableIRQ
    usart.o(i.USART2_Receive_Byte) refers (Special) to use_no_semi_2.o(.text) for __use_no_semihosting
    usart.o(i.USART2_Send_Byte) refers (Special) to use_no_semi_2.o(.text) for __use_no_semihosting
    usart.o(i._sys_exit) refers (Special) to use_no_semi_2.o(.text) for __use_no_semihosting
    usart.o(i.fputc) refers (Special) to use_no_semi_2.o(.text) for __use_no_semihosting
    usart.o(.data) refers (Special) to use_no_semi_2.o(.text) for __use_no_semihosting
    nvic.o(i.EXTI0_IRQHandler) refers to nvic.o(i.delay_ms) for delay_ms
    nvic.o(i.USART1_IRQHandler) refers to test.o(.data) for data
    nvic.o(i.USART2_IRQHandler) refers to test.o(.data) for data
    delay.o(i.delay_ms) refers to delay.o(i.delay1_ms) for delay1_ms
    led.o(i.LED_Flash1) refers to led.o(i.LED_X_ON) for LED_X_ON
    led.o(i.LED_Flash1) refers to led.o(i.delay_ms) for delay_ms
    led.o(i.LED_Flash1) refers to led.o(i.LED_X_OFF) for LED_X_OFF
    led.o(i.LED_Flash1) refers to led.o(.data) for i
    led.o(i.LED_Flash2) refers to led.o(i.LED_X_ON) for LED_X_ON
    led.o(i.LED_Flash2) refers to led.o(i.LED_X_OFF) for LED_X_OFF
    led.o(i.LED_Flash2) refers to led.o(.data) for i
    led.o(i.LED_Flash3) refers to led.o(i.LED_X_ON) for LED_X_ON
    led.o(i.LED_Flash3) refers to led.o(i.LED_X_OFF) for LED_X_OFF
    led.o(i.LED_Flash3) refers to led.o(.data) for i
    key.o(i.KEY_Scan) refers to key.o(i.delay_ms) for delay_ms
    key.o(i.KEY_Scan) refers to key.o(.data) for key_flay
    iic.o(i.IIC_Receive_Ack) refers to delay.o(i.delay_us) for delay_us
    iic.o(i.IIC_Receive_Byte) refers to delay.o(i.delay_us) for delay_us
    iic.o(i.IIC_Send_Ack) refers to delay.o(i.delay_us) for delay_us
    iic.o(i.IIC_Send_Byte) refers to delay.o(i.delay_us) for delay_us
    iic.o(i.IIC_Start) refers to delay.o(i.delay_us) for delay_us
    iic.o(i.IIC_Stop) refers to delay.o(i.delay_us) for delay_us
    at24cxx.o(i.AT24CXX_Init) refers to iic.o(i.IIC_Init) for IIC_Init
    at24cxx.o(i.AT24CXX_Read_Addr) refers to at24cxx.o(i.AT24CXX_Read_Byte) for AT24CXX_Read_Byte
    at24cxx.o(i.AT24CXX_Read_Byte) refers to iic.o(i.IIC_Start) for IIC_Start
    at24cxx.o(i.AT24CXX_Read_Byte) refers to iic.o(i.IIC_Send_Byte) for IIC_Send_Byte
    at24cxx.o(i.AT24CXX_Read_Byte) refers to iic.o(i.IIC_Receive_Ack) for IIC_Receive_Ack
    at24cxx.o(i.AT24CXX_Read_Byte) refers to iic.o(i.IIC_Stop) for IIC_Stop
    at24cxx.o(i.AT24CXX_Read_Byte) refers to iic.o(i.IIC_Receive_Byte) for IIC_Receive_Byte
    at24cxx.o(i.AT24CXX_Read_Byte) refers to iic.o(i.IIC_Send_Ack) for IIC_Send_Ack
    at24cxx.o(i.AT24CXX_Read_Bytes) refers to iic.o(i.IIC_Start) for IIC_Start
    at24cxx.o(i.AT24CXX_Read_Bytes) refers to iic.o(i.IIC_Send_Byte) for IIC_Send_Byte
    at24cxx.o(i.AT24CXX_Read_Bytes) refers to iic.o(i.IIC_Receive_Ack) for IIC_Receive_Ack
    at24cxx.o(i.AT24CXX_Read_Bytes) refers to iic.o(i.IIC_Stop) for IIC_Stop
    at24cxx.o(i.AT24CXX_Read_Bytes) refers to iic.o(i.IIC_Receive_Byte) for IIC_Receive_Byte
    at24cxx.o(i.AT24CXX_Read_Bytes) refers to iic.o(i.IIC_Send_Ack) for IIC_Send_Ack
    at24cxx.o(i.AT24CXX_Write_Addr) refers to at24cxx.o(i.AT24CXX_Write_Byte) for AT24CXX_Write_Byte
    at24cxx.o(i.AT24CXX_Write_Byte) refers to iic.o(i.IIC_Start) for IIC_Start
    at24cxx.o(i.AT24CXX_Write_Byte) refers to iic.o(i.IIC_Send_Byte) for IIC_Send_Byte
    at24cxx.o(i.AT24CXX_Write_Byte) refers to iic.o(i.IIC_Receive_Ack) for IIC_Receive_Ack
    at24cxx.o(i.AT24CXX_Write_Byte) refers to iic.o(i.IIC_Stop) for IIC_Stop
    at24cxx.o(i.AT24CXX_Write_Byte) refers to delay.o(i.delay_ms) for delay_ms
    at24cxx.o(i.AT24CXX_Write_Bytes) refers to at24cxx.o(i.AT24CXX_Write_Bytes1) for AT24CXX_Write_Bytes1
    at24cxx.o(i.AT24CXX_Write_Bytes1) refers to iic.o(i.IIC_Start) for IIC_Start
    at24cxx.o(i.AT24CXX_Write_Bytes1) refers to iic.o(i.IIC_Send_Byte) for IIC_Send_Byte
    at24cxx.o(i.AT24CXX_Write_Bytes1) refers to iic.o(i.IIC_Receive_Ack) for IIC_Receive_Ack
    at24cxx.o(i.AT24CXX_Write_Bytes1) refers to iic.o(i.IIC_Stop) for IIC_Stop
    at24cxx.o(i.AT24CXX_Write_Bytes1) refers to delay.o(i.delay_ms) for delay_ms
    at24cxx.o(i.AT24CXXaddr_Read_Addr) refers to at24cxx.o(i.AT24CXXaddr_Read_Byte) for AT24CXXaddr_Read_Byte
    at24cxx.o(i.AT24CXXaddr_Read_Byte) refers to iic.o(i.IIC_Start) for IIC_Start
    at24cxx.o(i.AT24CXXaddr_Read_Byte) refers to iic.o(i.IIC_Send_Byte) for IIC_Send_Byte
    at24cxx.o(i.AT24CXXaddr_Read_Byte) refers to iic.o(i.IIC_Receive_Ack) for IIC_Receive_Ack
    at24cxx.o(i.AT24CXXaddr_Read_Byte) refers to iic.o(i.IIC_Stop) for IIC_Stop
    at24cxx.o(i.AT24CXXaddr_Read_Byte) refers to iic.o(i.IIC_Receive_Byte) for IIC_Receive_Byte
    at24cxx.o(i.AT24CXXaddr_Read_Byte) refers to iic.o(i.IIC_Send_Ack) for IIC_Send_Ack
    at24cxx.o(i.AT24CXXaddr_Read_Bytes) refers to iic.o(i.IIC_Start) for IIC_Start
    at24cxx.o(i.AT24CXXaddr_Read_Bytes) refers to iic.o(i.IIC_Send_Byte) for IIC_Send_Byte
    at24cxx.o(i.AT24CXXaddr_Read_Bytes) refers to iic.o(i.IIC_Receive_Ack) for IIC_Receive_Ack
    at24cxx.o(i.AT24CXXaddr_Read_Bytes) refers to iic.o(i.IIC_Stop) for IIC_Stop
    at24cxx.o(i.AT24CXXaddr_Read_Bytes) refers to iic.o(i.IIC_Receive_Byte) for IIC_Receive_Byte
    at24cxx.o(i.AT24CXXaddr_Read_Bytes) refers to iic.o(i.IIC_Send_Ack) for IIC_Send_Ack
    at24cxx.o(i.AT24CXXaddr_Write_Addr) refers to at24cxx.o(i.AT24CXXaddr_Write_Byte) for AT24CXXaddr_Write_Byte
    at24cxx.o(i.AT24CXXaddr_Write_Byte) refers to iic.o(i.IIC_Start) for IIC_Start
    at24cxx.o(i.AT24CXXaddr_Write_Byte) refers to iic.o(i.IIC_Send_Byte) for IIC_Send_Byte
    at24cxx.o(i.AT24CXXaddr_Write_Byte) refers to iic.o(i.IIC_Receive_Ack) for IIC_Receive_Ack
    at24cxx.o(i.AT24CXXaddr_Write_Byte) refers to iic.o(i.IIC_Stop) for IIC_Stop
    at24cxx.o(i.AT24CXXaddr_Write_Byte) refers to delay.o(i.delay_ms) for delay_ms
    at24cxx.o(i.AT24CXXaddr_Write_Bytes) refers to at24cxx.o(i.AT24CXXaddr_Write_Bytes1) for AT24CXXaddr_Write_Bytes1
    at24cxx.o(i.AT24CXXaddr_Write_Bytes1) refers to iic.o(i.IIC_Start) for IIC_Start
    at24cxx.o(i.AT24CXXaddr_Write_Bytes1) refers to iic.o(i.IIC_Send_Byte) for IIC_Send_Byte
    at24cxx.o(i.AT24CXXaddr_Write_Bytes1) refers to iic.o(i.IIC_Receive_Ack) for IIC_Receive_Ack
    at24cxx.o(i.AT24CXXaddr_Write_Bytes1) refers to iic.o(i.IIC_Stop) for IIC_Stop
    at24cxx.o(i.AT24CXXaddr_Write_Bytes1) refers to delay.o(i.delay_ms) for delay_ms
    lcd.o(i.LCD_Character16) refers to lcd.o(i.LCD_Point) for LCD_Point
    lcd.o(i.LCD_Character16) refers to font.o(.constdata) for model16
    lcd.o(i.LCD_Character24) refers to lcd.o(i.LCD_Point) for LCD_Point
    lcd.o(i.LCD_Character24) refers to font.o(.constdata) for model24
    lcd.o(i.LCD_Character32) refers to lcd.o(i.LCD_Point) for LCD_Point
    lcd.o(i.LCD_Character32) refers to font.o(.constdata) for model32
    lcd.o(i.LCD_Characters_Single32) refers to lcd.o(i.LCD_Point) for LCD_Point
    lcd.o(i.LCD_Characters_Single32) refers to font.o(.constdata) for query
    lcd.o(i.LCD_Characters_String32) refers to lcd.o(i.LCD_Characters_Single32) for LCD_Characters_Single32
    lcd.o(i.LCD_Circle1) refers to lcd.o(i.LCD_Point) for LCD_Point
    lcd.o(i.LCD_Circle2) refers to lcd.o(i.LCD_Point) for LCD_Point
    lcd.o(i.LCD_Clear) refers to lcd.o(i.LCD_ILI9486_CMD) for LCD_ILI9486_CMD
    lcd.o(i.LCD_Clear) refers to lcd.o(i.LCD_ILI9486_Parameter) for LCD_ILI9486_Parameter
    lcd.o(i.LCD_Clear_XY) refers to lcd.o(i.LCD_ILI9486_CMD) for LCD_ILI9486_CMD
    lcd.o(i.LCD_Clear_XY) refers to lcd.o(i.LCD_ILI9486_Parameter) for LCD_ILI9486_Parameter
    lcd.o(i.LCD_Init) refers to lcd.o(i.LCD_IO_Init) for LCD_IO_Init
    lcd.o(i.LCD_Init) refers to delay.o(i.delay_ms) for delay_ms
    lcd.o(i.LCD_Init) refers to lcd.o(i.LCD_ILI9486_CMD) for LCD_ILI9486_CMD
    lcd.o(i.LCD_Init) refers to lcd.o(i.LCD_ILI9486_Parameter) for LCD_ILI9486_Parameter
    lcd.o(i.LCD_Init) refers to lcd.o(i.LCD_Clear) for LCD_Clear
    lcd.o(i.LCD_Point) refers to lcd.o(i.LCD_ILI9486_CMD) for LCD_ILI9486_CMD
    lcd.o(i.LCD_Point) refers to lcd.o(i.LCD_ILI9486_Parameter) for LCD_ILI9486_Parameter
    lcd.o(i.LCD_Show_HZ16) refers to w25q64.o(i.W25Q64_Read_Bytes) for W25Q64_Read_Bytes
    lcd.o(i.LCD_Show_HZ16) refers to lcd.o(i.LCD_Point) for LCD_Point
    lcd.o(i.LCD_Show_HZ32) refers to w25q64.o(i.W25Q64_Read_Bytes) for W25Q64_Read_Bytes
    lcd.o(i.LCD_Show_HZ32) refers to lcd.o(i.LCD_Point) for LCD_Point
    lcd.o(i.LCD_String16) refers to lcd.o(i.LCD_Character16) for LCD_Character16
    lcd.o(i.LCD_String24) refers to lcd.o(i.LCD_Character24) for LCD_Character24
    lcd.o(i.LCD_String32) refers to lcd.o(i.LCD_Character32) for LCD_Character32
    w25q64.o(i.W25Q64_Block_Erase) refers to w25q64.o(i.W25Q64_Write_Enable) for W25Q64_Write_Enable
    w25q64.o(i.W25Q64_Block_Erase) refers to spi.o(i.SPI1_RS_Byte) for SPI1_RS_Byte
    w25q64.o(i.W25Q64_Block_Erase) refers to w25q64.o(i.W25Q64_Read_Status) for W25Q64_Read_Status
    w25q64.o(i.W25Q64_Blocks_Erase) refers to w25q64.o(i.W25Q64_Block_Erase) for W25Q64_Block_Erase
    w25q64.o(i.W25Q64_Chip_Erase) refers to w25q64.o(i.W25Q64_Write_Enable) for W25Q64_Write_Enable
    w25q64.o(i.W25Q64_Chip_Erase) refers to spi.o(i.SPI1_RS_Byte) for SPI1_RS_Byte
    w25q64.o(i.W25Q64_Chip_Erase) refers to w25q64.o(i.W25Q64_Read_Status) for W25Q64_Read_Status
    w25q64.o(i.W25Q64_Init) refers to spi.o(i.SPI1_Init) for SPI1_Init
    w25q64.o(i.W25Q64_Page_Write) refers to w25q64.o(i.W25Q64_Write_Enable) for W25Q64_Write_Enable
    w25q64.o(i.W25Q64_Page_Write) refers to spi.o(i.SPI1_RS_Byte) for SPI1_RS_Byte
    w25q64.o(i.W25Q64_Page_Write) refers to w25q64.o(i.W25Q64_Read_Status) for W25Q64_Read_Status
    w25q64.o(i.W25Q64_Read_Bytes) refers to spi.o(i.SPI1_RS_Byte) for SPI1_RS_Byte
    w25q64.o(i.W25Q64_Read_Status) refers to spi.o(i.SPI1_RS_Byte) for SPI1_RS_Byte
    w25q64.o(i.W25Q64_Sector_Erase) refers to w25q64.o(i.W25Q64_Write_Enable) for W25Q64_Write_Enable
    w25q64.o(i.W25Q64_Sector_Erase) refers to spi.o(i.SPI1_RS_Byte) for SPI1_RS_Byte
    w25q64.o(i.W25Q64_Sector_Erase) refers to w25q64.o(i.W25Q64_Read_Status) for W25Q64_Read_Status
    w25q64.o(i.W25Q64_Write_Enable) refers to spi.o(i.SPI1_RS_Byte) for SPI1_RS_Byte
    touch.o(i.Touch_Data) refers to touch.o(i.delay_200ns) for delay_200ns
    touch.o(i.Touch_Data) refers to delay.o(i.delay_us) for delay_us
    use_no_semi_2.o(.text) refers (Special) to use_no_semi.o(.text) for __use_no_semihosting_swi
    __2printf.o(.text) refers to _printf_char_file.o(.text) for _printf_char_file
    __2printf.o(.text) refers to usart.o(.data) for __stdout
    noretval__2printf.o(.text) refers to _printf_char_file.o(.text) for _printf_char_file
    noretval__2printf.o(.text) refers to usart.o(.data) for __stdout
    __printf.o(.text) refers to _printf_percent.o(.ARM.Collect$$_printf_percent$$00000000) for _printf_percent
    _printf_dec.o(.text) refers to _printf_intcommon.o(.text) for _printf_int_common
    __printf_flags.o(.text) refers to _printf_percent.o(.ARM.Collect$$_printf_percent$$00000000) for _printf_percent
    __printf_flags.o(.text) refers to __printf_flags.o(.constdata) for .constdata
    __printf_ss.o(.text) refers to _printf_percent.o(.ARM.Collect$$_printf_percent$$00000000) for _printf_percent
    __printf_flags_ss.o(.text) refers to _printf_percent.o(.ARM.Collect$$_printf_percent$$00000000) for _printf_percent
    __printf_flags_ss.o(.text) refers to __printf_flags_ss.o(.constdata) for .constdata
    __printf_wp.o(.text) refers to __printf_wp.o(i._is_digit) for _is_digit
    __printf_wp.o(.text) refers to _printf_percent.o(.ARM.Collect$$_printf_percent$$00000000) for _printf_percent
    __printf_flags_wp.o(.text) refers to __printf_wp.o(i._is_digit) for _is_digit
    __printf_flags_wp.o(.text) refers to _printf_percent.o(.ARM.Collect$$_printf_percent$$00000000) for _printf_percent
    __printf_flags_wp.o(.text) refers to __printf_flags_wp.o(.constdata) for .constdata
    __printf_ss_wp.o(.text) refers to __printf_wp.o(i._is_digit) for _is_digit
    __printf_ss_wp.o(.text) refers to _printf_percent.o(.ARM.Collect$$_printf_percent$$00000000) for _printf_percent
    __printf_flags_ss_wp.o(.text) refers to __printf_wp.o(i._is_digit) for _is_digit
    __printf_flags_ss_wp.o(.text) refers to _printf_percent.o(.ARM.Collect$$_printf_percent$$00000000) for _printf_percent
    __printf_flags_ss_wp.o(.text) refers to __printf_flags_ss_wp.o(.constdata) for .constdata
    _printf_d.o(.ARM.Collect$$_printf_percent$$00000009) refers (Weak) to _printf_dec.o(.text) for _printf_int_dec
    _printf_percent.o(.ARM.Collect$$_printf_percent$$00000000) refers (Special) to _printf_percent_end.o(.ARM.Collect$$_printf_percent$$00000017) for _printf_percent_end
    __main.o(!!!main) refers to __rtentry.o(.ARM.Collect$$rtentry$$00000000) for __rt_entry
    __rtentry.o(.ARM.Collect$$rtentry$$00000000) refers (Special) to __rtentry2.o(.ARM.Collect$$rtentry$$0000000A) for __rt_entry_li
    __rtentry.o(.ARM.Collect$$rtentry$$00000000) refers (Special) to __rtentry2.o(.ARM.Collect$$rtentry$$0000000D) for __rt_entry_main
    __rtentry.o(.ARM.Collect$$rtentry$$00000000) refers (Special) to __rtentry2.o(.ARM.Collect$$rtentry$$0000000C) for __rt_entry_postli_1
    __rtentry.o(.ARM.Collect$$rtentry$$00000000) refers (Special) to __rtentry2.o(.ARM.Collect$$rtentry$$00000009) for __rt_entry_postsh_1
    __rtentry.o(.ARM.Collect$$rtentry$$00000000) refers (Special) to __rtentry2.o(.ARM.Collect$$rtentry$$00000002) for __rt_entry_presh_1
    __rtentry.o(.ARM.Collect$$rtentry$$00000000) refers (Special) to __rtentry4.o(.ARM.Collect$$rtentry$$00000004) for __rt_entry_sh
    _printf_intcommon.o(.text) refers (Weak) to _printf_pad.o(.text) for _printf_pre_padding
    _printf_intcommon.o(.text) refers (Weak) to _printf_pad.o(.text) for _printf_pre_padding
    _printf_intcommon.o(.text) refers (Weak) to _printf_pad.o(.text) for _printf_post_padding
    _printf_char_file.o(.text) refers to _printf_char_common.o(.text) for _printf_char_common
    _printf_char_file.o(.text) refers to ferror.o(.text) for ferror
    _printf_char_file.o(.text) refers to usart.o(i.fputc) for fputc
    __rtentry2.o(.ARM.Collect$$rtentry$$00000008) refers to boardinit2.o(.text) for _platform_post_stackheap_init
    __rtentry2.o(.ARM.Collect$$rtentry$$0000000A) refers to libinit.o(.ARM.Collect$$libinit$$00000000) for __rt_lib_init
    __rtentry2.o(.ARM.Collect$$rtentry$$0000000B) refers to boardinit3.o(.text) for _platform_post_lib_init
    __rtentry2.o(.ARM.Collect$$rtentry$$0000000D) refers to test.o(i.main) for main
    __rtentry2.o(.ARM.Collect$$rtentry$$0000000D) refers to exit.o(.text) for exit
    __rtentry2.o(.ARM.exidx) refers to __rtentry2.o(.ARM.Collect$$rtentry$$00000001) for .ARM.Collect$$rtentry$$00000001
    __rtentry2.o(.ARM.exidx) refers to __rtentry2.o(.ARM.Collect$$rtentry$$00000008) for .ARM.Collect$$rtentry$$00000008
    __rtentry2.o(.ARM.exidx) refers to __rtentry2.o(.ARM.Collect$$rtentry$$0000000A) for .ARM.Collect$$rtentry$$0000000A
    __rtentry2.o(.ARM.exidx) refers to __rtentry2.o(.ARM.Collect$$rtentry$$0000000B) for .ARM.Collect$$rtentry$$0000000B
    __rtentry2.o(.ARM.exidx) refers to __rtentry2.o(.ARM.Collect$$rtentry$$0000000D) for .ARM.Collect$$rtentry$$0000000D
    __rtentry4.o(.ARM.Collect$$rtentry$$00000004) refers to sys_stackheap_outer.o(.text) for __user_setup_stackheap
    __rtentry4.o(.ARM.exidx) refers to __rtentry4.o(.ARM.Collect$$rtentry$$00000004) for .ARM.Collect$$rtentry$$00000004
    _printf_char_common.o(.text) refers to __printf_wp.o(.text) for __printf
    sys_stackheap_outer.o(.text) refers to libspace.o(.text) for __user_perproc_libspace
    sys_stackheap_outer.o(.text) refers to startup_stm32f40_41xxx.o(.text) for __user_initial_stackheap
    exit.o(.text) refers to rtexit.o(.ARM.Collect$$rtexit$$00000000) for __rt_exit
    libinit.o(.ARM.Collect$$libinit$$00000000) refers (Special) to libinit2.o(.ARM.Collect$$libinit$$0000002E) for __rt_lib_init_alloca_1
    libinit.o(.ARM.Collect$$libinit$$00000000) refers (Special) to libinit2.o(.ARM.Collect$$libinit$$0000002C) for __rt_lib_init_argv_1
    libinit.o(.ARM.Collect$$libinit$$00000000) refers (Special) to libinit2.o(.ARM.Collect$$libinit$$0000001B) for __rt_lib_init_atexit_1
    libinit.o(.ARM.Collect$$libinit$$00000000) refers (Special) to libinit2.o(.ARM.Collect$$libinit$$00000021) for __rt_lib_init_clock_1
    libinit.o(.ARM.Collect$$libinit$$00000000) refers (Special) to libinit2.o(.ARM.Collect$$libinit$$00000032) for __rt_lib_init_cpp_1
    libinit.o(.ARM.Collect$$libinit$$00000000) refers (Special) to libinit2.o(.ARM.Collect$$libinit$$00000030) for __rt_lib_init_exceptions_1
    libinit.o(.ARM.Collect$$libinit$$00000000) refers (Special) to libinit2.o(.ARM.Collect$$libinit$$00000001) for __rt_lib_init_fp_1
    libinit.o(.ARM.Collect$$libinit$$00000000) refers (Special) to libinit2.o(.ARM.Collect$$libinit$$0000001F) for __rt_lib_init_fp_trap_1
    libinit.o(.ARM.Collect$$libinit$$00000000) refers (Special) to libinit2.o(.ARM.Collect$$libinit$$00000023) for __rt_lib_init_getenv_1
    libinit.o(.ARM.Collect$$libinit$$00000000) refers (Special) to libinit2.o(.ARM.Collect$$libinit$$0000000A) for __rt_lib_init_heap_1
    libinit.o(.ARM.Collect$$libinit$$00000000) refers (Special) to libinit2.o(.ARM.Collect$$libinit$$00000011) for __rt_lib_init_lc_collate_1
    libinit.o(.ARM.Collect$$libinit$$00000000) refers (Special) to libinit2.o(.ARM.Collect$$libinit$$00000013) for __rt_lib_init_lc_ctype_1
    libinit.o(.ARM.Collect$$libinit$$00000000) refers (Special) to libinit2.o(.ARM.Collect$$libinit$$00000015) for __rt_lib_init_lc_monetary_1
    libinit.o(.ARM.Collect$$libinit$$00000000) refers (Special) to libinit2.o(.ARM.Collect$$libinit$$00000017) for __rt_lib_init_lc_numeric_1
    libinit.o(.ARM.Collect$$libinit$$00000000) refers (Special) to libinit2.o(.ARM.Collect$$libinit$$00000019) for __rt_lib_init_lc_time_1
    libinit.o(.ARM.Collect$$libinit$$00000000) refers (Special) to libinit2.o(.ARM.Collect$$libinit$$00000004) for __rt_lib_init_preinit_1
    libinit.o(.ARM.Collect$$libinit$$00000000) refers (Special) to libinit2.o(.ARM.Collect$$libinit$$0000000E) for __rt_lib_init_rand_1
    libinit.o(.ARM.Collect$$libinit$$00000000) refers (Special) to libinit2.o(.ARM.Collect$$libinit$$00000033) for __rt_lib_init_return
    libinit.o(.ARM.Collect$$libinit$$00000000) refers (Special) to libinit2.o(.ARM.Collect$$libinit$$0000001D) for __rt_lib_init_signal_1
    libinit.o(.ARM.Collect$$libinit$$00000000) refers (Special) to libinit2.o(.ARM.Collect$$libinit$$00000025) for __rt_lib_init_stdio_1
    libinit.o(.ARM.Collect$$libinit$$00000000) refers (Special) to libinit2.o(.ARM.Collect$$libinit$$0000000C) for __rt_lib_init_user_alloc_1
    libspace.o(.text) refers to libspace.o(.bss) for __libspace_start
    rtexit.o(.ARM.Collect$$rtexit$$00000000) refers (Special) to rtexit2.o(.ARM.Collect$$rtexit$$00000004) for __rt_exit_exit
    rtexit.o(.ARM.Collect$$rtexit$$00000000) refers (Special) to rtexit2.o(.ARM.Collect$$rtexit$$00000003) for __rt_exit_ls
    rtexit.o(.ARM.Collect$$rtexit$$00000000) refers (Special) to rtexit2.o(.ARM.Collect$$rtexit$$00000002) for __rt_exit_prels_1
    rtexit.o(.ARM.exidx) refers (Special) to rtexit2.o(.ARM.Collect$$rtexit$$00000004) for __rt_exit_exit
    rtexit.o(.ARM.exidx) refers (Special) to rtexit2.o(.ARM.Collect$$rtexit$$00000003) for __rt_exit_ls
    rtexit.o(.ARM.exidx) refers (Special) to rtexit2.o(.ARM.Collect$$rtexit$$00000002) for __rt_exit_prels_1
    rtexit.o(.ARM.exidx) refers to rtexit.o(.ARM.Collect$$rtexit$$00000000) for .ARM.Collect$$rtexit$$00000000
    libinit2.o(.ARM.Collect$$libinit$$00000001) refers to fpinit.o(x$fpl$fpinit) for _fp_init
    libinit2.o(.ARM.Collect$$libinit$$00000010) refers to libinit2.o(.ARM.Collect$$libinit$$0000000F) for .ARM.Collect$$libinit$$0000000F
    libinit2.o(.ARM.Collect$$libinit$$00000012) refers to libinit2.o(.ARM.Collect$$libinit$$0000000F) for .ARM.Collect$$libinit$$0000000F
    libinit2.o(.ARM.Collect$$libinit$$00000014) refers to libinit2.o(.ARM.Collect$$libinit$$0000000F) for .ARM.Collect$$libinit$$0000000F
    libinit2.o(.ARM.Collect$$libinit$$00000016) refers to libinit2.o(.ARM.Collect$$libinit$$0000000F) for .ARM.Collect$$libinit$$0000000F
    libinit2.o(.ARM.Collect$$libinit$$00000018) refers to libinit2.o(.ARM.Collect$$libinit$$0000000F) for .ARM.Collect$$libinit$$0000000F
    libinit2.o(.ARM.Collect$$libinit$$00000026) refers to argv_veneer.o(.emb_text) for __ARM_argv_veneer
    libinit2.o(.ARM.Collect$$libinit$$00000027) refers to argv_veneer.o(.emb_text) for __ARM_argv_veneer
    rtexit2.o(.ARM.Collect$$rtexit$$00000003) refers to libshutdown.o(.ARM.Collect$$libshutdown$$00000000) for __rt_lib_shutdown
    rtexit2.o(.ARM.Collect$$rtexit$$00000004) refers to usart.o(i._sys_exit) for _sys_exit
    rtexit2.o(.ARM.exidx) refers to rtexit2.o(.ARM.Collect$$rtexit$$00000001) for .ARM.Collect$$rtexit$$00000001
    rtexit2.o(.ARM.exidx) refers to rtexit2.o(.ARM.Collect$$rtexit$$00000003) for .ARM.Collect$$rtexit$$00000003
    rtexit2.o(.ARM.exidx) refers to rtexit2.o(.ARM.Collect$$rtexit$$00000004) for .ARM.Collect$$rtexit$$00000004
    argv_veneer.o(.emb_text) refers to no_argv.o(.text) for __ARM_get_argv
    _get_argv_nomalloc.o(.text) refers (Special) to hrguard.o(.text) for __heap_region$guard
    _get_argv_nomalloc.o(.text) refers to defsig_rtmem_outer.o(.text) for __rt_SIGRTMEM
    _get_argv_nomalloc.o(.text) refers to sys_command.o(.text) for _sys_command_string
    libshutdown.o(.ARM.Collect$$libshutdown$$00000000) refers (Special) to libshutdown2.o(.ARM.Collect$$libshutdown$$00000006) for __rt_lib_shutdown_fp_trap_1
    libshutdown.o(.ARM.Collect$$libshutdown$$00000000) refers (Special) to libshutdown2.o(.ARM.Collect$$libshutdown$$0000000E) for __rt_lib_shutdown_heap_1
    libshutdown.o(.ARM.Collect$$libshutdown$$00000000) refers (Special) to libshutdown2.o(.ARM.Collect$$libshutdown$$0000000F) for __rt_lib_shutdown_return
    libshutdown.o(.ARM.Collect$$libshutdown$$00000000) refers (Special) to libshutdown2.o(.ARM.Collect$$libshutdown$$00000009) for __rt_lib_shutdown_signal_1
    libshutdown.o(.ARM.Collect$$libshutdown$$00000000) refers (Special) to libshutdown2.o(.ARM.Collect$$libshutdown$$00000003) for __rt_lib_shutdown_stdio_1
    libshutdown.o(.ARM.Collect$$libshutdown$$00000000) refers (Special) to libshutdown2.o(.ARM.Collect$$libshutdown$$0000000B) for __rt_lib_shutdown_user_alloc_1
    sys_command.o(.text) refers (Special) to use_no_semi.o(.text) for __I$use$semihosting
    sys_command.o(.text) refers (Special) to indicate_semi.o(.text) for __semihosting_library_function
    defsig_rtmem_outer.o(.text) refers to defsig_rtmem_inner.o(.text) for __rt_SIGRTMEM_inner
    defsig_rtmem_outer.o(.text) refers to defsig_exit.o(.text) for __sig_exit
    defsig_rtmem_formal.o(.text) refers to rt_raise.o(.text) for __rt_raise
    rt_raise.o(.text) refers to __raise.o(.text) for __raise
    rt_raise.o(.text) refers to usart.o(i._sys_exit) for _sys_exit
    defsig_exit.o(.text) refers to usart.o(i._sys_exit) for _sys_exit
    defsig_rtmem_inner.o(.text) refers to defsig_general.o(.text) for __default_signal_display
    __raise.o(.text) refers to defsig.o(CL$$defsig) for __default_signal_handler
    defsig_general.o(.text) refers to sys_wrch.o(.text) for _ttywrch
    sys_wrch.o(.text) refers (Special) to use_no_semi.o(.text) for __I$use$semihosting
    sys_wrch.o(.text) refers (Special) to indicate_semi.o(.text) for __semihosting_library_function
    defsig.o(CL$$defsig) refers to defsig_rtmem_inner.o(.text) for __rt_SIGRTMEM_inner
    defsig_abrt_inner.o(.text) refers to defsig_general.o(.text) for __default_signal_display
    defsig_fpe_inner.o(.text) refers to defsig_general.o(.text) for __default_signal_display
    defsig_rtred_inner.o(.text) refers to defsig_general.o(.text) for __default_signal_display
    defsig_stak_inner.o(.text) refers to defsig_general.o(.text) for __default_signal_display
    defsig_pvfn_inner.o(.text) refers to defsig_general.o(.text) for __default_signal_display
    defsig_cppl_inner.o(.text) refers to defsig_general.o(.text) for __default_signal_display
    defsig_segv_inner.o(.text) refers to defsig_general.o(.text) for __default_signal_display
    defsig_other.o(.text) refers to defsig_general.o(.text) for __default_signal_display


==============================================================================

Removing Unused input sections from the image.

    Removing system_stm32f4xx.o(.rev16_text), (4 bytes).
    Removing system_stm32f4xx.o(.revsh_text), (4 bytes).
    Removing system_stm32f4xx.o(i.SystemCoreClockUpdate), (192 bytes).
    Removing system_stm32f4xx.o(.data), (20 bytes).
    Removing test.o(.rev16_text), (4 bytes).
    Removing test.o(.revsh_text), (4 bytes).
    Removing usart.o(.rev16_text), (4 bytes).
    Removing usart.o(.revsh_text), (4 bytes).
    Removing usart.o(i.USART1_Receive_Byte), (28 bytes).
    Removing usart.o(i.USART1_Receive_Str), (30 bytes).
    Removing usart.o(i.USART1_Send_Byte), (24 bytes).
    Removing usart.o(i.USART1_Send_Str), (22 bytes).
    Removing usart.o(i.USART2_Init), (228 bytes).
    Removing usart.o(i.USART2_Receive_Byte), (28 bytes).
    Removing usart.o(i.USART2_Send_Byte), (28 bytes).
    Removing nvic.o(.rev16_text), (4 bytes).
    Removing nvic.o(.revsh_text), (4 bytes).
    Removing nvic.o(.data), (4 bytes).
    Removing exit.o(.rev16_text), (4 bytes).
    Removing exit.o(.revsh_text), (4 bytes).
    Removing exit.o(i.EXTI0_Init), (264 bytes).
    Removing delay.o(.rev16_text), (4 bytes).
    Removing delay.o(.revsh_text), (4 bytes).
    Removing delay.o(i.SysTick1_Init), (204 bytes).
    Removing delay.o(i.delay1_ms), (60 bytes).
    Removing delay.o(i.delay_ms), (70 bytes).
    Removing beep.o(.rev16_text), (4 bytes).
    Removing beep.o(.revsh_text), (4 bytes).
    Removing beep.o(i.BEEP_Init), (96 bytes).
    Removing led.o(.rev16_text), (4 bytes).
    Removing led.o(.revsh_text), (4 bytes).
    Removing led.o(i.LED_All_OFF), (56 bytes).
    Removing led.o(i.LED_All_ON), (56 bytes).
    Removing led.o(i.LED_Flash1), (56 bytes).
    Removing led.o(i.LED_Flash2), (148 bytes).
    Removing led.o(i.LED_Flash3), (80 bytes).
    Removing led.o(i.LED_Init), (216 bytes).
    Removing led.o(i.LED_X_OFF), (84 bytes).
    Removing led.o(i.LED_X_ON), (84 bytes).
    Removing led.o(i.delay_ms), (20 bytes).
    Removing led.o(.data), (24 bytes).
    Removing key.o(.rev16_text), (4 bytes).
    Removing key.o(.revsh_text), (4 bytes).
    Removing key.o(i.KEY_Init), (84 bytes).
    Removing key.o(i.KEY_Scan), (228 bytes).
    Removing key.o(i.delay_ms), (20 bytes).
    Removing key.o(.data), (1 bytes).
    Removing iic.o(.rev16_text), (4 bytes).
    Removing iic.o(.revsh_text), (4 bytes).
    Removing iic.o(i.IIC_Init), (104 bytes).
    Removing iic.o(i.IIC_Receive_Ack), (88 bytes).
    Removing iic.o(i.IIC_Receive_Byte), (108 bytes).
    Removing iic.o(i.IIC_Send_Ack), (116 bytes).
    Removing iic.o(i.IIC_Send_Byte), (112 bytes).
    Removing iic.o(i.IIC_Start), (76 bytes).
    Removing iic.o(i.IIC_Stop), (64 bytes).
    Removing at24cxx.o(.rev16_text), (4 bytes).
    Removing at24cxx.o(.revsh_text), (4 bytes).
    Removing at24cxx.o(i.AT24CXX_Init), (8 bytes).
    Removing at24cxx.o(i.AT24CXX_Read_Addr), (44 bytes).
    Removing at24cxx.o(i.AT24CXX_Read_Byte), (134 bytes).
    Removing at24cxx.o(i.AT24CXX_Read_Bytes), (158 bytes).
    Removing at24cxx.o(i.AT24CXX_Write_Addr), (44 bytes).
    Removing at24cxx.o(i.AT24CXX_Write_Byte), (124 bytes).
    Removing at24cxx.o(i.AT24CXX_Write_Bytes), (84 bytes).
    Removing at24cxx.o(i.AT24CXX_Write_Bytes1), (146 bytes).
    Removing at24cxx.o(i.AT24CXXaddr_Read_Addr), (52 bytes).
    Removing at24cxx.o(i.AT24CXXaddr_Read_Byte), (190 bytes).
    Removing at24cxx.o(i.AT24CXXaddr_Read_Bytes), (218 bytes).
    Removing at24cxx.o(i.AT24CXXaddr_Write_Addr), (52 bytes).
    Removing at24cxx.o(i.AT24CXXaddr_Write_Byte), (176 bytes).
    Removing at24cxx.o(i.AT24CXXaddr_Write_Bytes), (96 bytes).
    Removing at24cxx.o(i.AT24CXXaddr_Write_Bytes1), (204 bytes).
    Removing lcd.o(.rev16_text), (4 bytes).
    Removing lcd.o(.revsh_text), (4 bytes).
    Removing lcd.o(i.LCD_Character16), (88 bytes).
    Removing lcd.o(i.LCD_Character24), (124 bytes).
    Removing lcd.o(i.LCD_Character32), (112 bytes).
    Removing lcd.o(i.LCD_Characters_Single32), (164 bytes).
    Removing lcd.o(i.LCD_Characters_String32), (58 bytes).
    Removing lcd.o(i.LCD_Circle1), (108 bytes).
    Removing lcd.o(i.LCD_Circle2), (86 bytes).
    Removing lcd.o(i.LCD_Clear), (94 bytes).
    Removing lcd.o(i.LCD_Clear_XY), (122 bytes).
    Removing lcd.o(i.LCD_ILI9486_CMD), (344 bytes).
    Removing lcd.o(i.LCD_ILI9486_Parameter), (600 bytes).
    Removing lcd.o(i.LCD_IO_Init), (372 bytes).
    Removing lcd.o(i.LCD_Init), (428 bytes).
    Removing lcd.o(i.LCD_Point), (82 bytes).
    Removing lcd.o(i.LCD_Show_HZ16), (324 bytes).
    Removing lcd.o(i.LCD_Show_HZ32), (360 bytes).
    Removing lcd.o(i.LCD_String16), (58 bytes).
    Removing lcd.o(i.LCD_String24), (58 bytes).
    Removing lcd.o(i.LCD_String32), (58 bytes).
    Removing font.o(.rev16_text), (4 bytes).
    Removing font.o(.revsh_text), (4 bytes).
    Removing font.o(.constdata), (12551 bytes).
    Removing spi.o(.rev16_text), (4 bytes).
    Removing spi.o(.revsh_text), (4 bytes).
    Removing spi.o(i.SPI1_Init), (260 bytes).
    Removing spi.o(i.SPI1_RS_Byte), (44 bytes).
    Removing w25q64.o(.rev16_text), (4 bytes).
    Removing w25q64.o(.revsh_text), (4 bytes).
    Removing w25q64.o(i.W25Q64_Block_Erase), (80 bytes).
    Removing w25q64.o(i.W25Q64_Blocks_Erase), (28 bytes).
    Removing w25q64.o(i.W25Q64_Chip_Erase), (56 bytes).
    Removing w25q64.o(i.W25Q64_Init), (100 bytes).
    Removing w25q64.o(i.W25Q64_Page_Write), (104 bytes).
    Removing w25q64.o(i.W25Q64_Read_Bytes), (84 bytes).
    Removing w25q64.o(i.W25Q64_Read_Status), (48 bytes).
    Removing w25q64.o(i.W25Q64_Sector_Erase), (80 bytes).
    Removing w25q64.o(i.W25Q64_Write_Enable), (40 bytes).
    Removing touch.o(.rev16_text), (4 bytes).
    Removing touch.o(.revsh_text), (4 bytes).

114 unused section(s) (total 22096 bytes) removed from the image.

==============================================================================

Image Symbol Table

    Local Symbols

    Symbol Name                              Value     Ov Type        Size  Object(Section)

    ../clib/angel/boardlib.s                 0x00000000   Number         0  boardinit2.o ABSOLUTE
    ../clib/angel/boardlib.s                 0x00000000   Number         0  boardinit3.o ABSOLUTE
    ../clib/angel/boardlib.s                 0x00000000   Number         0  boardinit1.o ABSOLUTE
    ../clib/angel/boardlib.s                 0x00000000   Number         0  boardshut.o ABSOLUTE
    ../clib/angel/handlers.s                 0x00000000   Number         0  __scatter_zi.o ABSOLUTE
    ../clib/angel/handlers.s                 0x00000000   Number         0  __scatter_copy.o ABSOLUTE
    ../clib/angel/kernel.s                   0x00000000   Number         0  rtexit.o ABSOLUTE
    ../clib/angel/kernel.s                   0x00000000   Number         0  __rtentry4.o ABSOLUTE
    ../clib/angel/kernel.s                   0x00000000   Number         0  __rtentry.o ABSOLUTE
    ../clib/angel/kernel.s                   0x00000000   Number         0  rtexit2.o ABSOLUTE
    ../clib/angel/kernel.s                   0x00000000   Number         0  __rtentry2.o ABSOLUTE
    ../clib/angel/rt.s                       0x00000000   Number         0  rt_raise.o ABSOLUTE
    ../clib/angel/scatter.s                  0x00000000   Number         0  __scatter.o ABSOLUTE
    ../clib/angel/startup.s                  0x00000000   Number         0  __main.o ABSOLUTE
    ../clib/angel/sys.s                      0x00000000   Number         0  indicate_semi.o ABSOLUTE
    ../clib/angel/sys.s                      0x00000000   Number         0  use_no_semi.o ABSOLUTE
    ../clib/angel/sys.s                      0x00000000   Number         0  use_no_semi_2.o ABSOLUTE
    ../clib/angel/sys.s                      0x00000000   Number         0  sys_stackheap_outer.o ABSOLUTE
    ../clib/angel/sys.s                      0x00000000   Number         0  libspace.o ABSOLUTE
    ../clib/angel/sysapp.c                   0x00000000   Number         0  sys_wrch.o ABSOLUTE
    ../clib/angel/sysapp.c                   0x00000000   Number         0  sys_command.o ABSOLUTE
    ../clib/armsys.c                         0x00000000   Number         0  argv_veneer.o ABSOLUTE
    ../clib/armsys.c                         0x00000000   Number         0  argv_veneer.o ABSOLUTE
    ../clib/armsys.c                         0x00000000   Number         0  _get_argv_nomalloc.o ABSOLUTE
    ../clib/armsys.c                         0x00000000   Number         0  no_argv.o ABSOLUTE
    ../clib/heapalloc.c                      0x00000000   Number         0  hrguard.o ABSOLUTE
    ../clib/heapaux.c                        0x00000000   Number         0  heapauxi.o ABSOLUTE
    ../clib/libinit.s                        0x00000000   Number         0  libshutdown2.o ABSOLUTE
    ../clib/libinit.s                        0x00000000   Number         0  libinit.o ABSOLUTE
    ../clib/libinit.s                        0x00000000   Number         0  libshutdown.o ABSOLUTE
    ../clib/libinit.s                        0x00000000   Number         0  libinit2.o ABSOLUTE
    ../clib/misc.s                           0x00000000   Number         0  printf_stubs.o ABSOLUTE
    ../clib/printf.c                         0x00000000   Number         0  __printf_flags.o ABSOLUTE
    ../clib/printf.c                         0x00000000   Number         0  _printf_char_file.o ABSOLUTE
    ../clib/printf.c                         0x00000000   Number         0  _printf_intcommon.o ABSOLUTE
    ../clib/printf.c                         0x00000000   Number         0  __printf_ss.o ABSOLUTE
    ../clib/printf.c                         0x00000000   Number         0  __printf_flags_ss.o ABSOLUTE
    ../clib/printf.c                         0x00000000   Number         0  __printf_wp.o ABSOLUTE
    ../clib/printf.c                         0x00000000   Number         0  noretval__2printf.o ABSOLUTE
    ../clib/printf.c                         0x00000000   Number         0  __printf_ss_wp.o ABSOLUTE
    ../clib/printf.c                         0x00000000   Number         0  __printf_flags_ss_wp.o ABSOLUTE
    ../clib/printf.c                         0x00000000   Number         0  _printf_char_common.o ABSOLUTE
    ../clib/printf.c                         0x00000000   Number         0  __2printf.o ABSOLUTE
    ../clib/printf.c                         0x00000000   Number         0  __printf_nopercent.o ABSOLUTE
    ../clib/printf.c                         0x00000000   Number         0  _printf_pad.o ABSOLUTE
    ../clib/printf.c                         0x00000000   Number         0  __printf.o ABSOLUTE
    ../clib/printf.c                         0x00000000   Number         0  _printf_dec.o ABSOLUTE
    ../clib/printf.c                         0x00000000   Number         0  __printf_flags_wp.o ABSOLUTE
    ../clib/printf_percent.s                 0x00000000   Number         0  _printf_d.o ABSOLUTE
    ../clib/printf_percent.s                 0x00000000   Number         0  _printf_percent.o ABSOLUTE
    ../clib/printf_percent.s                 0x00000000   Number         0  _printf_percent_end.o ABSOLUTE
    ../clib/signal.c                         0x00000000   Number         0  defsig_segv_inner.o ABSOLUTE
    ../clib/signal.c                         0x00000000   Number         0  defsig_cppl_inner.o ABSOLUTE
    ../clib/signal.c                         0x00000000   Number         0  defsig_stak_inner.o ABSOLUTE
    ../clib/signal.c                         0x00000000   Number         0  defsig_rtred_inner.o ABSOLUTE
    ../clib/signal.c                         0x00000000   Number         0  defsig_fpe_inner.o ABSOLUTE
    ../clib/signal.c                         0x00000000   Number         0  defsig_abrt_inner.o ABSOLUTE
    ../clib/signal.c                         0x00000000   Number         0  defsig_general.o ABSOLUTE
    ../clib/signal.c                         0x00000000   Number         0  __raise.o ABSOLUTE
    ../clib/signal.c                         0x00000000   Number         0  defsig_rtmem_inner.o ABSOLUTE
    ../clib/signal.c                         0x00000000   Number         0  defsig_exit.o ABSOLUTE
    ../clib/signal.c                         0x00000000   Number         0  defsig_rtmem_formal.o ABSOLUTE
    ../clib/signal.c                         0x00000000   Number         0  defsig_rtmem_outer.o ABSOLUTE
    ../clib/signal.c                         0x00000000   Number         0  defsig_pvfn_inner.o ABSOLUTE
    ../clib/signal.c                         0x00000000   Number         0  defsig_other.o ABSOLUTE
    ../clib/signal.s                         0x00000000   Number         0  defsig.o ABSOLUTE
    ../clib/stdio.c                          0x00000000   Number         0  ferror_locked.o ABSOLUTE
    ../clib/stdio.c                          0x00000000   Number         0  ferror.o ABSOLUTE
    ../clib/stdlib.c                         0x00000000   Number         0  exit.o ABSOLUTE
    ../fplib/fpinit.s                        0x00000000   Number         0  fpinit.o ABSOLUTE
    ..\HARDWARE\src\at24cxx.c                0x00000000   Number         0  at24cxx.o ABSOLUTE
    ..\HARDWARE\src\beep.c                   0x00000000   Number         0  beep.o ABSOLUTE
    ..\HARDWARE\src\font.c                   0x00000000   Number         0  font.o ABSOLUTE
    ..\HARDWARE\src\iic.c                    0x00000000   Number         0  iic.o ABSOLUTE
    ..\HARDWARE\src\key.c                    0x00000000   Number         0  key.o ABSOLUTE
    ..\HARDWARE\src\lcd.c                    0x00000000   Number         0  lcd.o ABSOLUTE
    ..\HARDWARE\src\led.c                    0x00000000   Number         0  led.o ABSOLUTE
    ..\HARDWARE\src\spi.c                    0x00000000   Number         0  spi.o ABSOLUTE
    ..\HARDWARE\src\touch.c                  0x00000000   Number         0  touch.o ABSOLUTE
    ..\HARDWARE\src\w25q64.c                 0x00000000   Number         0  w25q64.o ABSOLUTE
    ..\SYSTEM\delay\delay.c                  0x00000000   Number         0  delay.o ABSOLUTE
    ..\SYSTEM\exti\exit.c                    0x00000000   Number         0  exit.o ABSOLUTE
    ..\SYSTEM\nvic\nvic.c                    0x00000000   Number         0  nvic.o ABSOLUTE
    ..\SYSTEM\sys\system_stm32f4xx.c         0x00000000   Number         0  system_stm32f4xx.o ABSOLUTE
    ..\SYSTEM\usart\usart.c                  0x00000000   Number         0  usart.o ABSOLUTE
    ..\\HARDWARE\\src\\at24cxx.c             0x00000000   Number         0  at24cxx.o ABSOLUTE
    ..\\HARDWARE\\src\\beep.c                0x00000000   Number         0  beep.o ABSOLUTE
    ..\\HARDWARE\\src\\font.c                0x00000000   Number         0  font.o ABSOLUTE
    ..\\HARDWARE\\src\\iic.c                 0x00000000   Number         0  iic.o ABSOLUTE
    ..\\HARDWARE\\src\\key.c                 0x00000000   Number         0  key.o ABSOLUTE
    ..\\HARDWARE\\src\\lcd.c                 0x00000000   Number         0  lcd.o ABSOLUTE
    ..\\HARDWARE\\src\\led.c                 0x00000000   Number         0  led.o ABSOLUTE
    ..\\HARDWARE\\src\\spi.c                 0x00000000   Number         0  spi.o ABSOLUTE
    ..\\HARDWARE\\src\\touch.c               0x00000000   Number         0  touch.o ABSOLUTE
    ..\\HARDWARE\\src\\w25q64.c              0x00000000   Number         0  w25q64.o ABSOLUTE
    ..\\SYSTEM\\delay\\delay.c               0x00000000   Number         0  delay.o ABSOLUTE
    ..\\SYSTEM\\exti\\exit.c                 0x00000000   Number         0  exit.o ABSOLUTE
    ..\\SYSTEM\\nvic\\nvic.c                 0x00000000   Number         0  nvic.o ABSOLUTE
    ..\\SYSTEM\\sys\\system_stm32f4xx.c      0x00000000   Number         0  system_stm32f4xx.o ABSOLUTE
    ..\\SYSTEM\\usart\\usart.c               0x00000000   Number         0  usart.o ABSOLUTE
    dc.s                                     0x00000000   Number         0  dc.o ABSOLUTE
    startup_stm32f40_41xxx.s                 0x00000000   Number         0  startup_stm32f40_41xxx.o ABSOLUTE
    test.c                                   0x00000000   Number         0  test.o ABSOLUTE
    test.c                                   0x00000000   Number         0  test.o ABSOLUTE
    RESET                                    0x08000000   Section      392  startup_stm32f40_41xxx.o(RESET)
    !!!main                                  0x08000188   Section        8  __main.o(!!!main)
    !!!scatter                               0x08000190   Section       52  __scatter.o(!!!scatter)
    !!handler_copy                           0x080001c4   Section       26  __scatter_copy.o(!!handler_copy)
    !!handler_zi                             0x080001e0   Section       28  __scatter_zi.o(!!handler_zi)
    .ARM.Collect$$_printf_percent$$00000000  0x080001fc   Section        0  _printf_percent.o(.ARM.Collect$$_printf_percent$$00000000)
    .ARM.Collect$$_printf_percent$$00000009  0x080001fc   Section        6  _printf_d.o(.ARM.Collect$$_printf_percent$$00000009)
    .ARM.Collect$$_printf_percent$$00000017  0x08000202   Section        4  _printf_percent_end.o(.ARM.Collect$$_printf_percent$$00000017)
    .ARM.Collect$$libinit$$00000000          0x08000206   Section        2  libinit.o(.ARM.Collect$$libinit$$00000000)
    .ARM.Collect$$libinit$$00000001          0x08000208   Section        4  libinit2.o(.ARM.Collect$$libinit$$00000001)
    .ARM.Collect$$libinit$$00000004          0x0800020c   Section        0  libinit2.o(.ARM.Collect$$libinit$$00000004)
    .ARM.Collect$$libinit$$0000000A          0x0800020c   Section        0  libinit2.o(.ARM.Collect$$libinit$$0000000A)
    .ARM.Collect$$libinit$$0000000C          0x0800020c   Section        0  libinit2.o(.ARM.Collect$$libinit$$0000000C)
    .ARM.Collect$$libinit$$0000000E          0x0800020c   Section        0  libinit2.o(.ARM.Collect$$libinit$$0000000E)
    .ARM.Collect$$libinit$$00000011          0x0800020c   Section        0  libinit2.o(.ARM.Collect$$libinit$$00000011)
    .ARM.Collect$$libinit$$00000013          0x0800020c   Section        0  libinit2.o(.ARM.Collect$$libinit$$00000013)
    .ARM.Collect$$libinit$$00000015          0x0800020c   Section        0  libinit2.o(.ARM.Collect$$libinit$$00000015)
    .ARM.Collect$$libinit$$00000017          0x0800020c   Section        0  libinit2.o(.ARM.Collect$$libinit$$00000017)
    .ARM.Collect$$libinit$$00000019          0x0800020c   Section        0  libinit2.o(.ARM.Collect$$libinit$$00000019)
    .ARM.Collect$$libinit$$0000001B          0x0800020c   Section        0  libinit2.o(.ARM.Collect$$libinit$$0000001B)
    .ARM.Collect$$libinit$$0000001D          0x0800020c   Section        0  libinit2.o(.ARM.Collect$$libinit$$0000001D)
    .ARM.Collect$$libinit$$0000001F          0x0800020c   Section        0  libinit2.o(.ARM.Collect$$libinit$$0000001F)
    .ARM.Collect$$libinit$$00000021          0x0800020c   Section        0  libinit2.o(.ARM.Collect$$libinit$$00000021)
    .ARM.Collect$$libinit$$00000023          0x0800020c   Section        0  libinit2.o(.ARM.Collect$$libinit$$00000023)
    .ARM.Collect$$libinit$$00000025          0x0800020c   Section        0  libinit2.o(.ARM.Collect$$libinit$$00000025)
    .ARM.Collect$$libinit$$0000002C          0x0800020c   Section        0  libinit2.o(.ARM.Collect$$libinit$$0000002C)
    .ARM.Collect$$libinit$$0000002E          0x0800020c   Section        0  libinit2.o(.ARM.Collect$$libinit$$0000002E)
    .ARM.Collect$$libinit$$00000030          0x0800020c   Section        0  libinit2.o(.ARM.Collect$$libinit$$00000030)
    .ARM.Collect$$libinit$$00000032          0x0800020c   Section        0  libinit2.o(.ARM.Collect$$libinit$$00000032)
    .ARM.Collect$$libinit$$00000033          0x0800020c   Section        2  libinit2.o(.ARM.Collect$$libinit$$00000033)
    .ARM.Collect$$libshutdown$$00000000      0x0800020e   Section        2  libshutdown.o(.ARM.Collect$$libshutdown$$00000000)
    .ARM.Collect$$libshutdown$$00000003      0x08000210   Section        0  libshutdown2.o(.ARM.Collect$$libshutdown$$00000003)
    .ARM.Collect$$libshutdown$$00000006      0x08000210   Section        0  libshutdown2.o(.ARM.Collect$$libshutdown$$00000006)
    .ARM.Collect$$libshutdown$$00000009      0x08000210   Section        0  libshutdown2.o(.ARM.Collect$$libshutdown$$00000009)
    .ARM.Collect$$libshutdown$$0000000B      0x08000210   Section        0  libshutdown2.o(.ARM.Collect$$libshutdown$$0000000B)
    .ARM.Collect$$libshutdown$$0000000E      0x08000210   Section        0  libshutdown2.o(.ARM.Collect$$libshutdown$$0000000E)
    .ARM.Collect$$libshutdown$$0000000F      0x08000210   Section        2  libshutdown2.o(.ARM.Collect$$libshutdown$$0000000F)
    .ARM.Collect$$rtentry$$00000000          0x08000212   Section        0  __rtentry.o(.ARM.Collect$$rtentry$$00000000)
    .ARM.Collect$$rtentry$$00000002          0x08000212   Section        0  __rtentry2.o(.ARM.Collect$$rtentry$$00000002)
    .ARM.Collect$$rtentry$$00000004          0x08000212   Section        6  __rtentry4.o(.ARM.Collect$$rtentry$$00000004)
    .ARM.Collect$$rtentry$$00000009          0x08000218   Section        0  __rtentry2.o(.ARM.Collect$$rtentry$$00000009)
    .ARM.Collect$$rtentry$$0000000A          0x08000218   Section        4  __rtentry2.o(.ARM.Collect$$rtentry$$0000000A)
    .ARM.Collect$$rtentry$$0000000C          0x0800021c   Section        0  __rtentry2.o(.ARM.Collect$$rtentry$$0000000C)
    .ARM.Collect$$rtentry$$0000000D          0x0800021c   Section        8  __rtentry2.o(.ARM.Collect$$rtentry$$0000000D)
    .ARM.Collect$$rtexit$$00000000           0x08000224   Section        2  rtexit.o(.ARM.Collect$$rtexit$$00000000)
    .ARM.Collect$$rtexit$$00000002           0x08000226   Section        0  rtexit2.o(.ARM.Collect$$rtexit$$00000002)
    .ARM.Collect$$rtexit$$00000003           0x08000226   Section        4  rtexit2.o(.ARM.Collect$$rtexit$$00000003)
    .ARM.Collect$$rtexit$$00000004           0x0800022a   Section        6  rtexit2.o(.ARM.Collect$$rtexit$$00000004)
    .text                                    0x08000230   Section       64  startup_stm32f40_41xxx.o(.text)
    $v0                                      0x08000230   Number         0  startup_stm32f40_41xxx.o(.text)
    .text                                    0x08000270   Section        2  use_no_semi_2.o(.text)
    .text                                    0x08000274   Section        0  noretval__2printf.o(.text)
    .text                                    0x0800028c   Section        0  _printf_pad.o(.text)
    .text                                    0x080002dc   Section        0  _printf_dec.o(.text)
    .text                                    0x08000354   Section        0  __printf_wp.o(.text)
    .text                                    0x08000462   Section        0  heapauxi.o(.text)
    .text                                    0x08000468   Section        2  use_no_semi.o(.text)
    .text                                    0x0800046a   Section        0  _printf_intcommon.o(.text)
    .text                                    0x0800051c   Section        0  _printf_char_file.o(.text)
    .text                                    0x08000540   Section        0  _printf_char_common.o(.text)
    _printf_input_char                       0x08000541   Thumb Code    10  _printf_char_common.o(.text)
    .text                                    0x08000570   Section        0  ferror.o(.text)
    .text                                    0x08000578   Section       74  sys_stackheap_outer.o(.text)
    .text                                    0x080005c2   Section        0  exit.o(.text)
    .text                                    0x080005d0   Section        8  libspace.o(.text)
    i.EXTI0_IRQHandler                       0x080005d8   Section        0  nvic.o(i.EXTI0_IRQHandler)
    i.NVIC_EnableIRQ                         0x08000640   Section        0  usart.o(i.NVIC_EnableIRQ)
    NVIC_EnableIRQ                           0x08000641   Thumb Code    22  usart.o(i.NVIC_EnableIRQ)
    i.NVIC_EncodePriority                    0x08000656   Section        0  usart.o(i.NVIC_EncodePriority)
    NVIC_EncodePriority                      0x08000657   Thumb Code    64  usart.o(i.NVIC_EncodePriority)
    i.NVIC_SetPriority                       0x08000698   Section        0  usart.o(i.NVIC_SetPriority)
    NVIC_SetPriority                         0x08000699   Thumb Code    32  usart.o(i.NVIC_SetPriority)
    i.SetSysClock                            0x080006c0   Section        0  system_stm32f4xx.o(i.SetSysClock)
    SetSysClock                              0x080006c1   Thumb Code   220  system_stm32f4xx.o(i.SetSysClock)
    i.SysTick_Handler                        0x080007ac   Section        0  nvic.o(i.SysTick_Handler)
    i.SysTick_Init                           0x080007d4   Section        0  delay.o(i.SysTick_Init)
    i.SystemInit                             0x080007e8   Section        0  system_stm32f4xx.o(i.SystemInit)
    i.Touch_Data                             0x08000850   Section        0  touch.o(i.Touch_Data)
    i.Touch_Init                             0x08000968   Section        0  touch.o(i.Touch_Init)
    i.USART1_IRQHandler                      0x08000a84   Section        0  nvic.o(i.USART1_IRQHandler)
    i.USART1_Init                            0x08000ad0   Section        0  usart.o(i.USART1_Init)
    i.USART2_IRQHandler                      0x08000bb8   Section        0  nvic.o(i.USART2_IRQHandler)
    i._is_digit                              0x08000be0   Section        0  __printf_wp.o(i._is_digit)
    i._sys_exit                              0x08000bee   Section        0  usart.o(i._sys_exit)
    i.delay_200ns                            0x08000bf4   Section        0  touch.o(i.delay_200ns)
    delay_200ns                              0x08000bf5   Thumb Code    14  touch.o(i.delay_200ns)
    i.delay_ms                               0x08000c02   Section        0  nvic.o(i.delay_ms)
    delay_ms                                 0x08000c03   Thumb Code    20  nvic.o(i.delay_ms)
    i.delay_us                               0x08000c16   Section        0  delay.o(i.delay_us)
    i.fputc                                  0x08000c54   Section        0  usart.o(i.fputc)
    i.main                                   0x08000c70   Section        0  test.o(i.main)
    x$fpl$fpinit                             0x08000cc0   Section       10  fpinit.o(x$fpl$fpinit)
    $v0                                      0x08000cc0   Number         0  fpinit.o(x$fpl$fpinit)
    .data                                    0x20000000   Section        2  test.o(.data)
    .data                                    0x20000004   Section        4  usart.o(.data)
    .bss                                     0x20000008   Section       96  libspace.o(.bss)
    HEAP                                     0x20000068   Section      512  startup_stm32f40_41xxx.o(HEAP)
    Heap_Mem                                 0x20000068   Data         512  startup_stm32f40_41xxx.o(HEAP)
    STACK                                    0x20000268   Section     1024  startup_stm32f40_41xxx.o(STACK)
    Stack_Mem                                0x20000268   Data        1024  startup_stm32f40_41xxx.o(STACK)
    __initial_sp                             0x20000668   Data           0  startup_stm32f40_41xxx.o(STACK)

    Global Symbols

    Symbol Name                              Value     Ov Type        Size  Object(Section)

    BuildAttributes$$THM_ISAv4$E$P$D$K$B$S$7EM$VFPi3$EXTD16$VFPS$VFMA$PE$A:L22UL41UL21$X:L11$S22US41US21$IEEE1$IW$USESV6$~STKCKD$USESV7$~SHL$OSPACE$ROPI$EBA8$UX$STANDARDLIB$REQ8$PRES8$EABIv2 0x00000000   Number         0  anon$$obj.o ABSOLUTE
    __ARM_use_no_argv                        0x00000000   Number         0  test.o ABSOLUTE
    _printf_flags                            0x00000000   Number         0  printf_stubs.o ABSOLUTE
    _printf_return_value                     0x00000000   Number         0  printf_stubs.o ABSOLUTE
    _printf_sizespec                         0x00000000   Number         0  printf_stubs.o ABSOLUTE
    _printf_widthprec                        0x00000000   Number         0  printf_stubs.o ABSOLUTE
    __ARM_exceptions_init                     - Undefined Weak Reference
    __alloca_initialize                       - Undefined Weak Reference
    __arm_preinit_                            - Undefined Weak Reference
    __cpp_initialize__aeabi_                  - Undefined Weak Reference
    __cxa_finalize                            - Undefined Weak Reference
    __rt_locale                               - Undefined Weak Reference
    __sigvec_lookup                           - Undefined Weak Reference
    _atexit_init                              - Undefined Weak Reference
    _call_atexit_fns                          - Undefined Weak Reference
    _clock_init                               - Undefined Weak Reference
    _fp_trap_init                             - Undefined Weak Reference
    _fp_trap_shutdown                         - Undefined Weak Reference
    _get_lc_collate                           - Undefined Weak Reference
    _get_lc_ctype                             - Undefined Weak Reference
    _get_lc_monetary                          - Undefined Weak Reference
    _get_lc_numeric                           - Undefined Weak Reference
    _get_lc_time                              - Undefined Weak Reference
    _getenv_init                              - Undefined Weak Reference
    _handle_redirection                       - Undefined Weak Reference
    _init_alloc                               - Undefined Weak Reference
    _init_user_alloc                          - Undefined Weak Reference
    _initio                                   - Undefined Weak Reference
    _mutex_acquire                            - Undefined Weak Reference
    _mutex_release                            - Undefined Weak Reference
    _printf_truncate_signed                   - Undefined Weak Reference
    _printf_truncate_unsigned                 - Undefined Weak Reference
    _rand_init                                - Undefined Weak Reference
    _signal_finish                            - Undefined Weak Reference
    _signal_init                              - Undefined Weak Reference
    _terminate_alloc                          - Undefined Weak Reference
    _terminate_user_alloc                     - Undefined Weak Reference
    _terminateio                              - Undefined Weak Reference
    __Vectors_Size                           0x00000188   Number         0  startup_stm32f40_41xxx.o ABSOLUTE
    __Vectors                                0x08000000   Data           4  startup_stm32f40_41xxx.o(RESET)
    __Vectors_End                            0x08000188   Data           0  startup_stm32f40_41xxx.o(RESET)
    __main                                   0x08000189   Thumb Code     8  __main.o(!!!main)
    __scatterload                            0x08000191   Thumb Code     0  __scatter.o(!!!scatter)
    __scatterload_rt2                        0x08000191   Thumb Code    44  __scatter.o(!!!scatter)
    __scatterload_rt2_thumb_only             0x08000191   Thumb Code     0  __scatter.o(!!!scatter)
    __scatterload_null                       0x0800019f   Thumb Code     0  __scatter.o(!!!scatter)
    __scatterload_copy                       0x080001c5   Thumb Code    26  __scatter_copy.o(!!handler_copy)
    __scatterload_zeroinit                   0x080001e1   Thumb Code    28  __scatter_zi.o(!!handler_zi)
    _printf_d                                0x080001fd   Thumb Code     0  _printf_d.o(.ARM.Collect$$_printf_percent$$00000009)
    _printf_percent                          0x080001fd   Thumb Code     0  _printf_percent.o(.ARM.Collect$$_printf_percent$$00000000)
    _printf_percent_end                      0x08000203   Thumb Code     0  _printf_percent_end.o(.ARM.Collect$$_printf_percent$$00000017)
    __rt_lib_init                            0x08000207   Thumb Code     0  libinit.o(.ARM.Collect$$libinit$$00000000)
    __rt_lib_init_fp_1                       0x08000209   Thumb Code     0  libinit2.o(.ARM.Collect$$libinit$$00000001)
    __rt_lib_init_alloca_1                   0x0800020d   Thumb Code     0  libinit2.o(.ARM.Collect$$libinit$$0000002E)
    __rt_lib_init_argv_1                     0x0800020d   Thumb Code     0  libinit2.o(.ARM.Collect$$libinit$$0000002C)
    __rt_lib_init_atexit_1                   0x0800020d   Thumb Code     0  libinit2.o(.ARM.Collect$$libinit$$0000001B)
    __rt_lib_init_clock_1                    0x0800020d   Thumb Code     0  libinit2.o(.ARM.Collect$$libinit$$00000021)
    __rt_lib_init_cpp_1                      0x0800020d   Thumb Code     0  libinit2.o(.ARM.Collect$$libinit$$00000032)
    __rt_lib_init_exceptions_1               0x0800020d   Thumb Code     0  libinit2.o(.ARM.Collect$$libinit$$00000030)
    __rt_lib_init_fp_trap_1                  0x0800020d   Thumb Code     0  libinit2.o(.ARM.Collect$$libinit$$0000001F)
    __rt_lib_init_getenv_1                   0x0800020d   Thumb Code     0  libinit2.o(.ARM.Collect$$libinit$$00000023)
    __rt_lib_init_heap_1                     0x0800020d   Thumb Code     0  libinit2.o(.ARM.Collect$$libinit$$0000000A)
    __rt_lib_init_lc_collate_1               0x0800020d   Thumb Code     0  libinit2.o(.ARM.Collect$$libinit$$00000011)
    __rt_lib_init_lc_ctype_1                 0x0800020d   Thumb Code     0  libinit2.o(.ARM.Collect$$libinit$$00000013)
    __rt_lib_init_lc_monetary_1              0x0800020d   Thumb Code     0  libinit2.o(.ARM.Collect$$libinit$$00000015)
    __rt_lib_init_lc_numeric_1               0x0800020d   Thumb Code     0  libinit2.o(.ARM.Collect$$libinit$$00000017)
    __rt_lib_init_lc_time_1                  0x0800020d   Thumb Code     0  libinit2.o(.ARM.Collect$$libinit$$00000019)
    __rt_lib_init_preinit_1                  0x0800020d   Thumb Code     0  libinit2.o(.ARM.Collect$$libinit$$00000004)
    __rt_lib_init_rand_1                     0x0800020d   Thumb Code     0  libinit2.o(.ARM.Collect$$libinit$$0000000E)
    __rt_lib_init_return                     0x0800020d   Thumb Code     0  libinit2.o(.ARM.Collect$$libinit$$00000033)
    __rt_lib_init_signal_1                   0x0800020d   Thumb Code     0  libinit2.o(.ARM.Collect$$libinit$$0000001D)
    __rt_lib_init_stdio_1                    0x0800020d   Thumb Code     0  libinit2.o(.ARM.Collect$$libinit$$00000025)
    __rt_lib_init_user_alloc_1               0x0800020d   Thumb Code     0  libinit2.o(.ARM.Collect$$libinit$$0000000C)
    __rt_lib_shutdown                        0x0800020f   Thumb Code     0  libshutdown.o(.ARM.Collect$$libshutdown$$00000000)
    __rt_lib_shutdown_fp_trap_1              0x08000211   Thumb Code     0  libshutdown2.o(.ARM.Collect$$libshutdown$$00000006)
    __rt_lib_shutdown_heap_1                 0x08000211   Thumb Code     0  libshutdown2.o(.ARM.Collect$$libshutdown$$0000000E)
    __rt_lib_shutdown_return                 0x08000211   Thumb Code     0  libshutdown2.o(.ARM.Collect$$libshutdown$$0000000F)
    __rt_lib_shutdown_signal_1               0x08000211   Thumb Code     0  libshutdown2.o(.ARM.Collect$$libshutdown$$00000009)
    __rt_lib_shutdown_stdio_1                0x08000211   Thumb Code     0  libshutdown2.o(.ARM.Collect$$libshutdown$$00000003)
    __rt_lib_shutdown_user_alloc_1           0x08000211   Thumb Code     0  libshutdown2.o(.ARM.Collect$$libshutdown$$0000000B)
    __rt_entry                               0x08000213   Thumb Code     0  __rtentry.o(.ARM.Collect$$rtentry$$00000000)
    __rt_entry_presh_1                       0x08000213   Thumb Code     0  __rtentry2.o(.ARM.Collect$$rtentry$$00000002)
    __rt_entry_sh                            0x08000213   Thumb Code     0  __rtentry4.o(.ARM.Collect$$rtentry$$00000004)
    __rt_entry_li                            0x08000219   Thumb Code     0  __rtentry2.o(.ARM.Collect$$rtentry$$0000000A)
    __rt_entry_postsh_1                      0x08000219   Thumb Code     0  __rtentry2.o(.ARM.Collect$$rtentry$$00000009)
    __rt_entry_main                          0x0800021d   Thumb Code     0  __rtentry2.o(.ARM.Collect$$rtentry$$0000000D)
    __rt_entry_postli_1                      0x0800021d   Thumb Code     0  __rtentry2.o(.ARM.Collect$$rtentry$$0000000C)
    __rt_exit                                0x08000225   Thumb Code     0  rtexit.o(.ARM.Collect$$rtexit$$00000000)
    __rt_exit_ls                             0x08000227   Thumb Code     0  rtexit2.o(.ARM.Collect$$rtexit$$00000003)
    __rt_exit_prels_1                        0x08000227   Thumb Code     0  rtexit2.o(.ARM.Collect$$rtexit$$00000002)
    __rt_exit_exit                           0x0800022b   Thumb Code     0  rtexit2.o(.ARM.Collect$$rtexit$$00000004)
    Reset_Handler                            0x08000231   Thumb Code     8  startup_stm32f40_41xxx.o(.text)
    NMI_Handler                              0x08000239   Thumb Code     2  startup_stm32f40_41xxx.o(.text)
    HardFault_Handler                        0x0800023b   Thumb Code     2  startup_stm32f40_41xxx.o(.text)
    MemManage_Handler                        0x0800023d   Thumb Code     2  startup_stm32f40_41xxx.o(.text)
    BusFault_Handler                         0x0800023f   Thumb Code     2  startup_stm32f40_41xxx.o(.text)
    UsageFault_Handler                       0x08000241   Thumb Code     2  startup_stm32f40_41xxx.o(.text)
    SVC_Handler                              0x08000243   Thumb Code     2  startup_stm32f40_41xxx.o(.text)
    DebugMon_Handler                         0x08000245   Thumb Code     2  startup_stm32f40_41xxx.o(.text)
    PendSV_Handler                           0x08000247   Thumb Code     2  startup_stm32f40_41xxx.o(.text)
    ADC_IRQHandler                           0x0800024b   Thumb Code     0  startup_stm32f40_41xxx.o(.text)
    CAN1_RX0_IRQHandler                      0x0800024b   Thumb Code     0  startup_stm32f40_41xxx.o(.text)
    CAN1_RX1_IRQHandler                      0x0800024b   Thumb Code     0  startup_stm32f40_41xxx.o(.text)
    CAN1_SCE_IRQHandler                      0x0800024b   Thumb Code     0  startup_stm32f40_41xxx.o(.text)
    CAN1_TX_IRQHandler                       0x0800024b   Thumb Code     0  startup_stm32f40_41xxx.o(.text)
    CAN2_RX0_IRQHandler                      0x0800024b   Thumb Code     0  startup_stm32f40_41xxx.o(.text)
    CAN2_RX1_IRQHandler                      0x0800024b   Thumb Code     0  startup_stm32f40_41xxx.o(.text)
    CAN2_SCE_IRQHandler                      0x0800024b   Thumb Code     0  startup_stm32f40_41xxx.o(.text)
    CAN2_TX_IRQHandler                       0x0800024b   Thumb Code     0  startup_stm32f40_41xxx.o(.text)
    CRYP_IRQHandler                          0x0800024b   Thumb Code     0  startup_stm32f40_41xxx.o(.text)
    DCMI_IRQHandler                          0x0800024b   Thumb Code     0  startup_stm32f40_41xxx.o(.text)
    DMA1_Stream0_IRQHandler                  0x0800024b   Thumb Code     0  startup_stm32f40_41xxx.o(.text)
    DMA1_Stream1_IRQHandler                  0x0800024b   Thumb Code     0  startup_stm32f40_41xxx.o(.text)
    DMA1_Stream2_IRQHandler                  0x0800024b   Thumb Code     0  startup_stm32f40_41xxx.o(.text)
    DMA1_Stream3_IRQHandler                  0x0800024b   Thumb Code     0  startup_stm32f40_41xxx.o(.text)
    DMA1_Stream4_IRQHandler                  0x0800024b   Thumb Code     0  startup_stm32f40_41xxx.o(.text)
    DMA1_Stream5_IRQHandler                  0x0800024b   Thumb Code     0  startup_stm32f40_41xxx.o(.text)
    DMA1_Stream6_IRQHandler                  0x0800024b   Thumb Code     0  startup_stm32f40_41xxx.o(.text)
    DMA1_Stream7_IRQHandler                  0x0800024b   Thumb Code     0  startup_stm32f40_41xxx.o(.text)
    DMA2_Stream0_IRQHandler                  0x0800024b   Thumb Code     0  startup_stm32f40_41xxx.o(.text)
    DMA2_Stream1_IRQHandler                  0x0800024b   Thumb Code     0  startup_stm32f40_41xxx.o(.text)
    DMA2_Stream2_IRQHandler                  0x0800024b   Thumb Code     0  startup_stm32f40_41xxx.o(.text)
    DMA2_Stream3_IRQHandler                  0x0800024b   Thumb Code     0  startup_stm32f40_41xxx.o(.text)
    DMA2_Stream4_IRQHandler                  0x0800024b   Thumb Code     0  startup_stm32f40_41xxx.o(.text)
    DMA2_Stream5_IRQHandler                  0x0800024b   Thumb Code     0  startup_stm32f40_41xxx.o(.text)
    DMA2_Stream6_IRQHandler                  0x0800024b   Thumb Code     0  startup_stm32f40_41xxx.o(.text)
    DMA2_Stream7_IRQHandler                  0x0800024b   Thumb Code     0  startup_stm32f40_41xxx.o(.text)
    ETH_IRQHandler                           0x0800024b   Thumb Code     0  startup_stm32f40_41xxx.o(.text)
    ETH_WKUP_IRQHandler                      0x0800024b   Thumb Code     0  startup_stm32f40_41xxx.o(.text)
    EXTI15_10_IRQHandler                     0x0800024b   Thumb Code     0  startup_stm32f40_41xxx.o(.text)
    EXTI1_IRQHandler                         0x0800024b   Thumb Code     0  startup_stm32f40_41xxx.o(.text)
    EXTI2_IRQHandler                         0x0800024b   Thumb Code     0  startup_stm32f40_41xxx.o(.text)
    EXTI3_IRQHandler                         0x0800024b   Thumb Code     0  startup_stm32f40_41xxx.o(.text)
    EXTI4_IRQHandler                         0x0800024b   Thumb Code     0  startup_stm32f40_41xxx.o(.text)
    EXTI9_5_IRQHandler                       0x0800024b   Thumb Code     0  startup_stm32f40_41xxx.o(.text)
    FLASH_IRQHandler                         0x0800024b   Thumb Code     0  startup_stm32f40_41xxx.o(.text)
    FPU_IRQHandler                           0x0800024b   Thumb Code     0  startup_stm32f40_41xxx.o(.text)
    FSMC_IRQHandler                          0x0800024b   Thumb Code     0  startup_stm32f40_41xxx.o(.text)
    HASH_RNG_IRQHandler                      0x0800024b   Thumb Code     0  startup_stm32f40_41xxx.o(.text)
    I2C1_ER_IRQHandler                       0x0800024b   Thumb Code     0  startup_stm32f40_41xxx.o(.text)
    I2C1_EV_IRQHandler                       0x0800024b   Thumb Code     0  startup_stm32f40_41xxx.o(.text)
    I2C2_ER_IRQHandler                       0x0800024b   Thumb Code     0  startup_stm32f40_41xxx.o(.text)
    I2C2_EV_IRQHandler                       0x0800024b   Thumb Code     0  startup_stm32f40_41xxx.o(.text)
    I2C3_ER_IRQHandler                       0x0800024b   Thumb Code     0  startup_stm32f40_41xxx.o(.text)
    I2C3_EV_IRQHandler                       0x0800024b   Thumb Code     0  startup_stm32f40_41xxx.o(.text)
    OTG_FS_IRQHandler                        0x0800024b   Thumb Code     0  startup_stm32f40_41xxx.o(.text)
    OTG_FS_WKUP_IRQHandler                   0x0800024b   Thumb Code     0  startup_stm32f40_41xxx.o(.text)
    OTG_HS_EP1_IN_IRQHandler                 0x0800024b   Thumb Code     0  startup_stm32f40_41xxx.o(.text)
    OTG_HS_EP1_OUT_IRQHandler                0x0800024b   Thumb Code     0  startup_stm32f40_41xxx.o(.text)
    OTG_HS_IRQHandler                        0x0800024b   Thumb Code     0  startup_stm32f40_41xxx.o(.text)
    OTG_HS_WKUP_IRQHandler                   0x0800024b   Thumb Code     0  startup_stm32f40_41xxx.o(.text)
    PVD_IRQHandler                           0x0800024b   Thumb Code     0  startup_stm32f40_41xxx.o(.text)
    RCC_IRQHandler                           0x0800024b   Thumb Code     0  startup_stm32f40_41xxx.o(.text)
    RTC_Alarm_IRQHandler                     0x0800024b   Thumb Code     0  startup_stm32f40_41xxx.o(.text)
    RTC_WKUP_IRQHandler                      0x0800024b   Thumb Code     0  startup_stm32f40_41xxx.o(.text)
    SDIO_IRQHandler                          0x0800024b   Thumb Code     0  startup_stm32f40_41xxx.o(.text)
    SPI1_IRQHandler                          0x0800024b   Thumb Code     0  startup_stm32f40_41xxx.o(.text)
    SPI2_IRQHandler                          0x0800024b   Thumb Code     0  startup_stm32f40_41xxx.o(.text)
    SPI3_IRQHandler                          0x0800024b   Thumb Code     0  startup_stm32f40_41xxx.o(.text)
    TAMP_STAMP_IRQHandler                    0x0800024b   Thumb Code     0  startup_stm32f40_41xxx.o(.text)
    TIM1_BRK_TIM9_IRQHandler                 0x0800024b   Thumb Code     0  startup_stm32f40_41xxx.o(.text)
    TIM1_CC_IRQHandler                       0x0800024b   Thumb Code     0  startup_stm32f40_41xxx.o(.text)
    TIM1_TRG_COM_TIM11_IRQHandler            0x0800024b   Thumb Code     0  startup_stm32f40_41xxx.o(.text)
    TIM1_UP_TIM10_IRQHandler                 0x0800024b   Thumb Code     0  startup_stm32f40_41xxx.o(.text)
    TIM2_IRQHandler                          0x0800024b   Thumb Code     0  startup_stm32f40_41xxx.o(.text)
    TIM3_IRQHandler                          0x0800024b   Thumb Code     0  startup_stm32f40_41xxx.o(.text)
    TIM4_IRQHandler                          0x0800024b   Thumb Code     0  startup_stm32f40_41xxx.o(.text)
    TIM5_IRQHandler                          0x0800024b   Thumb Code     0  startup_stm32f40_41xxx.o(.text)
    TIM6_DAC_IRQHandler                      0x0800024b   Thumb Code     0  startup_stm32f40_41xxx.o(.text)
    TIM7_IRQHandler                          0x0800024b   Thumb Code     0  startup_stm32f40_41xxx.o(.text)
    TIM8_BRK_TIM12_IRQHandler                0x0800024b   Thumb Code     0  startup_stm32f40_41xxx.o(.text)
    TIM8_CC_IRQHandler                       0x0800024b   Thumb Code     0  startup_stm32f40_41xxx.o(.text)
    TIM8_TRG_COM_TIM14_IRQHandler            0x0800024b   Thumb Code     0  startup_stm32f40_41xxx.o(.text)
    TIM8_UP_TIM13_IRQHandler                 0x0800024b   Thumb Code     0  startup_stm32f40_41xxx.o(.text)
    UART4_IRQHandler                         0x0800024b   Thumb Code     0  startup_stm32f40_41xxx.o(.text)
    UART5_IRQHandler                         0x0800024b   Thumb Code     0  startup_stm32f40_41xxx.o(.text)
    USART3_IRQHandler                        0x0800024b   Thumb Code     0  startup_stm32f40_41xxx.o(.text)
    USART6_IRQHandler                        0x0800024b   Thumb Code     0  startup_stm32f40_41xxx.o(.text)
    WWDG_IRQHandler                          0x0800024b   Thumb Code     0  startup_stm32f40_41xxx.o(.text)
    __user_initial_stackheap                 0x0800024d   Thumb Code     0  startup_stm32f40_41xxx.o(.text)
    __use_no_semihosting                     0x08000271   Thumb Code     2  use_no_semi_2.o(.text)
    __2printf                                0x08000275   Thumb Code    20  noretval__2printf.o(.text)
    _printf_pre_padding                      0x0800028d   Thumb Code    44  _printf_pad.o(.text)
    _printf_post_padding                     0x080002b9   Thumb Code    34  _printf_pad.o(.text)
    _printf_int_dec                          0x080002dd   Thumb Code   104  _printf_dec.o(.text)
    __printf                                 0x08000355   Thumb Code   270  __printf_wp.o(.text)
    __use_two_region_memory                  0x08000463   Thumb Code     2  heapauxi.o(.text)
    __rt_heap_escrow$2region                 0x08000465   Thumb Code     2  heapauxi.o(.text)
    __rt_heap_expand$2region                 0x08000467   Thumb Code     2  heapauxi.o(.text)
    __I$use$semihosting                      0x08000469   Thumb Code     0  use_no_semi.o(.text)
    __use_no_semihosting_swi                 0x08000469   Thumb Code     2  use_no_semi.o(.text)
    _printf_int_common                       0x0800046b   Thumb Code   178  _printf_intcommon.o(.text)
    _printf_char_file                        0x0800051d   Thumb Code    32  _printf_char_file.o(.text)
    _printf_char_common                      0x0800054b   Thumb Code    32  _printf_char_common.o(.text)
    ferror                                   0x08000571   Thumb Code     8  ferror.o(.text)
    __user_setup_stackheap                   0x08000579   Thumb Code    74  sys_stackheap_outer.o(.text)
    exit                                     0x080005c3   Thumb Code    12  exit.o(.text)
    __user_libspace                          0x080005d1   Thumb Code     8  libspace.o(.text)
    __user_perproc_libspace                  0x080005d1   Thumb Code     0  libspace.o(.text)
    __user_perthread_libspace                0x080005d1   Thumb Code     0  libspace.o(.text)
    EXTI0_IRQHandler                         0x080005d9   Thumb Code    86  nvic.o(i.EXTI0_IRQHandler)
    SysTick_Handler                          0x080007ad   Thumb Code    34  nvic.o(i.SysTick_Handler)
    SysTick_Init                             0x080007d5   Thumb Code    18  delay.o(i.SysTick_Init)
    SystemInit                               0x080007e9   Thumb Code    88  system_stm32f4xx.o(i.SystemInit)
    Touch_Data                               0x08000851   Thumb Code   266  touch.o(i.Touch_Data)
    Touch_Init                               0x08000969   Thumb Code   266  touch.o(i.Touch_Init)
    USART1_IRQHandler                        0x08000a85   Thumb Code    62  nvic.o(i.USART1_IRQHandler)
    USART1_Init                              0x08000ad1   Thumb Code   216  usart.o(i.USART1_Init)
    USART2_IRQHandler                        0x08000bb9   Thumb Code    28  nvic.o(i.USART2_IRQHandler)
    _is_digit                                0x08000be1   Thumb Code    14  __printf_wp.o(i._is_digit)
    _sys_exit                                0x08000bef   Thumb Code     6  usart.o(i._sys_exit)
    delay_us                                 0x08000c17   Thumb Code    62  delay.o(i.delay_us)
    fputc                                    0x08000c55   Thumb Code    22  usart.o(i.fputc)
    main                                     0x08000c71   Thumb Code    56  test.o(i.main)
    _fp_init                                 0x08000cc1   Thumb Code    10  fpinit.o(x$fpl$fpinit)
    __fplib_config_fpu_vfp                   0x08000cc9   Thumb Code     0  fpinit.o(x$fpl$fpinit)
    __fplib_config_pureend_doubles           0x08000cc9   Thumb Code     0  fpinit.o(x$fpl$fpinit)
    Region$$Table$$Base                      0x08000ccc   Number         0  anon$$obj.o(Region$$Table)
    Region$$Table$$Limit                     0x08000cec   Number         0  anon$$obj.o(Region$$Table)
    data                                     0x20000000   Data           1  test.o(.data)
    flay                                     0x20000001   Data           1  test.o(.data)
    __stdout                                 0x20000004   Data           4  usart.o(.data)
    __libspace_start                         0x20000008   Data          96  libspace.o(.bss)
    __temporary_stack_top$libspace           0x20000068   Data           0  libspace.o(.bss)



==============================================================================

Memory Map of the image

  Image Entry point : 0x08000189

  Load Region LR_IROM1 (Base: 0x08000000, Size: 0x00000cf4, Max: 0x00100000, ABSOLUTE)

    Execution Region ER_IROM1 (Base: 0x08000000, Size: 0x00000cec, Max: 0x00100000, ABSOLUTE)

    Base Addr    Size         Type   Attr      Idx    E Section Name        Object

    0x08000000   0x00000188   Data   RO           62    RESET               startup_stm32f40_41xxx.o
    0x08000188   0x00000008   Code   RO          954  * !!!main             c_w.l(__main.o)
    0x08000190   0x00000034   Code   RO         1121    !!!scatter          c_w.l(__scatter.o)
    0x080001c4   0x0000001a   Code   RO         1123    !!handler_copy      c_w.l(__scatter_copy.o)
    0x080001de   0x00000002   PAD
    0x080001e0   0x0000001c   Code   RO         1125    !!handler_zi        c_w.l(__scatter_zi.o)
    0x080001fc   0x00000000   Code   RO          951    .ARM.Collect$$_printf_percent$$00000000  c_w.l(_printf_percent.o)
    0x080001fc   0x00000006   Code   RO          950    .ARM.Collect$$_printf_percent$$00000009  c_w.l(_printf_d.o)
    0x08000202   0x00000004   Code   RO          963    .ARM.Collect$$_printf_percent$$00000017  c_w.l(_printf_percent_end.o)
    0x08000206   0x00000002   Code   RO          996    .ARM.Collect$$libinit$$00000000  c_w.l(libinit.o)
    0x08000208   0x00000004   Code   RO         1002    .ARM.Collect$$libinit$$00000001  c_w.l(libinit2.o)
    0x0800020c   0x00000000   Code   RO         1005    .ARM.Collect$$libinit$$00000004  c_w.l(libinit2.o)
    0x0800020c   0x00000000   Code   RO         1008    .ARM.Collect$$libinit$$0000000A  c_w.l(libinit2.o)
    0x0800020c   0x00000000   Code   RO         1010    .ARM.Collect$$libinit$$0000000C  c_w.l(libinit2.o)
    0x0800020c   0x00000000   Code   RO         1012    .ARM.Collect$$libinit$$0000000E  c_w.l(libinit2.o)
    0x0800020c   0x00000000   Code   RO         1015    .ARM.Collect$$libinit$$00000011  c_w.l(libinit2.o)
    0x0800020c   0x00000000   Code   RO         1017    .ARM.Collect$$libinit$$00000013  c_w.l(libinit2.o)
    0x0800020c   0x00000000   Code   RO         1019    .ARM.Collect$$libinit$$00000015  c_w.l(libinit2.o)
    0x0800020c   0x00000000   Code   RO         1021    .ARM.Collect$$libinit$$00000017  c_w.l(libinit2.o)
    0x0800020c   0x00000000   Code   RO         1023    .ARM.Collect$$libinit$$00000019  c_w.l(libinit2.o)
    0x0800020c   0x00000000   Code   RO         1025    .ARM.Collect$$libinit$$0000001B  c_w.l(libinit2.o)
    0x0800020c   0x00000000   Code   RO         1027    .ARM.Collect$$libinit$$0000001D  c_w.l(libinit2.o)
    0x0800020c   0x00000000   Code   RO         1029    .ARM.Collect$$libinit$$0000001F  c_w.l(libinit2.o)
    0x0800020c   0x00000000   Code   RO         1031    .ARM.Collect$$libinit$$00000021  c_w.l(libinit2.o)
    0x0800020c   0x00000000   Code   RO         1033    .ARM.Collect$$libinit$$00000023  c_w.l(libinit2.o)
    0x0800020c   0x00000000   Code   RO         1035    .ARM.Collect$$libinit$$00000025  c_w.l(libinit2.o)
    0x0800020c   0x00000000   Code   RO         1039    .ARM.Collect$$libinit$$0000002C  c_w.l(libinit2.o)
    0x0800020c   0x00000000   Code   RO         1041    .ARM.Collect$$libinit$$0000002E  c_w.l(libinit2.o)
    0x0800020c   0x00000000   Code   RO         1043    .ARM.Collect$$libinit$$00000030  c_w.l(libinit2.o)
    0x0800020c   0x00000000   Code   RO         1045    .ARM.Collect$$libinit$$00000032  c_w.l(libinit2.o)
    0x0800020c   0x00000002   Code   RO         1046    .ARM.Collect$$libinit$$00000033  c_w.l(libinit2.o)
    0x0800020e   0x00000002   Code   RO         1064    .ARM.Collect$$libshutdown$$00000000  c_w.l(libshutdown.o)
    0x08000210   0x00000000   Code   RO         1075    .ARM.Collect$$libshutdown$$00000003  c_w.l(libshutdown2.o)
    0x08000210   0x00000000   Code   RO         1078    .ARM.Collect$$libshutdown$$00000006  c_w.l(libshutdown2.o)
    0x08000210   0x00000000   Code   RO         1081    .ARM.Collect$$libshutdown$$00000009  c_w.l(libshutdown2.o)
    0x08000210   0x00000000   Code   RO         1083    .ARM.Collect$$libshutdown$$0000000B  c_w.l(libshutdown2.o)
    0x08000210   0x00000000   Code   RO         1086    .ARM.Collect$$libshutdown$$0000000E  c_w.l(libshutdown2.o)
    0x08000210   0x00000002   Code   RO         1087    .ARM.Collect$$libshutdown$$0000000F  c_w.l(libshutdown2.o)
    0x08000212   0x00000000   Code   RO          958    .ARM.Collect$$rtentry$$00000000  c_w.l(__rtentry.o)
    0x08000212   0x00000000   Code   RO          965    .ARM.Collect$$rtentry$$00000002  c_w.l(__rtentry2.o)
    0x08000212   0x00000006   Code   RO          977    .ARM.Collect$$rtentry$$00000004  c_w.l(__rtentry4.o)
    0x08000218   0x00000000   Code   RO          967    .ARM.Collect$$rtentry$$00000009  c_w.l(__rtentry2.o)
    0x08000218   0x00000004   Code   RO          968    .ARM.Collect$$rtentry$$0000000A  c_w.l(__rtentry2.o)
    0x0800021c   0x00000000   Code   RO          970    .ARM.Collect$$rtentry$$0000000C  c_w.l(__rtentry2.o)
    0x0800021c   0x00000008   Code   RO          971    .ARM.Collect$$rtentry$$0000000D  c_w.l(__rtentry2.o)
    0x08000224   0x00000002   Code   RO         1000    .ARM.Collect$$rtexit$$00000000  c_w.l(rtexit.o)
    0x08000226   0x00000000   Code   RO         1048    .ARM.Collect$$rtexit$$00000002  c_w.l(rtexit2.o)
    0x08000226   0x00000004   Code   RO         1049    .ARM.Collect$$rtexit$$00000003  c_w.l(rtexit2.o)
    0x0800022a   0x00000006   Code   RO         1050    .ARM.Collect$$rtexit$$00000004  c_w.l(rtexit2.o)
    0x08000230   0x00000040   Code   RO           63    .text               startup_stm32f40_41xxx.o
    0x08000270   0x00000002   Code   RO          918    .text               c_w.l(use_no_semi_2.o)
    0x08000272   0x00000002   PAD
    0x08000274   0x00000018   Code   RO          922    .text               c_w.l(noretval__2printf.o)
    0x0800028c   0x0000004e   Code   RO          926    .text               c_w.l(_printf_pad.o)
    0x080002da   0x00000002   PAD
    0x080002dc   0x00000078   Code   RO          928    .text               c_w.l(_printf_dec.o)
    0x08000354   0x0000010e   Code   RO          938    .text               c_w.l(__printf_wp.o)
    0x08000462   0x00000006   Code   RO          952    .text               c_w.l(heapauxi.o)
    0x08000468   0x00000002   Code   RO          956    .text               c_w.l(use_no_semi.o)
    0x0800046a   0x000000b2   Code   RO          959    .text               c_w.l(_printf_intcommon.o)
    0x0800051c   0x00000024   Code   RO          961    .text               c_w.l(_printf_char_file.o)
    0x08000540   0x00000030   Code   RO          979    .text               c_w.l(_printf_char_common.o)
    0x08000570   0x00000008   Code   RO          981    .text               c_w.l(ferror.o)
    0x08000578   0x0000004a   Code   RO          985    .text               c_w.l(sys_stackheap_outer.o)
    0x080005c2   0x0000000c   Code   RO          989    .text               c_w.l(exit.o)
    0x080005ce   0x00000002   PAD
    0x080005d0   0x00000008   Code   RO          997    .text               c_w.l(libspace.o)
    0x080005d8   0x00000068   Code   RO          233    i.EXTI0_IRQHandler  nvic.o
    0x08000640   0x00000016   Code   RO          133    i.NVIC_EnableIRQ    usart.o
    0x08000656   0x00000040   Code   RO          134    i.NVIC_EncodePriority  usart.o
    0x08000696   0x00000002   PAD
    0x08000698   0x00000028   Code   RO          135    i.NVIC_SetPriority  usart.o
    0x080006c0   0x000000ec   Code   RO            3    i.SetSysClock       system_stm32f4xx.o
    0x080007ac   0x00000028   Code   RO          234    i.SysTick_Handler   nvic.o
    0x080007d4   0x00000012   Code   RO          311    i.SysTick_Init      delay.o
    0x080007e6   0x00000002   PAD
    0x080007e8   0x00000068   Code   RO            5    i.SystemInit        system_stm32f4xx.o
    0x08000850   0x00000118   Code   RO          887    i.Touch_Data        touch.o
    0x08000968   0x0000011c   Code   RO          888    i.Touch_Init        touch.o
    0x08000a84   0x0000004c   Code   RO          235    i.USART1_IRQHandler  nvic.o
    0x08000ad0   0x000000e8   Code   RO          136    i.USART1_Init       usart.o
    0x08000bb8   0x00000028   Code   RO          236    i.USART2_IRQHandler  nvic.o
    0x08000be0   0x0000000e   Code   RO          940    i._is_digit         c_w.l(__printf_wp.o)
    0x08000bee   0x00000006   Code   RO          144    i._sys_exit         usart.o
    0x08000bf4   0x0000000e   Code   RO          889    i.delay_200ns       touch.o
    0x08000c02   0x00000014   Code   RO          237    i.delay_ms          nvic.o
    0x08000c16   0x0000003e   Code   RO          314    i.delay_us          delay.o
    0x08000c54   0x0000001c   Code   RO          145    i.fputc             usart.o
    0x08000c70   0x00000050   Code   RO           69    i.main              test.o
    0x08000cc0   0x0000000a   Code   RO         1056    x$fpl$fpinit        fz_wm.l(fpinit.o)
    0x08000cca   0x00000002   PAD
    0x08000ccc   0x00000020   Data   RO         1119    Region$$Table       anon$$obj.o


    Execution Region RW_IRAM1 (Base: 0x20000000, Size: 0x00000668, Max: 0x00020000, ABSOLUTE)

    Base Addr    Size         Type   Attr      Idx    E Section Name        Object

    0x20000000   0x00000002   Data   RW           70    .data               test.o
    0x20000002   0x00000002   PAD
    0x20000004   0x00000004   Data   RW          146    .data               usart.o
    0x20000008   0x00000060   Zero   RW          998    .bss                c_w.l(libspace.o)
    0x20000068   0x00000200   Zero   RW           61    HEAP                startup_stm32f40_41xxx.o
    0x20000268   0x00000400   Zero   RW           60    STACK               startup_stm32f40_41xxx.o


==============================================================================

Image component sizes


      Code (inc. data)   RO Data    RW Data    ZI Data      Debug   Object Name

        80          0          0          0          0       1034   delay.o
       280         50          0          0          0       2621   nvic.o
        64         26        392          0       1536        844   startup_stm32f40_41xxx.o
       340         32          0          0          0     233713   system_stm32f4xx.o
        80         24          0          2          0        823   test.o
       578         32          0          0          0       1830   touch.o
       392         30          0          4          0      31643   usart.o

    ----------------------------------------------------------------------
      1818        194        424          8       1536     272508   Object Totals
         0          0         32          0          0          0   (incl. Generated)
         4          0          0          2          0          0   (incl. Padding)

    ----------------------------------------------------------------------

      Code (inc. data)   RO Data    RW Data    ZI Data      Debug   Library Member Name

         8          0          0          0          0         68   __main.o
       284          0          0          0          0        156   __printf_wp.o
         0          0          0          0          0          0   __rtentry.o
        12          0          0          0          0          0   __rtentry2.o
         6          0          0          0          0          0   __rtentry4.o
        52          8          0          0          0          0   __scatter.o
        26          0          0          0          0          0   __scatter_copy.o
        28          0          0          0          0          0   __scatter_zi.o
        48          6          0          0          0         96   _printf_char_common.o
        36          4          0          0          0         80   _printf_char_file.o
         6          0          0          0          0          0   _printf_d.o
       120         16          0          0          0         92   _printf_dec.o
       178          0          0          0          0         88   _printf_intcommon.o
        78          0          0          0          0        108   _printf_pad.o
         0          0          0          0          0          0   _printf_percent.o
         4          0          0          0          0          0   _printf_percent_end.o
        12          0          0          0          0         72   exit.o
         8          0          0          0          0         68   ferror.o
         6          0          0          0          0        152   heapauxi.o
         2          0          0          0          0          0   libinit.o
         6          0          0          0          0          0   libinit2.o
         2          0          0          0          0          0   libshutdown.o
         2          0          0          0          0          0   libshutdown2.o
         8          4          0          0         96         68   libspace.o
        24          4          0          0          0         84   noretval__2printf.o
         2          0          0          0          0          0   rtexit.o
        10          0          0          0          0          0   rtexit2.o
        74          0          0          0          0         80   sys_stackheap_outer.o
         2          0          0          0          0         68   use_no_semi.o
         2          0          0          0          0         68   use_no_semi_2.o
        10          0          0          0          0        116   fpinit.o

    ----------------------------------------------------------------------
      1066         42          0          0         96       1464   Library Totals
        10          0          0          0          0          0   (incl. Padding)

    ----------------------------------------------------------------------

      Code (inc. data)   RO Data    RW Data    ZI Data      Debug   Library Name

      1046         42          0          0         96       1348   c_w.l
        10          0          0          0          0        116   fz_wm.l

    ----------------------------------------------------------------------
      1066         42          0          0         96       1464   Library Totals

    ----------------------------------------------------------------------

==============================================================================


      Code (inc. data)   RO Data    RW Data    ZI Data      Debug   

      2884        236        424          8       1632     271848   Grand Totals
      2884        236        424          8       1632     271848   ELF Image Totals
      2884        236        424          8          0          0   ROM Totals

==============================================================================

    Total RO  Size (Code + RO Data)                 3308 (   3.23kB)
    Total RW  Size (RW Data + ZI Data)              1640 (   1.60kB)
    Total ROM Size (Code + RO Data + RW Data)       3316 (   3.24kB)

==============================================================================

