<html>
<body>
<pre>
<h1>礦ision Build Log</h1>
<h2>Tool Versions:</h2>
IDE-Version: μVision V5.14.0.0
Copyright (C) 2015 ARM Ltd and ARM Germany GmbH. All rights reserved.
License Information: 520sihong Administrator, 520sihong, LIC=RC912-9ENBY-73QM8-3CJ0I-44UU9-HISGL
 
Tool Versions:
Toolchain:       MDK-ARM Standard  Version: 5.14.0.0
Toolchain Path:  C:\Keil_v5\ARM\ARMCC\Bin
C Compiler:      Armcc.exe V5.05 update 1 (build 106)
Assembler:       Armasm.exe V5.05 update 1 (build 106)
Linker/Locator:  ArmLink.exe V5.05 update 1 (build 106)
Library Manager: ArmAr.exe V5.05 update 1 (build 106)
Hex Converter:   FromElf.exe V5.05 update 1 (build 106)
CPU DLL:         SARMCM3.DLL V5.14.0.0
Dialog DLL:      DCM.DLL V1.13.1.0
Target DLL:      STLink\ST-LINKIII-KEIL_SWO.dll V2.0.14.0_KEIL
Dialog DLL:      TCM.DLL V1.14.4.0
 
<h2>Project:</h2>
D:\2年后\信盈达学习\学习记录\M4\周记\第7周\第七周\M3（CAN练习）\USER\test.uvprojx
Project File Date:  10/02/2019

<h2>Output:</h2>
Build target 'Target 1'
assembling startup_stm32f10x_hd.s...
compiling test.c...
compiling delay.c...
compiling sys.c...
compiling usart.c...
compiling nvic.c...
compiling exti.c...
compiling led.c...
compiling beep.c...
compiling key.c...
compiling iic.c...
compiling at24cxx.c...
compiling lcd.c...
compiling font.c...
compiling spi.c...
compiling w25q128.c...
compiling touch.c...
compiling adc.c...
compiling time.c...
compiling pwm.c...
compiling capture.c...
compiling dma.c...
compiling rtc.c...
compiling fsmc.c...
compiling iwdg.c...
compiling can.c...
linking...
Program Size: Code=3880 RO-data=336 RW-data=8 ZI-data=1632  
FromELF: creating hex file...
"..\OBJ\test.axf" - 0 Error(s), 0 Warning(s).

<h2>Collection of Component include folders:</h2>
  D:\2年后\信盈达学习\学习记录\M4\周记\第7周\第七周\M3（CAN练习）\USER\RTE
  C:\Keil_v5\ARM\PACK\Keil\STM32F1xx_DFP\2.2.0

<h2>Collection of Component Files used:</h2>
</pre>
</body>
</html>
