Component: ARM Compiler 5.05 update 1 (build 106) Tool: armlink [4d0efa]

==============================================================================

Section Cross References

    startup_stm32f10x_hd.o(STACK) refers (Special) to heapauxi.o(.text) for __use_two_region_memory
    startup_stm32f10x_hd.o(HEAP) refers (Special) to heapauxi.o(.text) for __use_two_region_memory
    startup_stm32f10x_hd.o(RESET) refers (Special) to heapauxi.o(.text) for __use_two_region_memory
    startup_stm32f10x_hd.o(RESET) refers to startup_stm32f10x_hd.o(STACK) for __initial_sp
    startup_stm32f10x_hd.o(RESET) refers to startup_stm32f10x_hd.o(.text) for Reset_Handler
    startup_stm32f10x_hd.o(RESET) refers to nvic.o(i.SysTick_Handler) for SysTick_Handler
    startup_stm32f10x_hd.o(RESET) refers to nvic.o(i.EXTI4_IRQHandler) for EXTI4_IRQHandler
    startup_stm32f10x_hd.o(RESET) refers to nvic.o(i.USART1_IRQHandler) for USART1_IRQHandler
    startup_stm32f10x_hd.o(RESET) refers to nvic.o(i.USART2_IRQHandler) for USART2_IRQHandler
    startup_stm32f10x_hd.o(.text) refers (Special) to heapauxi.o(.text) for __use_two_region_memory
    startup_stm32f10x_hd.o(.text) refers to __main.o(!!!main) for __main
    startup_stm32f10x_hd.o(.text) refers to startup_stm32f10x_hd.o(HEAP) for Heap_Mem
    startup_stm32f10x_hd.o(.text) refers to startup_stm32f10x_hd.o(STACK) for Stack_Mem
    test.o(i.main) refers to sys.o(i.Stm32_Clock_Init) for Stm32_Clock_Init
    test.o(i.main) refers to delay.o(i.SysTick_Init) for SysTick_Init
    test.o(i.main) refers to usart.o(i.USART1_Init) for USART1_Init
    test.o(i.main) refers to led.o(i.LED_Init) for LED_Init
    test.o(i.main) refers to w25q128.o(i.W25Q128_Init) for W25Q128_Init
    test.o(i.main) refers to noretval__2printf.o(.text) for __2printf
    test.o(i.main) refers to w25q128.o(i.W25Q128_Blocks_Erase) for W25Q128_Blocks_Erase
    delay.o(i.delay_ms) refers to delay.o(i.delay1_ms) for delay1_ms
    sys.o(i.MYRCC_DeInit) refers to sys.o(i.MY_NVIC_SetVectorTable) for MY_NVIC_SetVectorTable
    sys.o(i.MY_NVIC_Init) refers to sys.o(i.MY_NVIC_PriorityGroupConfig) for MY_NVIC_PriorityGroupConfig
    sys.o(i.Stm32_Clock_Init) refers to sys.o(i.MYRCC_DeInit) for MYRCC_DeInit
    sys.o(i.Sys_Standby) refers to sys.o(i.WFI_SET) for WFI_SET
    usart.o(i.NVIC_EnableIRQ) refers (Special) to use_no_semi_2.o(.text) for __use_no_semihosting
    usart.o(i.NVIC_EncodePriority) refers (Special) to use_no_semi_2.o(.text) for __use_no_semihosting
    usart.o(i.NVIC_SetPriority) refers (Special) to use_no_semi_2.o(.text) for __use_no_semihosting
    usart.o(i.USART1_Init) refers (Special) to use_no_semi_2.o(.text) for __use_no_semihosting
    usart.o(i.USART1_Init) refers to usart.o(i.NVIC_EncodePriority) for NVIC_EncodePriority
    usart.o(i.USART1_Init) refers to usart.o(i.NVIC_SetPriority) for NVIC_SetPriority
    usart.o(i.USART1_Init) refers to usart.o(i.NVIC_EnableIRQ) for NVIC_EnableIRQ
    usart.o(i.USART1_Receive_Byte) refers (Special) to use_no_semi_2.o(.text) for __use_no_semihosting
    usart.o(i.USART1_Receive_Str) refers (Special) to use_no_semi_2.o(.text) for __use_no_semihosting
    usart.o(i.USART1_Send_Byte) refers (Special) to use_no_semi_2.o(.text) for __use_no_semihosting
    usart.o(i.USART1_Send_Str) refers (Special) to use_no_semi_2.o(.text) for __use_no_semihosting
    usart.o(i.USART2_Init) refers (Special) to use_no_semi_2.o(.text) for __use_no_semihosting
    usart.o(i.USART2_Init) refers to usart.o(i.NVIC_EncodePriority) for NVIC_EncodePriority
    usart.o(i.USART2_Init) refers to usart.o(i.NVIC_SetPriority) for NVIC_SetPriority
    usart.o(i.USART2_Init) refers to usart.o(i.NVIC_EnableIRQ) for NVIC_EnableIRQ
    usart.o(i.USART2_Receive_Byte) refers (Special) to use_no_semi_2.o(.text) for __use_no_semihosting
    usart.o(i.USART2_Send_Byte) refers (Special) to use_no_semi_2.o(.text) for __use_no_semihosting
    usart.o(i._sys_exit) refers (Special) to use_no_semi_2.o(.text) for __use_no_semihosting
    usart.o(i.fputc) refers (Special) to use_no_semi_2.o(.text) for __use_no_semihosting
    usart.o(.data) refers (Special) to use_no_semi_2.o(.text) for __use_no_semihosting
    nvic.o(i.EXTI4_IRQHandler) refers to delay.o(i.delay_ms) for delay_ms
    nvic.o(i.USART1_IRQHandler) refers to w25q128.o(i.W25Q128_Page_Write) for W25Q128_Page_Write
    nvic.o(i.USART1_IRQHandler) refers to nvic.o(.data) for addr
    nvic.o(i.USART2_IRQHandler) refers to _printf_percent.o(.ARM.Collect$$_printf_percent$$00000000) for _printf_percent
    nvic.o(i.USART2_IRQHandler) refers to _printf_c.o(.ARM.Collect$$_printf_percent$$00000013) for _printf_c
    nvic.o(i.USART2_IRQHandler) refers to _printf_str.o(.text) for _printf_str
    nvic.o(i.USART2_IRQHandler) refers to noretval__2printf.o(.text) for __2printf
    nvic.o(i.USART2_IRQHandler) refers to test.o(.data) for data
    led.o(i.LED_Flash1) refers to delay.o(i.delay_ms) for delay_ms
    led.o(i.LED_Flash2) refers to delay.o(i.delay_ms) for delay_ms
    key.o(i.KEY_Scan) refers to delay.o(i.delay_ms) for delay_ms
    key.o(i.KEY_Scan) refers to key.o(.data) for key_flay
    iic.o(i.IIC_Receive_Ack) refers to delay.o(i.delay_us) for delay_us
    iic.o(i.IIC_Receive_Byte) refers to delay.o(i.delay_us) for delay_us
    iic.o(i.IIC_Send_Ack) refers to delay.o(i.delay_us) for delay_us
    iic.o(i.IIC_Send_Byte) refers to delay.o(i.delay_us) for delay_us
    iic.o(i.IIC_Start) refers to delay.o(i.delay_us) for delay_us
    iic.o(i.IIC_Stop) refers to delay.o(i.delay_us) for delay_us
    at24cxx.o(i.AT24CXX_Init) refers to iic.o(i.IIC_Init) for IIC_Init
    at24cxx.o(i.AT24CXX_Read_Addr) refers to at24cxx.o(i.AT24CXX_Read_Byte) for AT24CXX_Read_Byte
    at24cxx.o(i.AT24CXX_Read_Byte) refers to iic.o(i.IIC_Start) for IIC_Start
    at24cxx.o(i.AT24CXX_Read_Byte) refers to iic.o(i.IIC_Send_Byte) for IIC_Send_Byte
    at24cxx.o(i.AT24CXX_Read_Byte) refers to iic.o(i.IIC_Receive_Ack) for IIC_Receive_Ack
    at24cxx.o(i.AT24CXX_Read_Byte) refers to iic.o(i.IIC_Stop) for IIC_Stop
    at24cxx.o(i.AT24CXX_Read_Byte) refers to iic.o(i.IIC_Receive_Byte) for IIC_Receive_Byte
    at24cxx.o(i.AT24CXX_Read_Byte) refers to iic.o(i.IIC_Send_Ack) for IIC_Send_Ack
    at24cxx.o(i.AT24CXX_Read_Bytes) refers to iic.o(i.IIC_Start) for IIC_Start
    at24cxx.o(i.AT24CXX_Read_Bytes) refers to iic.o(i.IIC_Send_Byte) for IIC_Send_Byte
    at24cxx.o(i.AT24CXX_Read_Bytes) refers to iic.o(i.IIC_Receive_Ack) for IIC_Receive_Ack
    at24cxx.o(i.AT24CXX_Read_Bytes) refers to iic.o(i.IIC_Stop) for IIC_Stop
    at24cxx.o(i.AT24CXX_Read_Bytes) refers to iic.o(i.IIC_Receive_Byte) for IIC_Receive_Byte
    at24cxx.o(i.AT24CXX_Read_Bytes) refers to iic.o(i.IIC_Send_Ack) for IIC_Send_Ack
    at24cxx.o(i.AT24CXX_Write_Addr) refers to at24cxx.o(i.AT24CXX_Write_Byte) for AT24CXX_Write_Byte
    at24cxx.o(i.AT24CXX_Write_Byte) refers to iic.o(i.IIC_Start) for IIC_Start
    at24cxx.o(i.AT24CXX_Write_Byte) refers to iic.o(i.IIC_Send_Byte) for IIC_Send_Byte
    at24cxx.o(i.AT24CXX_Write_Byte) refers to iic.o(i.IIC_Receive_Ack) for IIC_Receive_Ack
    at24cxx.o(i.AT24CXX_Write_Byte) refers to iic.o(i.IIC_Stop) for IIC_Stop
    at24cxx.o(i.AT24CXX_Write_Byte) refers to delay.o(i.delay_ms) for delay_ms
    at24cxx.o(i.AT24CXX_Write_Bytes) refers to at24cxx.o(i.AT24CXX_Write_Bytes1) for AT24CXX_Write_Bytes1
    at24cxx.o(i.AT24CXX_Write_Bytes1) refers to iic.o(i.IIC_Start) for IIC_Start
    at24cxx.o(i.AT24CXX_Write_Bytes1) refers to iic.o(i.IIC_Send_Byte) for IIC_Send_Byte
    at24cxx.o(i.AT24CXX_Write_Bytes1) refers to iic.o(i.IIC_Receive_Ack) for IIC_Receive_Ack
    at24cxx.o(i.AT24CXX_Write_Bytes1) refers to iic.o(i.IIC_Stop) for IIC_Stop
    at24cxx.o(i.AT24CXX_Write_Bytes1) refers to delay.o(i.delay_ms) for delay_ms
    at24cxx.o(i.AT24CXXaddr_Read_Addr) refers to at24cxx.o(i.AT24CXXaddr_Read_Byte) for AT24CXXaddr_Read_Byte
    at24cxx.o(i.AT24CXXaddr_Read_Byte) refers to iic.o(i.IIC_Start) for IIC_Start
    at24cxx.o(i.AT24CXXaddr_Read_Byte) refers to iic.o(i.IIC_Send_Byte) for IIC_Send_Byte
    at24cxx.o(i.AT24CXXaddr_Read_Byte) refers to iic.o(i.IIC_Receive_Ack) for IIC_Receive_Ack
    at24cxx.o(i.AT24CXXaddr_Read_Byte) refers to iic.o(i.IIC_Stop) for IIC_Stop
    at24cxx.o(i.AT24CXXaddr_Read_Byte) refers to iic.o(i.IIC_Receive_Byte) for IIC_Receive_Byte
    at24cxx.o(i.AT24CXXaddr_Read_Byte) refers to iic.o(i.IIC_Send_Ack) for IIC_Send_Ack
    at24cxx.o(i.AT24CXXaddr_Read_Bytes) refers to iic.o(i.IIC_Start) for IIC_Start
    at24cxx.o(i.AT24CXXaddr_Read_Bytes) refers to iic.o(i.IIC_Send_Byte) for IIC_Send_Byte
    at24cxx.o(i.AT24CXXaddr_Read_Bytes) refers to iic.o(i.IIC_Receive_Ack) for IIC_Receive_Ack
    at24cxx.o(i.AT24CXXaddr_Read_Bytes) refers to iic.o(i.IIC_Stop) for IIC_Stop
    at24cxx.o(i.AT24CXXaddr_Read_Bytes) refers to iic.o(i.IIC_Receive_Byte) for IIC_Receive_Byte
    at24cxx.o(i.AT24CXXaddr_Read_Bytes) refers to iic.o(i.IIC_Send_Ack) for IIC_Send_Ack
    at24cxx.o(i.AT24CXXaddr_Write_Addr) refers to at24cxx.o(i.AT24CXXaddr_Write_Byte) for AT24CXXaddr_Write_Byte
    at24cxx.o(i.AT24CXXaddr_Write_Byte) refers to iic.o(i.IIC_Start) for IIC_Start
    at24cxx.o(i.AT24CXXaddr_Write_Byte) refers to iic.o(i.IIC_Send_Byte) for IIC_Send_Byte
    at24cxx.o(i.AT24CXXaddr_Write_Byte) refers to iic.o(i.IIC_Receive_Ack) for IIC_Receive_Ack
    at24cxx.o(i.AT24CXXaddr_Write_Byte) refers to iic.o(i.IIC_Stop) for IIC_Stop
    at24cxx.o(i.AT24CXXaddr_Write_Byte) refers to delay.o(i.delay_ms) for delay_ms
    at24cxx.o(i.AT24CXXaddr_Write_Bytes) refers to at24cxx.o(i.AT24CXXaddr_Write_Bytes1) for AT24CXXaddr_Write_Bytes1
    at24cxx.o(i.AT24CXXaddr_Write_Bytes1) refers to iic.o(i.IIC_Start) for IIC_Start
    at24cxx.o(i.AT24CXXaddr_Write_Bytes1) refers to iic.o(i.IIC_Send_Byte) for IIC_Send_Byte
    at24cxx.o(i.AT24CXXaddr_Write_Bytes1) refers to iic.o(i.IIC_Receive_Ack) for IIC_Receive_Ack
    at24cxx.o(i.AT24CXXaddr_Write_Bytes1) refers to iic.o(i.IIC_Stop) for IIC_Stop
    at24cxx.o(i.AT24CXXaddr_Write_Bytes1) refers to delay.o(i.delay_ms) for delay_ms
    lcd.o(i.LCD_Character16) refers to lcd.o(i.LCD_Point) for LCD_Point
    lcd.o(i.LCD_Character16) refers to font.o(.constdata) for model16
    lcd.o(i.LCD_Character24) refers to lcd.o(i.LCD_Point) for LCD_Point
    lcd.o(i.LCD_Character24) refers to font.o(.constdata) for model24
    lcd.o(i.LCD_Character32) refers to lcd.o(i.LCD_Point) for LCD_Point
    lcd.o(i.LCD_Character32) refers to font.o(.constdata) for model32
    lcd.o(i.LCD_Characters_Single32) refers to lcd.o(i.LCD_Point) for LCD_Point
    lcd.o(i.LCD_Characters_Single32) refers to font.o(.constdata) for query
    lcd.o(i.LCD_Characters_String32) refers to lcd.o(i.LCD_Characters_Single32) for LCD_Characters_Single32
    lcd.o(i.LCD_Circle) refers to lcd.o(i.LCD_Point) for LCD_Point
    lcd.o(i.LCD_Circle2) refers to lcd.o(i.LCD_Point) for LCD_Point
    lcd.o(i.LCD_Clear) refers to lcd.o(i.LCD_ILI9341_CMD) for LCD_ILI9341_CMD
    lcd.o(i.LCD_Clear) refers to lcd.o(i.LCD_ILI9341_Parameter) for LCD_ILI9341_Parameter
    lcd.o(i.LCD_Clear_XY) refers to lcd.o(i.LCD_ILI9341_CMD) for LCD_ILI9341_CMD
    lcd.o(i.LCD_Clear_XY) refers to lcd.o(i.LCD_ILI9341_Parameter) for LCD_ILI9341_Parameter
    lcd.o(i.LCD_Init) refers to lcd.o(i.LCD_IO_Init) for LCD_IO_Init
    lcd.o(i.LCD_Init) refers to lcd.o(i.LCD_ILI9341_CMD) for LCD_ILI9341_CMD
    lcd.o(i.LCD_Init) refers to lcd.o(i.LCD_ILI9341_Parameter) for LCD_ILI9341_Parameter
    lcd.o(i.LCD_Init) refers to delay.o(i.delay_ms) for delay_ms
    lcd.o(i.LCD_Init) refers to lcd.o(i.LCD_Clear) for LCD_Clear
    lcd.o(i.LCD_Point) refers to lcd.o(i.LCD_ILI9341_CMD) for LCD_ILI9341_CMD
    lcd.o(i.LCD_Point) refers to lcd.o(i.LCD_ILI9341_Parameter) for LCD_ILI9341_Parameter
    lcd.o(i.LCD_String16) refers to lcd.o(i.LCD_Character16) for LCD_Character16
    lcd.o(i.LCD_String24) refers to lcd.o(i.LCD_Character24) for LCD_Character24
    lcd.o(i.LCD_String32) refers to lcd.o(i.LCD_Character32) for LCD_Character32
    w25q128.o(i.W25Q128_Block_Erase) refers to w25q128.o(i.W25Q128_Write_Enable) for W25Q128_Write_Enable
    w25q128.o(i.W25Q128_Block_Erase) refers to spi.o(i.SPI2_RS_Byte) for SPI2_RS_Byte
    w25q128.o(i.W25Q128_Block_Erase) refers to w25q128.o(i.W25Q128_Read_Status) for W25Q128_Read_Status
    w25q128.o(i.W25Q128_Blocks_Erase) refers to w25q128.o(i.W25Q128_Block_Erase) for W25Q128_Block_Erase
    w25q128.o(i.W25Q128_Chip_Erase) refers to w25q128.o(i.W25Q128_Write_Enable) for W25Q128_Write_Enable
    w25q128.o(i.W25Q128_Chip_Erase) refers to spi.o(i.SPI2_RS_Byte) for SPI2_RS_Byte
    w25q128.o(i.W25Q128_Chip_Erase) refers to w25q128.o(i.W25Q128_Read_Status) for W25Q128_Read_Status
    w25q128.o(i.W25Q128_Init) refers to spi.o(i.SPI2_Init) for SPI2_Init
    w25q128.o(i.W25Q128_Page_Write) refers to w25q128.o(i.W25Q128_Write_Enable) for W25Q128_Write_Enable
    w25q128.o(i.W25Q128_Page_Write) refers to spi.o(i.SPI2_RS_Byte) for SPI2_RS_Byte
    w25q128.o(i.W25Q128_Page_Write) refers to w25q128.o(i.W25Q128_Read_Status) for W25Q128_Read_Status
    w25q128.o(i.W25Q128_Read_Bytes) refers to spi.o(i.SPI2_RS_Byte) for SPI2_RS_Byte
    w25q128.o(i.W25Q128_Read_Status) refers to spi.o(i.SPI2_RS_Byte) for SPI2_RS_Byte
    w25q128.o(i.W25Q128_Sector_Erase) refers to w25q128.o(i.W25Q128_Write_Enable) for W25Q128_Write_Enable
    w25q128.o(i.W25Q128_Sector_Erase) refers to spi.o(i.SPI2_RS_Byte) for SPI2_RS_Byte
    w25q128.o(i.W25Q128_Sector_Erase) refers to w25q128.o(i.W25Q128_Read_Status) for W25Q128_Read_Status
    w25q128.o(i.W25Q128_Write_Enable) refers to spi.o(i.SPI2_RS_Byte) for SPI2_RS_Byte
    use_no_semi_2.o(.text) refers (Special) to use_no_semi.o(.text) for __use_no_semihosting_swi
    __2printf.o(.text) refers to _printf_char_file.o(.text) for _printf_char_file
    __2printf.o(.text) refers to usart.o(.data) for __stdout
    noretval__2printf.o(.text) refers to _printf_char_file.o(.text) for _printf_char_file
    noretval__2printf.o(.text) refers to usart.o(.data) for __stdout
    __printf.o(.text) refers to _printf_percent.o(.ARM.Collect$$_printf_percent$$00000000) for _printf_percent
    _printf_str.o(.text) refers (Special) to _printf_char.o(.text) for _printf_cs_common
    __printf_flags.o(.text) refers to _printf_percent.o(.ARM.Collect$$_printf_percent$$00000000) for _printf_percent
    __printf_flags.o(.text) refers to __printf_flags.o(.constdata) for .constdata
    __printf_ss.o(.text) refers to _printf_percent.o(.ARM.Collect$$_printf_percent$$00000000) for _printf_percent
    __printf_flags_ss.o(.text) refers to _printf_percent.o(.ARM.Collect$$_printf_percent$$00000000) for _printf_percent
    __printf_flags_ss.o(.text) refers to __printf_flags_ss.o(.constdata) for .constdata
    __printf_wp.o(.text) refers to __printf_wp.o(i._is_digit) for _is_digit
    __printf_wp.o(.text) refers to _printf_percent.o(.ARM.Collect$$_printf_percent$$00000000) for _printf_percent
    __printf_flags_wp.o(.text) refers to __printf_wp.o(i._is_digit) for _is_digit
    __printf_flags_wp.o(.text) refers to _printf_percent.o(.ARM.Collect$$_printf_percent$$00000000) for _printf_percent
    __printf_flags_wp.o(.text) refers to __printf_flags_wp.o(.constdata) for .constdata
    __printf_ss_wp.o(.text) refers to __printf_wp.o(i._is_digit) for _is_digit
    __printf_ss_wp.o(.text) refers to _printf_percent.o(.ARM.Collect$$_printf_percent$$00000000) for _printf_percent
    __printf_flags_ss_wp.o(.text) refers to __printf_wp.o(i._is_digit) for _is_digit
    __printf_flags_ss_wp.o(.text) refers to _printf_percent.o(.ARM.Collect$$_printf_percent$$00000000) for _printf_percent
    __printf_flags_ss_wp.o(.text) refers to __printf_flags_ss_wp.o(.constdata) for .constdata
    _printf_c.o(.ARM.Collect$$_printf_percent$$00000013) refers (Weak) to _printf_char.o(.text) for _printf_char
    _printf_percent.o(.ARM.Collect$$_printf_percent$$00000000) refers (Special) to _printf_percent_end.o(.ARM.Collect$$_printf_percent$$00000017) for _printf_percent_end
    __main.o(!!!main) refers to __rtentry.o(.ARM.Collect$$rtentry$$00000000) for __rt_entry
    __rtentry.o(.ARM.Collect$$rtentry$$00000000) refers (Special) to __rtentry2.o(.ARM.Collect$$rtentry$$0000000A) for __rt_entry_li
    __rtentry.o(.ARM.Collect$$rtentry$$00000000) refers (Special) to __rtentry2.o(.ARM.Collect$$rtentry$$0000000D) for __rt_entry_main
    __rtentry.o(.ARM.Collect$$rtentry$$00000000) refers (Special) to __rtentry2.o(.ARM.Collect$$rtentry$$0000000C) for __rt_entry_postli_1
    __rtentry.o(.ARM.Collect$$rtentry$$00000000) refers (Special) to __rtentry2.o(.ARM.Collect$$rtentry$$00000009) for __rt_entry_postsh_1
    __rtentry.o(.ARM.Collect$$rtentry$$00000000) refers (Special) to __rtentry2.o(.ARM.Collect$$rtentry$$00000002) for __rt_entry_presh_1
    __rtentry.o(.ARM.Collect$$rtentry$$00000000) refers (Special) to __rtentry4.o(.ARM.Collect$$rtentry$$00000004) for __rt_entry_sh
    _printf_char.o(.text) refers (Weak) to _printf_str.o(.text) for _printf_str
    _printf_char_file.o(.text) refers to _printf_char_common.o(.text) for _printf_char_common
    _printf_char_file.o(.text) refers to ferror.o(.text) for ferror
    _printf_char_file.o(.text) refers to usart.o(i.fputc) for fputc
    __rtentry2.o(.ARM.Collect$$rtentry$$00000008) refers to boardinit2.o(.text) for _platform_post_stackheap_init
    __rtentry2.o(.ARM.Collect$$rtentry$$0000000A) refers to libinit.o(.ARM.Collect$$libinit$$00000000) for __rt_lib_init
    __rtentry2.o(.ARM.Collect$$rtentry$$0000000B) refers to boardinit3.o(.text) for _platform_post_lib_init
    __rtentry2.o(.ARM.Collect$$rtentry$$0000000D) refers to test.o(i.main) for main
    __rtentry2.o(.ARM.Collect$$rtentry$$0000000D) refers to exit.o(.text) for exit
    __rtentry2.o(.ARM.exidx) refers to __rtentry2.o(.ARM.Collect$$rtentry$$00000001) for .ARM.Collect$$rtentry$$00000001
    __rtentry2.o(.ARM.exidx) refers to __rtentry2.o(.ARM.Collect$$rtentry$$00000008) for .ARM.Collect$$rtentry$$00000008
    __rtentry2.o(.ARM.exidx) refers to __rtentry2.o(.ARM.Collect$$rtentry$$0000000A) for .ARM.Collect$$rtentry$$0000000A
    __rtentry2.o(.ARM.exidx) refers to __rtentry2.o(.ARM.Collect$$rtentry$$0000000B) for .ARM.Collect$$rtentry$$0000000B
    __rtentry2.o(.ARM.exidx) refers to __rtentry2.o(.ARM.Collect$$rtentry$$0000000D) for .ARM.Collect$$rtentry$$0000000D
    __rtentry4.o(.ARM.Collect$$rtentry$$00000004) refers to sys_stackheap_outer.o(.text) for __user_setup_stackheap
    __rtentry4.o(.ARM.exidx) refers to __rtentry4.o(.ARM.Collect$$rtentry$$00000004) for .ARM.Collect$$rtentry$$00000004
    _printf_char_common.o(.text) refers to __printf.o(.text) for __printf
    sys_stackheap_outer.o(.text) refers to libspace.o(.text) for __user_perproc_libspace
    sys_stackheap_outer.o(.text) refers to startup_stm32f10x_hd.o(.text) for __user_initial_stackheap
    exit.o(.text) refers to rtexit.o(.ARM.Collect$$rtexit$$00000000) for __rt_exit
    libinit.o(.ARM.Collect$$libinit$$00000000) refers (Special) to libinit2.o(.ARM.Collect$$libinit$$0000002E) for __rt_lib_init_alloca_1
    libinit.o(.ARM.Collect$$libinit$$00000000) refers (Special) to libinit2.o(.ARM.Collect$$libinit$$0000002C) for __rt_lib_init_argv_1
    libinit.o(.ARM.Collect$$libinit$$00000000) refers (Special) to libinit2.o(.ARM.Collect$$libinit$$0000001B) for __rt_lib_init_atexit_1
    libinit.o(.ARM.Collect$$libinit$$00000000) refers (Special) to libinit2.o(.ARM.Collect$$libinit$$00000021) for __rt_lib_init_clock_1
    libinit.o(.ARM.Collect$$libinit$$00000000) refers (Special) to libinit2.o(.ARM.Collect$$libinit$$00000032) for __rt_lib_init_cpp_1
    libinit.o(.ARM.Collect$$libinit$$00000000) refers (Special) to libinit2.o(.ARM.Collect$$libinit$$00000030) for __rt_lib_init_exceptions_1
    libinit.o(.ARM.Collect$$libinit$$00000000) refers (Special) to libinit2.o(.ARM.Collect$$libinit$$00000002) for __rt_lib_init_fp_1
    libinit.o(.ARM.Collect$$libinit$$00000000) refers (Special) to libinit2.o(.ARM.Collect$$libinit$$0000001F) for __rt_lib_init_fp_trap_1
    libinit.o(.ARM.Collect$$libinit$$00000000) refers (Special) to libinit2.o(.ARM.Collect$$libinit$$00000023) for __rt_lib_init_getenv_1
    libinit.o(.ARM.Collect$$libinit$$00000000) refers (Special) to libinit2.o(.ARM.Collect$$libinit$$0000000A) for __rt_lib_init_heap_1
    libinit.o(.ARM.Collect$$libinit$$00000000) refers (Special) to libinit2.o(.ARM.Collect$$libinit$$00000011) for __rt_lib_init_lc_collate_1
    libinit.o(.ARM.Collect$$libinit$$00000000) refers (Special) to libinit2.o(.ARM.Collect$$libinit$$00000013) for __rt_lib_init_lc_ctype_1
    libinit.o(.ARM.Collect$$libinit$$00000000) refers (Special) to libinit2.o(.ARM.Collect$$libinit$$00000015) for __rt_lib_init_lc_monetary_1
    libinit.o(.ARM.Collect$$libinit$$00000000) refers (Special) to libinit2.o(.ARM.Collect$$libinit$$00000017) for __rt_lib_init_lc_numeric_1
    libinit.o(.ARM.Collect$$libinit$$00000000) refers (Special) to libinit2.o(.ARM.Collect$$libinit$$00000019) for __rt_lib_init_lc_time_1
    libinit.o(.ARM.Collect$$libinit$$00000000) refers (Special) to libinit2.o(.ARM.Collect$$libinit$$00000004) for __rt_lib_init_preinit_1
    libinit.o(.ARM.Collect$$libinit$$00000000) refers (Special) to libinit2.o(.ARM.Collect$$libinit$$0000000E) for __rt_lib_init_rand_1
    libinit.o(.ARM.Collect$$libinit$$00000000) refers (Special) to libinit2.o(.ARM.Collect$$libinit$$00000033) for __rt_lib_init_return
    libinit.o(.ARM.Collect$$libinit$$00000000) refers (Special) to libinit2.o(.ARM.Collect$$libinit$$0000001D) for __rt_lib_init_signal_1
    libinit.o(.ARM.Collect$$libinit$$00000000) refers (Special) to libinit2.o(.ARM.Collect$$libinit$$00000025) for __rt_lib_init_stdio_1
    libinit.o(.ARM.Collect$$libinit$$00000000) refers (Special) to libinit2.o(.ARM.Collect$$libinit$$0000000C) for __rt_lib_init_user_alloc_1
    libspace.o(.text) refers to libspace.o(.bss) for __libspace_start
    rtexit.o(.ARM.Collect$$rtexit$$00000000) refers (Special) to rtexit2.o(.ARM.Collect$$rtexit$$00000004) for __rt_exit_exit
    rtexit.o(.ARM.Collect$$rtexit$$00000000) refers (Special) to rtexit2.o(.ARM.Collect$$rtexit$$00000003) for __rt_exit_ls
    rtexit.o(.ARM.Collect$$rtexit$$00000000) refers (Special) to rtexit2.o(.ARM.Collect$$rtexit$$00000002) for __rt_exit_prels_1
    rtexit.o(.ARM.exidx) refers (Special) to rtexit2.o(.ARM.Collect$$rtexit$$00000004) for __rt_exit_exit
    rtexit.o(.ARM.exidx) refers (Special) to rtexit2.o(.ARM.Collect$$rtexit$$00000003) for __rt_exit_ls
    rtexit.o(.ARM.exidx) refers (Special) to rtexit2.o(.ARM.Collect$$rtexit$$00000002) for __rt_exit_prels_1
    rtexit.o(.ARM.exidx) refers to rtexit.o(.ARM.Collect$$rtexit$$00000000) for .ARM.Collect$$rtexit$$00000000
    libinit2.o(.ARM.Collect$$libinit$$00000010) refers to libinit2.o(.ARM.Collect$$libinit$$0000000F) for .ARM.Collect$$libinit$$0000000F
    libinit2.o(.ARM.Collect$$libinit$$00000012) refers to libinit2.o(.ARM.Collect$$libinit$$0000000F) for .ARM.Collect$$libinit$$0000000F
    libinit2.o(.ARM.Collect$$libinit$$00000014) refers to libinit2.o(.ARM.Collect$$libinit$$0000000F) for .ARM.Collect$$libinit$$0000000F
    libinit2.o(.ARM.Collect$$libinit$$00000016) refers to libinit2.o(.ARM.Collect$$libinit$$0000000F) for .ARM.Collect$$libinit$$0000000F
    libinit2.o(.ARM.Collect$$libinit$$00000018) refers to libinit2.o(.ARM.Collect$$libinit$$0000000F) for .ARM.Collect$$libinit$$0000000F
    libinit2.o(.ARM.Collect$$libinit$$00000026) refers to argv_veneer.o(.emb_text) for __ARM_argv_veneer
    libinit2.o(.ARM.Collect$$libinit$$00000027) refers to argv_veneer.o(.emb_text) for __ARM_argv_veneer
    rtexit2.o(.ARM.Collect$$rtexit$$00000003) refers to libshutdown.o(.ARM.Collect$$libshutdown$$00000000) for __rt_lib_shutdown
    rtexit2.o(.ARM.Collect$$rtexit$$00000004) refers to usart.o(i._sys_exit) for _sys_exit
    rtexit2.o(.ARM.exidx) refers to rtexit2.o(.ARM.Collect$$rtexit$$00000001) for .ARM.Collect$$rtexit$$00000001
    rtexit2.o(.ARM.exidx) refers to rtexit2.o(.ARM.Collect$$rtexit$$00000003) for .ARM.Collect$$rtexit$$00000003
    rtexit2.o(.ARM.exidx) refers to rtexit2.o(.ARM.Collect$$rtexit$$00000004) for .ARM.Collect$$rtexit$$00000004
    argv_veneer.o(.emb_text) refers to no_argv.o(.text) for __ARM_get_argv
    _get_argv_nomalloc.o(.text) refers (Special) to hrguard.o(.text) for __heap_region$guard
    _get_argv_nomalloc.o(.text) refers to defsig_rtmem_outer.o(.text) for __rt_SIGRTMEM
    _get_argv_nomalloc.o(.text) refers to sys_command.o(.text) for _sys_command_string
    libshutdown.o(.ARM.Collect$$libshutdown$$00000000) refers (Special) to libshutdown2.o(.ARM.Collect$$libshutdown$$00000006) for __rt_lib_shutdown_fp_trap_1
    libshutdown.o(.ARM.Collect$$libshutdown$$00000000) refers (Special) to libshutdown2.o(.ARM.Collect$$libshutdown$$0000000E) for __rt_lib_shutdown_heap_1
    libshutdown.o(.ARM.Collect$$libshutdown$$00000000) refers (Special) to libshutdown2.o(.ARM.Collect$$libshutdown$$0000000F) for __rt_lib_shutdown_return
    libshutdown.o(.ARM.Collect$$libshutdown$$00000000) refers (Special) to libshutdown2.o(.ARM.Collect$$libshutdown$$00000009) for __rt_lib_shutdown_signal_1
    libshutdown.o(.ARM.Collect$$libshutdown$$00000000) refers (Special) to libshutdown2.o(.ARM.Collect$$libshutdown$$00000003) for __rt_lib_shutdown_stdio_1
    libshutdown.o(.ARM.Collect$$libshutdown$$00000000) refers (Special) to libshutdown2.o(.ARM.Collect$$libshutdown$$0000000B) for __rt_lib_shutdown_user_alloc_1
    sys_command.o(.text) refers (Special) to use_no_semi.o(.text) for __I$use$semihosting
    sys_command.o(.text) refers (Special) to indicate_semi.o(.text) for __semihosting_library_function
    defsig_rtmem_outer.o(.text) refers to defsig_rtmem_inner.o(.text) for __rt_SIGRTMEM_inner
    defsig_rtmem_outer.o(.text) refers to defsig_exit.o(.text) for __sig_exit
    defsig_rtmem_formal.o(.text) refers to rt_raise.o(.text) for __rt_raise
    rt_raise.o(.text) refers to __raise.o(.text) for __raise
    rt_raise.o(.text) refers to usart.o(i._sys_exit) for _sys_exit
    defsig_exit.o(.text) refers to usart.o(i._sys_exit) for _sys_exit
    defsig_rtmem_inner.o(.text) refers to defsig_general.o(.text) for __default_signal_display
    __raise.o(.text) refers to defsig.o(CL$$defsig) for __default_signal_handler
    defsig_general.o(.text) refers to sys_wrch.o(.text) for _ttywrch
    sys_wrch.o(.text) refers (Special) to use_no_semi.o(.text) for __I$use$semihosting
    sys_wrch.o(.text) refers (Special) to indicate_semi.o(.text) for __semihosting_library_function
    defsig.o(CL$$defsig) refers to defsig_rtmem_inner.o(.text) for __rt_SIGRTMEM_inner
    defsig_abrt_inner.o(.text) refers to defsig_general.o(.text) for __default_signal_display
    defsig_fpe_inner.o(.text) refers to defsig_general.o(.text) for __default_signal_display
    defsig_rtred_inner.o(.text) refers to defsig_general.o(.text) for __default_signal_display
    defsig_stak_inner.o(.text) refers to defsig_general.o(.text) for __default_signal_display
    defsig_pvfn_inner.o(.text) refers to defsig_general.o(.text) for __default_signal_display
    defsig_cppl_inner.o(.text) refers to defsig_general.o(.text) for __default_signal_display
    defsig_segv_inner.o(.text) refers to defsig_general.o(.text) for __default_signal_display
    defsig_other.o(.text) refers to defsig_general.o(.text) for __default_signal_display


==============================================================================

Removing Unused input sections from the image.

    Removing test.o(.bss), (200 bytes).
    Removing delay.o(i.SysTick1_Init), (204 bytes).
    Removing delay.o(i.delay_us), (58 bytes).
    Removing sys.o(.emb_text), (6 bytes).
    Removing sys.o(i.Ex_NVIC_Config), (160 bytes).
    Removing sys.o(i.INTX_DISABLE), (4 bytes).
    Removing sys.o(i.INTX_ENABLE), (4 bytes).
    Removing sys.o(i.JTAG_Set), (48 bytes).
    Removing sys.o(i.MY_NVIC_Init), (120 bytes).
    Removing sys.o(i.MY_NVIC_PriorityGroupConfig), (40 bytes).
    Removing sys.o(i.Sys_Soft_Reset), (16 bytes).
    Removing sys.o(i.Sys_Standby), (76 bytes).
    Removing sys.o(i.WFI_SET), (4 bytes).
    Removing usart.o(i.USART1_Receive_Byte), (28 bytes).
    Removing usart.o(i.USART1_Receive_Str), (48 bytes).
    Removing usart.o(i.USART1_Send_Byte), (28 bytes).
    Removing usart.o(i.USART1_Send_Str), (40 bytes).
    Removing usart.o(i.USART2_Init), (200 bytes).
    Removing usart.o(i.USART2_Receive_Byte), (28 bytes).
    Removing usart.o(i.USART2_Send_Byte), (28 bytes).
    Removing exti.o(i.EXTI4_Init), (268 bytes).
    Removing led.o(i.LED_Flash1), (76 bytes).
    Removing led.o(i.LED_Flash2), (84 bytes).
    Removing led.o(i.LED_OFF), (36 bytes).
    Removing led.o(i.LED_ON), (36 bytes).
    Removing beep.o(i.BEEP_Init), (60 bytes).
    Removing key.o(i.KEY_Init), (104 bytes).
    Removing key.o(i.KEY_Scan), (176 bytes).
    Removing key.o(.data), (1 bytes).
    Removing iic.o(i.IIC_Init), (60 bytes).
    Removing iic.o(i.IIC_Receive_Ack), (88 bytes).
    Removing iic.o(i.IIC_Receive_Byte), (108 bytes).
    Removing iic.o(i.IIC_Send_Ack), (116 bytes).
    Removing iic.o(i.IIC_Send_Byte), (112 bytes).
    Removing iic.o(i.IIC_Start), (76 bytes).
    Removing iic.o(i.IIC_Stop), (64 bytes).
    Removing at24cxx.o(i.AT24CXX_Init), (8 bytes).
    Removing at24cxx.o(i.AT24CXX_Read_Addr), (44 bytes).
    Removing at24cxx.o(i.AT24CXX_Read_Byte), (134 bytes).
    Removing at24cxx.o(i.AT24CXX_Read_Bytes), (158 bytes).
    Removing at24cxx.o(i.AT24CXX_Write_Addr), (44 bytes).
    Removing at24cxx.o(i.AT24CXX_Write_Byte), (124 bytes).
    Removing at24cxx.o(i.AT24CXX_Write_Bytes), (84 bytes).
    Removing at24cxx.o(i.AT24CXX_Write_Bytes1), (146 bytes).
    Removing at24cxx.o(i.AT24CXXaddr_Read_Addr), (52 bytes).
    Removing at24cxx.o(i.AT24CXXaddr_Read_Byte), (190 bytes).
    Removing at24cxx.o(i.AT24CXXaddr_Read_Bytes), (218 bytes).
    Removing at24cxx.o(i.AT24CXXaddr_Write_Addr), (52 bytes).
    Removing at24cxx.o(i.AT24CXXaddr_Write_Byte), (176 bytes).
    Removing at24cxx.o(i.AT24CXXaddr_Write_Bytes), (96 bytes).
    Removing at24cxx.o(i.AT24CXXaddr_Write_Bytes1), (204 bytes).
    Removing lcd.o(i.LCD_Character16), (88 bytes).
    Removing lcd.o(i.LCD_Character24), (124 bytes).
    Removing lcd.o(i.LCD_Character32), (112 bytes).
    Removing lcd.o(i.LCD_Characters_Single32), (164 bytes).
    Removing lcd.o(i.LCD_Characters_String32), (56 bytes).
    Removing lcd.o(i.LCD_Circle), (108 bytes).
    Removing lcd.o(i.LCD_Circle2), (86 bytes).
    Removing lcd.o(i.LCD_Clear), (94 bytes).
    Removing lcd.o(i.LCD_Clear_XY), (110 bytes).
    Removing lcd.o(i.LCD_ILI9341_CMD), (340 bytes).
    Removing lcd.o(i.LCD_ILI9341_Parameter), (596 bytes).
    Removing lcd.o(i.LCD_IO_Init), (304 bytes).
    Removing lcd.o(i.LCD_Init), (596 bytes).
    Removing lcd.o(i.LCD_Point), (82 bytes).
    Removing lcd.o(i.LCD_String16), (56 bytes).
    Removing lcd.o(i.LCD_String24), (56 bytes).
    Removing lcd.o(i.LCD_String32), (56 bytes).
    Removing font.o(.constdata), (12551 bytes).
    Removing w25q128.o(i.W25Q128_Chip_Erase), (56 bytes).
    Removing w25q128.o(i.W25Q128_Read_Bytes), (84 bytes).
    Removing w25q128.o(i.W25Q128_Sector_Erase), (80 bytes).

72 unused section(s) (total 20334 bytes) removed from the image.

==============================================================================

Image Symbol Table

    Local Symbols

    Symbol Name                              Value     Ov Type        Size  Object(Section)

    ../clib/angel/boardlib.s                 0x00000000   Number         0  boardinit3.o ABSOLUTE
    ../clib/angel/boardlib.s                 0x00000000   Number         0  boardinit2.o ABSOLUTE
    ../clib/angel/boardlib.s                 0x00000000   Number         0  boardinit1.o ABSOLUTE
    ../clib/angel/boardlib.s                 0x00000000   Number         0  boardshut.o ABSOLUTE
    ../clib/angel/handlers.s                 0x00000000   Number         0  __scatter_copy.o ABSOLUTE
    ../clib/angel/handlers.s                 0x00000000   Number         0  __scatter_zi.o ABSOLUTE
    ../clib/angel/kernel.s                   0x00000000   Number         0  __rtentry4.o ABSOLUTE
    ../clib/angel/kernel.s                   0x00000000   Number         0  rtexit.o ABSOLUTE
    ../clib/angel/kernel.s                   0x00000000   Number         0  __rtentry.o ABSOLUTE
    ../clib/angel/kernel.s                   0x00000000   Number         0  rtexit2.o ABSOLUTE
    ../clib/angel/kernel.s                   0x00000000   Number         0  __rtentry2.o ABSOLUTE
    ../clib/angel/rt.s                       0x00000000   Number         0  rt_raise.o ABSOLUTE
    ../clib/angel/scatter.s                  0x00000000   Number         0  __scatter.o ABSOLUTE
    ../clib/angel/startup.s                  0x00000000   Number         0  __main.o ABSOLUTE
    ../clib/angel/sys.s                      0x00000000   Number         0  indicate_semi.o ABSOLUTE
    ../clib/angel/sys.s                      0x00000000   Number         0  sys_stackheap_outer.o ABSOLUTE
    ../clib/angel/sys.s                      0x00000000   Number         0  use_no_semi_2.o ABSOLUTE
    ../clib/angel/sys.s                      0x00000000   Number         0  libspace.o ABSOLUTE
    ../clib/angel/sys.s                      0x00000000   Number         0  use_no_semi.o ABSOLUTE
    ../clib/angel/sysapp.c                   0x00000000   Number         0  sys_command.o ABSOLUTE
    ../clib/angel/sysapp.c                   0x00000000   Number         0  sys_wrch.o ABSOLUTE
    ../clib/armsys.c                         0x00000000   Number         0  argv_veneer.o ABSOLUTE
    ../clib/armsys.c                         0x00000000   Number         0  no_argv.o ABSOLUTE
    ../clib/armsys.c                         0x00000000   Number         0  argv_veneer.o ABSOLUTE
    ../clib/armsys.c                         0x00000000   Number         0  _get_argv_nomalloc.o ABSOLUTE
    ../clib/heapalloc.c                      0x00000000   Number         0  hrguard.o ABSOLUTE
    ../clib/heapaux.c                        0x00000000   Number         0  heapauxi.o ABSOLUTE
    ../clib/libinit.s                        0x00000000   Number         0  libshutdown2.o ABSOLUTE
    ../clib/libinit.s                        0x00000000   Number         0  libshutdown.o ABSOLUTE
    ../clib/libinit.s                        0x00000000   Number         0  libinit.o ABSOLUTE
    ../clib/libinit.s                        0x00000000   Number         0  libinit2.o ABSOLUTE
    ../clib/printf.c                         0x00000000   Number         0  _printf_char_file.o ABSOLUTE
    ../clib/printf.c                         0x00000000   Number         0  _printf_char_common.o ABSOLUTE
    ../clib/printf.c                         0x00000000   Number         0  __printf_wp.o ABSOLUTE
    ../clib/printf.c                         0x00000000   Number         0  __printf_ss_wp.o ABSOLUTE
    ../clib/printf.c                         0x00000000   Number         0  __printf_flags_ss.o ABSOLUTE
    ../clib/printf.c                         0x00000000   Number         0  __printf_ss.o ABSOLUTE
    ../clib/printf.c                         0x00000000   Number         0  __printf_flags.o ABSOLUTE
    ../clib/printf.c                         0x00000000   Number         0  __printf_flags_wp.o ABSOLUTE
    ../clib/printf.c                         0x00000000   Number         0  _printf_str.o ABSOLUTE
    ../clib/printf.c                         0x00000000   Number         0  __printf.o ABSOLUTE
    ../clib/printf.c                         0x00000000   Number         0  noretval__2printf.o ABSOLUTE
    ../clib/printf.c                         0x00000000   Number         0  __2printf.o ABSOLUTE
    ../clib/printf.c                         0x00000000   Number         0  _printf_char.o ABSOLUTE
    ../clib/printf.c                         0x00000000   Number         0  __printf_flags_ss_wp.o ABSOLUTE
    ../clib/printf.c                         0x00000000   Number         0  __printf_nopercent.o ABSOLUTE
    ../clib/printf_percent.s                 0x00000000   Number         0  _printf_percent_end.o ABSOLUTE
    ../clib/printf_percent.s                 0x00000000   Number         0  _printf_percent.o ABSOLUTE
    ../clib/printf_percent.s                 0x00000000   Number         0  _printf_c.o ABSOLUTE
    ../clib/signal.c                         0x00000000   Number         0  defsig_exit.o ABSOLUTE
    ../clib/signal.c                         0x00000000   Number         0  defsig_rtmem_inner.o ABSOLUTE
    ../clib/signal.c                         0x00000000   Number         0  defsig_rtmem_formal.o ABSOLUTE
    ../clib/signal.c                         0x00000000   Number         0  defsig_general.o ABSOLUTE
    ../clib/signal.c                         0x00000000   Number         0  defsig_abrt_inner.o ABSOLUTE
    ../clib/signal.c                         0x00000000   Number         0  defsig_fpe_inner.o ABSOLUTE
    ../clib/signal.c                         0x00000000   Number         0  defsig_rtred_inner.o ABSOLUTE
    ../clib/signal.c                         0x00000000   Number         0  defsig_stak_inner.o ABSOLUTE
    ../clib/signal.c                         0x00000000   Number         0  defsig_pvfn_inner.o ABSOLUTE
    ../clib/signal.c                         0x00000000   Number         0  defsig_cppl_inner.o ABSOLUTE
    ../clib/signal.c                         0x00000000   Number         0  defsig_segv_inner.o ABSOLUTE
    ../clib/signal.c                         0x00000000   Number         0  defsig_other.o ABSOLUTE
    ../clib/signal.c                         0x00000000   Number         0  defsig_rtmem_outer.o ABSOLUTE
    ../clib/signal.c                         0x00000000   Number         0  __raise.o ABSOLUTE
    ../clib/signal.s                         0x00000000   Number         0  defsig.o ABSOLUTE
    ../clib/stdio.c                          0x00000000   Number         0  ferror.o ABSOLUTE
    ../clib/stdio.c                          0x00000000   Number         0  ferror_locked.o ABSOLUTE
    ../clib/stdlib.c                         0x00000000   Number         0  exit.o ABSOLUTE
    ../fplib/fpinit.s                        0x00000000   Number         0  fpinit.o ABSOLUTE
    ..\HARDWARE\src\at24cxx.c                0x00000000   Number         0  at24cxx.o ABSOLUTE
    ..\HARDWARE\src\beep.c                   0x00000000   Number         0  beep.o ABSOLUTE
    ..\HARDWARE\src\font.c                   0x00000000   Number         0  font.o ABSOLUTE
    ..\HARDWARE\src\iic.c                    0x00000000   Number         0  iic.o ABSOLUTE
    ..\HARDWARE\src\key.c                    0x00000000   Number         0  key.o ABSOLUTE
    ..\HARDWARE\src\lcd.c                    0x00000000   Number         0  lcd.o ABSOLUTE
    ..\HARDWARE\src\led.c                    0x00000000   Number         0  led.o ABSOLUTE
    ..\HARDWARE\src\spi.c                    0x00000000   Number         0  spi.o ABSOLUTE
    ..\HARDWARE\src\w25q128.c                0x00000000   Number         0  w25q128.o ABSOLUTE
    ..\SYSTEM\delay\delay.c                  0x00000000   Number         0  delay.o ABSOLUTE
    ..\SYSTEM\exti\exti.c                    0x00000000   Number         0  exti.o ABSOLUTE
    ..\SYSTEM\nvic\nvic.c                    0x00000000   Number         0  nvic.o ABSOLUTE
    ..\SYSTEM\sys\sys.c                      0x00000000   Number         0  sys.o ABSOLUTE
    ..\SYSTEM\usart\usart.c                  0x00000000   Number         0  usart.o ABSOLUTE
    ..\\SYSTEM\\sys\\sys.c                   0x00000000   Number         0  sys.o ABSOLUTE
    dc.s                                     0x00000000   Number         0  dc.o ABSOLUTE
    startup_stm32f10x_hd.s                   0x00000000   Number         0  startup_stm32f10x_hd.o ABSOLUTE
    test.c                                   0x00000000   Number         0  test.o ABSOLUTE
    RESET                                    0x08000000   Section      304  startup_stm32f10x_hd.o(RESET)
    !!!main                                  0x08000130   Section        8  __main.o(!!!main)
    !!!scatter                               0x08000138   Section       52  __scatter.o(!!!scatter)
    !!handler_copy                           0x0800016c   Section       26  __scatter_copy.o(!!handler_copy)
    !!handler_zi                             0x08000188   Section       28  __scatter_zi.o(!!handler_zi)
    .ARM.Collect$$_printf_percent$$00000000  0x080001a4   Section        0  _printf_percent.o(.ARM.Collect$$_printf_percent$$00000000)
    .ARM.Collect$$_printf_percent$$00000013  0x080001a4   Section        6  _printf_c.o(.ARM.Collect$$_printf_percent$$00000013)
    .ARM.Collect$$_printf_percent$$00000017  0x080001aa   Section        4  _printf_percent_end.o(.ARM.Collect$$_printf_percent$$00000017)
    .ARM.Collect$$libinit$$00000000          0x080001ae   Section        2  libinit.o(.ARM.Collect$$libinit$$00000000)
    .ARM.Collect$$libinit$$00000002          0x080001b0   Section        0  libinit2.o(.ARM.Collect$$libinit$$00000002)
    .ARM.Collect$$libinit$$00000004          0x080001b0   Section        0  libinit2.o(.ARM.Collect$$libinit$$00000004)
    .ARM.Collect$$libinit$$0000000A          0x080001b0   Section        0  libinit2.o(.ARM.Collect$$libinit$$0000000A)
    .ARM.Collect$$libinit$$0000000C          0x080001b0   Section        0  libinit2.o(.ARM.Collect$$libinit$$0000000C)
    .ARM.Collect$$libinit$$0000000E          0x080001b0   Section        0  libinit2.o(.ARM.Collect$$libinit$$0000000E)
    .ARM.Collect$$libinit$$00000011          0x080001b0   Section        0  libinit2.o(.ARM.Collect$$libinit$$00000011)
    .ARM.Collect$$libinit$$00000013          0x080001b0   Section        0  libinit2.o(.ARM.Collect$$libinit$$00000013)
    .ARM.Collect$$libinit$$00000015          0x080001b0   Section        0  libinit2.o(.ARM.Collect$$libinit$$00000015)
    .ARM.Collect$$libinit$$00000017          0x080001b0   Section        0  libinit2.o(.ARM.Collect$$libinit$$00000017)
    .ARM.Collect$$libinit$$00000019          0x080001b0   Section        0  libinit2.o(.ARM.Collect$$libinit$$00000019)
    .ARM.Collect$$libinit$$0000001B          0x080001b0   Section        0  libinit2.o(.ARM.Collect$$libinit$$0000001B)
    .ARM.Collect$$libinit$$0000001D          0x080001b0   Section        0  libinit2.o(.ARM.Collect$$libinit$$0000001D)
    .ARM.Collect$$libinit$$0000001F          0x080001b0   Section        0  libinit2.o(.ARM.Collect$$libinit$$0000001F)
    .ARM.Collect$$libinit$$00000021          0x080001b0   Section        0  libinit2.o(.ARM.Collect$$libinit$$00000021)
    .ARM.Collect$$libinit$$00000023          0x080001b0   Section        0  libinit2.o(.ARM.Collect$$libinit$$00000023)
    .ARM.Collect$$libinit$$00000025          0x080001b0   Section        0  libinit2.o(.ARM.Collect$$libinit$$00000025)
    .ARM.Collect$$libinit$$0000002C          0x080001b0   Section        0  libinit2.o(.ARM.Collect$$libinit$$0000002C)
    .ARM.Collect$$libinit$$0000002E          0x080001b0   Section        0  libinit2.o(.ARM.Collect$$libinit$$0000002E)
    .ARM.Collect$$libinit$$00000030          0x080001b0   Section        0  libinit2.o(.ARM.Collect$$libinit$$00000030)
    .ARM.Collect$$libinit$$00000032          0x080001b0   Section        0  libinit2.o(.ARM.Collect$$libinit$$00000032)
    .ARM.Collect$$libinit$$00000033          0x080001b0   Section        2  libinit2.o(.ARM.Collect$$libinit$$00000033)
    .ARM.Collect$$libshutdown$$00000000      0x080001b2   Section        2  libshutdown.o(.ARM.Collect$$libshutdown$$00000000)
    .ARM.Collect$$libshutdown$$00000003      0x080001b4   Section        0  libshutdown2.o(.ARM.Collect$$libshutdown$$00000003)
    .ARM.Collect$$libshutdown$$00000006      0x080001b4   Section        0  libshutdown2.o(.ARM.Collect$$libshutdown$$00000006)
    .ARM.Collect$$libshutdown$$00000009      0x080001b4   Section        0  libshutdown2.o(.ARM.Collect$$libshutdown$$00000009)
    .ARM.Collect$$libshutdown$$0000000B      0x080001b4   Section        0  libshutdown2.o(.ARM.Collect$$libshutdown$$0000000B)
    .ARM.Collect$$libshutdown$$0000000E      0x080001b4   Section        0  libshutdown2.o(.ARM.Collect$$libshutdown$$0000000E)
    .ARM.Collect$$libshutdown$$0000000F      0x080001b4   Section        2  libshutdown2.o(.ARM.Collect$$libshutdown$$0000000F)
    .ARM.Collect$$rtentry$$00000000          0x080001b6   Section        0  __rtentry.o(.ARM.Collect$$rtentry$$00000000)
    .ARM.Collect$$rtentry$$00000002          0x080001b6   Section        0  __rtentry2.o(.ARM.Collect$$rtentry$$00000002)
    .ARM.Collect$$rtentry$$00000004          0x080001b6   Section        6  __rtentry4.o(.ARM.Collect$$rtentry$$00000004)
    .ARM.Collect$$rtentry$$00000009          0x080001bc   Section        0  __rtentry2.o(.ARM.Collect$$rtentry$$00000009)
    .ARM.Collect$$rtentry$$0000000A          0x080001bc   Section        4  __rtentry2.o(.ARM.Collect$$rtentry$$0000000A)
    .ARM.Collect$$rtentry$$0000000C          0x080001c0   Section        0  __rtentry2.o(.ARM.Collect$$rtentry$$0000000C)
    .ARM.Collect$$rtentry$$0000000D          0x080001c0   Section        8  __rtentry2.o(.ARM.Collect$$rtentry$$0000000D)
    .ARM.Collect$$rtexit$$00000000           0x080001c8   Section        2  rtexit.o(.ARM.Collect$$rtexit$$00000000)
    .ARM.Collect$$rtexit$$00000002           0x080001ca   Section        0  rtexit2.o(.ARM.Collect$$rtexit$$00000002)
    .ARM.Collect$$rtexit$$00000003           0x080001ca   Section        4  rtexit2.o(.ARM.Collect$$rtexit$$00000003)
    .ARM.Collect$$rtexit$$00000004           0x080001ce   Section        6  rtexit2.o(.ARM.Collect$$rtexit$$00000004)
    .text                                    0x080001d4   Section       56  startup_stm32f10x_hd.o(.text)
    .text                                    0x0800020c   Section        2  use_no_semi_2.o(.text)
    .text                                    0x08000210   Section        0  noretval__2printf.o(.text)
    .text                                    0x08000228   Section        0  __printf.o(.text)
    .text                                    0x08000290   Section        0  _printf_str.o(.text)
    .text                                    0x080002e2   Section        0  heapauxi.o(.text)
    .text                                    0x080002e8   Section        2  use_no_semi.o(.text)
    .text                                    0x080002ea   Section        0  _printf_char.o(.text)
    .text                                    0x08000318   Section        0  _printf_char_file.o(.text)
    .text                                    0x0800033c   Section        0  _printf_char_common.o(.text)
    _printf_input_char                       0x0800033d   Thumb Code    10  _printf_char_common.o(.text)
    .text                                    0x0800036c   Section        0  ferror.o(.text)
    .text                                    0x08000374   Section       74  sys_stackheap_outer.o(.text)
    .text                                    0x080003be   Section        0  exit.o(.text)
    .text                                    0x080003cc   Section        8  libspace.o(.text)
    i.EXTI4_IRQHandler                       0x080003d4   Section        0  nvic.o(i.EXTI4_IRQHandler)
    i.LED_Init                               0x08000418   Section        0  led.o(i.LED_Init)
    i.MYRCC_DeInit                           0x08000480   Section        0  sys.o(i.MYRCC_DeInit)
    i.MY_NVIC_SetVectorTable                 0x080004e8   Section        0  sys.o(i.MY_NVIC_SetVectorTable)
    i.NVIC_EnableIRQ                         0x080004fc   Section        0  usart.o(i.NVIC_EnableIRQ)
    NVIC_EnableIRQ                           0x080004fd   Thumb Code    22  usart.o(i.NVIC_EnableIRQ)
    i.NVIC_EncodePriority                    0x08000512   Section        0  usart.o(i.NVIC_EncodePriority)
    NVIC_EncodePriority                      0x08000513   Thumb Code    64  usart.o(i.NVIC_EncodePriority)
    i.NVIC_SetPriority                       0x08000554   Section        0  usart.o(i.NVIC_SetPriority)
    NVIC_SetPriority                         0x08000555   Thumb Code    32  usart.o(i.NVIC_SetPriority)
    i.SPI2_Init                              0x0800057c   Section        0  spi.o(i.SPI2_Init)
    i.SPI2_RS_Byte                           0x08000628   Section        0  spi.o(i.SPI2_RS_Byte)
    i.Stm32_Clock_Init                       0x08000658   Section        0  sys.o(i.Stm32_Clock_Init)
    i.SysTick_Handler                        0x080006e8   Section        0  nvic.o(i.SysTick_Handler)
    i.SysTick_Init                           0x08000710   Section        0  delay.o(i.SysTick_Init)
    i.USART1_IRQHandler                      0x08000724   Section        0  nvic.o(i.USART1_IRQHandler)
    i.USART1_Init                            0x0800078c   Section        0  usart.o(i.USART1_Init)
    i.USART2_IRQHandler                      0x0800085c   Section        0  nvic.o(i.USART2_IRQHandler)
    i.W25Q128_Block_Erase                    0x080008a8   Section        0  w25q128.o(i.W25Q128_Block_Erase)
    i.W25Q128_Blocks_Erase                   0x080008f8   Section        0  w25q128.o(i.W25Q128_Blocks_Erase)
    i.W25Q128_Init                           0x08000914   Section        0  w25q128.o(i.W25Q128_Init)
    i.W25Q128_Page_Write                     0x08000958   Section        0  w25q128.o(i.W25Q128_Page_Write)
    i.W25Q128_Read_Status                    0x080009bc   Section        0  w25q128.o(i.W25Q128_Read_Status)
    i.W25Q128_Write_Enable                   0x080009ec   Section        0  w25q128.o(i.W25Q128_Write_Enable)
    i._sys_exit                              0x08000a14   Section        0  usart.o(i._sys_exit)
    i.delay1_ms                              0x08000a1a   Section        0  delay.o(i.delay1_ms)
    i.delay_ms                               0x08000a56   Section        0  delay.o(i.delay_ms)
    i.fputc                                  0x08000a98   Section        0  usart.o(i.fputc)
    i.main                                   0x08000ab4   Section        0  test.o(i.main)
    .data                                    0x20000000   Section        3  test.o(.data)
    .data                                    0x20000004   Section        4  usart.o(.data)
    .data                                    0x20000008   Section        4  nvic.o(.data)
    addr                                     0x20000008   Data           4  nvic.o(.data)
    .bss                                     0x2000000c   Section       96  libspace.o(.bss)
    HEAP                                     0x20000070   Section      512  startup_stm32f10x_hd.o(HEAP)
    Heap_Mem                                 0x20000070   Data         512  startup_stm32f10x_hd.o(HEAP)
    STACK                                    0x20000270   Section     1024  startup_stm32f10x_hd.o(STACK)
    Stack_Mem                                0x20000270   Data        1024  startup_stm32f10x_hd.o(STACK)
    __initial_sp                             0x20000670   Data           0  startup_stm32f10x_hd.o(STACK)

    Global Symbols

    Symbol Name                              Value     Ov Type        Size  Object(Section)

    BuildAttributes$$THM_ISAv4$P$D$K$B$S$PE$A:L22UL41UL21$X:L11$S22US41US21$IEEE1$IW$USESV6$~STKCKD$USESV7$~SHL$OSPACE$ROPI$EBA8$UX$STANDARDLIB$REQ8$PRES8$EABIv2 0x00000000   Number         0  anon$$obj.o ABSOLUTE
    __ARM_use_no_argv                        0x00000000   Number         0  test.o ABSOLUTE
    __ARM_exceptions_init                     - Undefined Weak Reference
    __alloca_initialize                       - Undefined Weak Reference
    __arm_preinit_                            - Undefined Weak Reference
    __cpp_initialize__aeabi_                  - Undefined Weak Reference
    __cxa_finalize                            - Undefined Weak Reference
    __rt_locale                               - Undefined Weak Reference
    __sigvec_lookup                           - Undefined Weak Reference
    _atexit_init                              - Undefined Weak Reference
    _call_atexit_fns                          - Undefined Weak Reference
    _clock_init                               - Undefined Weak Reference
    _fp_trap_init                             - Undefined Weak Reference
    _fp_trap_shutdown                         - Undefined Weak Reference
    _get_lc_collate                           - Undefined Weak Reference
    _get_lc_ctype                             - Undefined Weak Reference
    _get_lc_monetary                          - Undefined Weak Reference
    _get_lc_numeric                           - Undefined Weak Reference
    _get_lc_time                              - Undefined Weak Reference
    _getenv_init                              - Undefined Weak Reference
    _handle_redirection                       - Undefined Weak Reference
    _init_alloc                               - Undefined Weak Reference
    _init_user_alloc                          - Undefined Weak Reference
    _initio                                   - Undefined Weak Reference
    _mutex_acquire                            - Undefined Weak Reference
    _mutex_release                            - Undefined Weak Reference
    _printf_mbtowc                            - Undefined Weak Reference
    _printf_post_padding                      - Undefined Weak Reference
    _printf_pre_padding                       - Undefined Weak Reference
    _rand_init                                - Undefined Weak Reference
    _signal_finish                            - Undefined Weak Reference
    _signal_init                              - Undefined Weak Reference
    _terminate_alloc                          - Undefined Weak Reference
    _terminate_user_alloc                     - Undefined Weak Reference
    _terminateio                              - Undefined Weak Reference
    __Vectors_Size                           0x00000130   Number         0  startup_stm32f10x_hd.o ABSOLUTE
    __Vectors                                0x08000000   Data           4  startup_stm32f10x_hd.o(RESET)
    __Vectors_End                            0x08000130   Data           0  startup_stm32f10x_hd.o(RESET)
    __main                                   0x08000131   Thumb Code     8  __main.o(!!!main)
    __scatterload                            0x08000139   Thumb Code     0  __scatter.o(!!!scatter)
    __scatterload_rt2                        0x08000139   Thumb Code    44  __scatter.o(!!!scatter)
    __scatterload_rt2_thumb_only             0x08000139   Thumb Code     0  __scatter.o(!!!scatter)
    __scatterload_null                       0x08000147   Thumb Code     0  __scatter.o(!!!scatter)
    __scatterload_copy                       0x0800016d   Thumb Code    26  __scatter_copy.o(!!handler_copy)
    __scatterload_zeroinit                   0x08000189   Thumb Code    28  __scatter_zi.o(!!handler_zi)
    _printf_c                                0x080001a5   Thumb Code     0  _printf_c.o(.ARM.Collect$$_printf_percent$$00000013)
    _printf_percent                          0x080001a5   Thumb Code     0  _printf_percent.o(.ARM.Collect$$_printf_percent$$00000000)
    _printf_percent_end                      0x080001ab   Thumb Code     0  _printf_percent_end.o(.ARM.Collect$$_printf_percent$$00000017)
    __rt_lib_init                            0x080001af   Thumb Code     0  libinit.o(.ARM.Collect$$libinit$$00000000)
    __rt_lib_init_alloca_1                   0x080001b1   Thumb Code     0  libinit2.o(.ARM.Collect$$libinit$$0000002E)
    __rt_lib_init_argv_1                     0x080001b1   Thumb Code     0  libinit2.o(.ARM.Collect$$libinit$$0000002C)
    __rt_lib_init_atexit_1                   0x080001b1   Thumb Code     0  libinit2.o(.ARM.Collect$$libinit$$0000001B)
    __rt_lib_init_clock_1                    0x080001b1   Thumb Code     0  libinit2.o(.ARM.Collect$$libinit$$00000021)
    __rt_lib_init_cpp_1                      0x080001b1   Thumb Code     0  libinit2.o(.ARM.Collect$$libinit$$00000032)
    __rt_lib_init_exceptions_1               0x080001b1   Thumb Code     0  libinit2.o(.ARM.Collect$$libinit$$00000030)
    __rt_lib_init_fp_1                       0x080001b1   Thumb Code     0  libinit2.o(.ARM.Collect$$libinit$$00000002)
    __rt_lib_init_fp_trap_1                  0x080001b1   Thumb Code     0  libinit2.o(.ARM.Collect$$libinit$$0000001F)
    __rt_lib_init_getenv_1                   0x080001b1   Thumb Code     0  libinit2.o(.ARM.Collect$$libinit$$00000023)
    __rt_lib_init_heap_1                     0x080001b1   Thumb Code     0  libinit2.o(.ARM.Collect$$libinit$$0000000A)
    __rt_lib_init_lc_collate_1               0x080001b1   Thumb Code     0  libinit2.o(.ARM.Collect$$libinit$$00000011)
    __rt_lib_init_lc_ctype_1                 0x080001b1   Thumb Code     0  libinit2.o(.ARM.Collect$$libinit$$00000013)
    __rt_lib_init_lc_monetary_1              0x080001b1   Thumb Code     0  libinit2.o(.ARM.Collect$$libinit$$00000015)
    __rt_lib_init_lc_numeric_1               0x080001b1   Thumb Code     0  libinit2.o(.ARM.Collect$$libinit$$00000017)
    __rt_lib_init_lc_time_1                  0x080001b1   Thumb Code     0  libinit2.o(.ARM.Collect$$libinit$$00000019)
    __rt_lib_init_preinit_1                  0x080001b1   Thumb Code     0  libinit2.o(.ARM.Collect$$libinit$$00000004)
    __rt_lib_init_rand_1                     0x080001b1   Thumb Code     0  libinit2.o(.ARM.Collect$$libinit$$0000000E)
    __rt_lib_init_return                     0x080001b1   Thumb Code     0  libinit2.o(.ARM.Collect$$libinit$$00000033)
    __rt_lib_init_signal_1                   0x080001b1   Thumb Code     0  libinit2.o(.ARM.Collect$$libinit$$0000001D)
    __rt_lib_init_stdio_1                    0x080001b1   Thumb Code     0  libinit2.o(.ARM.Collect$$libinit$$00000025)
    __rt_lib_init_user_alloc_1               0x080001b1   Thumb Code     0  libinit2.o(.ARM.Collect$$libinit$$0000000C)
    __rt_lib_shutdown                        0x080001b3   Thumb Code     0  libshutdown.o(.ARM.Collect$$libshutdown$$00000000)
    __rt_lib_shutdown_fp_trap_1              0x080001b5   Thumb Code     0  libshutdown2.o(.ARM.Collect$$libshutdown$$00000006)
    __rt_lib_shutdown_heap_1                 0x080001b5   Thumb Code     0  libshutdown2.o(.ARM.Collect$$libshutdown$$0000000E)
    __rt_lib_shutdown_return                 0x080001b5   Thumb Code     0  libshutdown2.o(.ARM.Collect$$libshutdown$$0000000F)
    __rt_lib_shutdown_signal_1               0x080001b5   Thumb Code     0  libshutdown2.o(.ARM.Collect$$libshutdown$$00000009)
    __rt_lib_shutdown_stdio_1                0x080001b5   Thumb Code     0  libshutdown2.o(.ARM.Collect$$libshutdown$$00000003)
    __rt_lib_shutdown_user_alloc_1           0x080001b5   Thumb Code     0  libshutdown2.o(.ARM.Collect$$libshutdown$$0000000B)
    __rt_entry                               0x080001b7   Thumb Code     0  __rtentry.o(.ARM.Collect$$rtentry$$00000000)
    __rt_entry_presh_1                       0x080001b7   Thumb Code     0  __rtentry2.o(.ARM.Collect$$rtentry$$00000002)
    __rt_entry_sh                            0x080001b7   Thumb Code     0  __rtentry4.o(.ARM.Collect$$rtentry$$00000004)
    __rt_entry_li                            0x080001bd   Thumb Code     0  __rtentry2.o(.ARM.Collect$$rtentry$$0000000A)
    __rt_entry_postsh_1                      0x080001bd   Thumb Code     0  __rtentry2.o(.ARM.Collect$$rtentry$$00000009)
    __rt_entry_main                          0x080001c1   Thumb Code     0  __rtentry2.o(.ARM.Collect$$rtentry$$0000000D)
    __rt_entry_postli_1                      0x080001c1   Thumb Code     0  __rtentry2.o(.ARM.Collect$$rtentry$$0000000C)
    __rt_exit                                0x080001c9   Thumb Code     0  rtexit.o(.ARM.Collect$$rtexit$$00000000)
    __rt_exit_ls                             0x080001cb   Thumb Code     0  rtexit2.o(.ARM.Collect$$rtexit$$00000003)
    __rt_exit_prels_1                        0x080001cb   Thumb Code     0  rtexit2.o(.ARM.Collect$$rtexit$$00000002)
    __rt_exit_exit                           0x080001cf   Thumb Code     0  rtexit2.o(.ARM.Collect$$rtexit$$00000004)
    Reset_Handler                            0x080001d5   Thumb Code     4  startup_stm32f10x_hd.o(.text)
    NMI_Handler                              0x080001d9   Thumb Code     2  startup_stm32f10x_hd.o(.text)
    HardFault_Handler                        0x080001db   Thumb Code     2  startup_stm32f10x_hd.o(.text)
    MemManage_Handler                        0x080001dd   Thumb Code     2  startup_stm32f10x_hd.o(.text)
    BusFault_Handler                         0x080001df   Thumb Code     2  startup_stm32f10x_hd.o(.text)
    UsageFault_Handler                       0x080001e1   Thumb Code     2  startup_stm32f10x_hd.o(.text)
    SVC_Handler                              0x080001e3   Thumb Code     2  startup_stm32f10x_hd.o(.text)
    DebugMon_Handler                         0x080001e5   Thumb Code     2  startup_stm32f10x_hd.o(.text)
    PendSV_Handler                           0x080001e7   Thumb Code     2  startup_stm32f10x_hd.o(.text)
    ADC1_2_IRQHandler                        0x080001eb   Thumb Code     0  startup_stm32f10x_hd.o(.text)
    ADC3_IRQHandler                          0x080001eb   Thumb Code     0  startup_stm32f10x_hd.o(.text)
    CAN1_RX1_IRQHandler                      0x080001eb   Thumb Code     0  startup_stm32f10x_hd.o(.text)
    CAN1_SCE_IRQHandler                      0x080001eb   Thumb Code     0  startup_stm32f10x_hd.o(.text)
    DMA1_Channel1_IRQHandler                 0x080001eb   Thumb Code     0  startup_stm32f10x_hd.o(.text)
    DMA1_Channel2_IRQHandler                 0x080001eb   Thumb Code     0  startup_stm32f10x_hd.o(.text)
    DMA1_Channel3_IRQHandler                 0x080001eb   Thumb Code     0  startup_stm32f10x_hd.o(.text)
    DMA1_Channel4_IRQHandler                 0x080001eb   Thumb Code     0  startup_stm32f10x_hd.o(.text)
    DMA1_Channel5_IRQHandler                 0x080001eb   Thumb Code     0  startup_stm32f10x_hd.o(.text)
    DMA1_Channel6_IRQHandler                 0x080001eb   Thumb Code     0  startup_stm32f10x_hd.o(.text)
    DMA1_Channel7_IRQHandler                 0x080001eb   Thumb Code     0  startup_stm32f10x_hd.o(.text)
    DMA2_Channel1_IRQHandler                 0x080001eb   Thumb Code     0  startup_stm32f10x_hd.o(.text)
    DMA2_Channel2_IRQHandler                 0x080001eb   Thumb Code     0  startup_stm32f10x_hd.o(.text)
    DMA2_Channel3_IRQHandler                 0x080001eb   Thumb Code     0  startup_stm32f10x_hd.o(.text)
    DMA2_Channel4_5_IRQHandler               0x080001eb   Thumb Code     0  startup_stm32f10x_hd.o(.text)
    EXTI0_IRQHandler                         0x080001eb   Thumb Code     0  startup_stm32f10x_hd.o(.text)
    EXTI15_10_IRQHandler                     0x080001eb   Thumb Code     0  startup_stm32f10x_hd.o(.text)
    EXTI1_IRQHandler                         0x080001eb   Thumb Code     0  startup_stm32f10x_hd.o(.text)
    EXTI2_IRQHandler                         0x080001eb   Thumb Code     0  startup_stm32f10x_hd.o(.text)
    EXTI3_IRQHandler                         0x080001eb   Thumb Code     0  startup_stm32f10x_hd.o(.text)
    EXTI9_5_IRQHandler                       0x080001eb   Thumb Code     0  startup_stm32f10x_hd.o(.text)
    FLASH_IRQHandler                         0x080001eb   Thumb Code     0  startup_stm32f10x_hd.o(.text)
    FSMC_IRQHandler                          0x080001eb   Thumb Code     0  startup_stm32f10x_hd.o(.text)
    I2C1_ER_IRQHandler                       0x080001eb   Thumb Code     0  startup_stm32f10x_hd.o(.text)
    I2C1_EV_IRQHandler                       0x080001eb   Thumb Code     0  startup_stm32f10x_hd.o(.text)
    I2C2_ER_IRQHandler                       0x080001eb   Thumb Code     0  startup_stm32f10x_hd.o(.text)
    I2C2_EV_IRQHandler                       0x080001eb   Thumb Code     0  startup_stm32f10x_hd.o(.text)
    PVD_IRQHandler                           0x080001eb   Thumb Code     0  startup_stm32f10x_hd.o(.text)
    RCC_IRQHandler                           0x080001eb   Thumb Code     0  startup_stm32f10x_hd.o(.text)
    RTCAlarm_IRQHandler                      0x080001eb   Thumb Code     0  startup_stm32f10x_hd.o(.text)
    RTC_IRQHandler                           0x080001eb   Thumb Code     0  startup_stm32f10x_hd.o(.text)
    SDIO_IRQHandler                          0x080001eb   Thumb Code     0  startup_stm32f10x_hd.o(.text)
    SPI1_IRQHandler                          0x080001eb   Thumb Code     0  startup_stm32f10x_hd.o(.text)
    SPI2_IRQHandler                          0x080001eb   Thumb Code     0  startup_stm32f10x_hd.o(.text)
    SPI3_IRQHandler                          0x080001eb   Thumb Code     0  startup_stm32f10x_hd.o(.text)
    TAMPER_IRQHandler                        0x080001eb   Thumb Code     0  startup_stm32f10x_hd.o(.text)
    TIM1_BRK_IRQHandler                      0x080001eb   Thumb Code     0  startup_stm32f10x_hd.o(.text)
    TIM1_CC_IRQHandler                       0x080001eb   Thumb Code     0  startup_stm32f10x_hd.o(.text)
    TIM1_TRG_COM_IRQHandler                  0x080001eb   Thumb Code     0  startup_stm32f10x_hd.o(.text)
    TIM1_UP_IRQHandler                       0x080001eb   Thumb Code     0  startup_stm32f10x_hd.o(.text)
    TIM2_IRQHandler                          0x080001eb   Thumb Code     0  startup_stm32f10x_hd.o(.text)
    TIM3_IRQHandler                          0x080001eb   Thumb Code     0  startup_stm32f10x_hd.o(.text)
    TIM4_IRQHandler                          0x080001eb   Thumb Code     0  startup_stm32f10x_hd.o(.text)
    TIM5_IRQHandler                          0x080001eb   Thumb Code     0  startup_stm32f10x_hd.o(.text)
    TIM6_IRQHandler                          0x080001eb   Thumb Code     0  startup_stm32f10x_hd.o(.text)
    TIM7_IRQHandler                          0x080001eb   Thumb Code     0  startup_stm32f10x_hd.o(.text)
    TIM8_BRK_IRQHandler                      0x080001eb   Thumb Code     0  startup_stm32f10x_hd.o(.text)
    TIM8_CC_IRQHandler                       0x080001eb   Thumb Code     0  startup_stm32f10x_hd.o(.text)
    TIM8_TRG_COM_IRQHandler                  0x080001eb   Thumb Code     0  startup_stm32f10x_hd.o(.text)
    TIM8_UP_IRQHandler                       0x080001eb   Thumb Code     0  startup_stm32f10x_hd.o(.text)
    UART4_IRQHandler                         0x080001eb   Thumb Code     0  startup_stm32f10x_hd.o(.text)
    UART5_IRQHandler                         0x080001eb   Thumb Code     0  startup_stm32f10x_hd.o(.text)
    USART3_IRQHandler                        0x080001eb   Thumb Code     0  startup_stm32f10x_hd.o(.text)
    USBWakeUp_IRQHandler                     0x080001eb   Thumb Code     0  startup_stm32f10x_hd.o(.text)
    USB_HP_CAN1_TX_IRQHandler                0x080001eb   Thumb Code     0  startup_stm32f10x_hd.o(.text)
    USB_LP_CAN1_RX0_IRQHandler               0x080001eb   Thumb Code     0  startup_stm32f10x_hd.o(.text)
    WWDG_IRQHandler                          0x080001eb   Thumb Code     0  startup_stm32f10x_hd.o(.text)
    __user_initial_stackheap                 0x080001ed   Thumb Code     0  startup_stm32f10x_hd.o(.text)
    __use_no_semihosting                     0x0800020d   Thumb Code     2  use_no_semi_2.o(.text)
    __2printf                                0x08000211   Thumb Code    20  noretval__2printf.o(.text)
    __printf                                 0x08000229   Thumb Code   104  __printf.o(.text)
    _printf_str                              0x08000291   Thumb Code    82  _printf_str.o(.text)
    __use_two_region_memory                  0x080002e3   Thumb Code     2  heapauxi.o(.text)
    __rt_heap_escrow$2region                 0x080002e5   Thumb Code     2  heapauxi.o(.text)
    __rt_heap_expand$2region                 0x080002e7   Thumb Code     2  heapauxi.o(.text)
    __I$use$semihosting                      0x080002e9   Thumb Code     0  use_no_semi.o(.text)
    __use_no_semihosting_swi                 0x080002e9   Thumb Code     2  use_no_semi.o(.text)
    _printf_cs_common                        0x080002eb   Thumb Code    20  _printf_char.o(.text)
    _printf_char                             0x080002ff   Thumb Code    16  _printf_char.o(.text)
    _printf_string                           0x0800030f   Thumb Code     8  _printf_char.o(.text)
    _printf_char_file                        0x08000319   Thumb Code    32  _printf_char_file.o(.text)
    _printf_char_common                      0x08000347   Thumb Code    32  _printf_char_common.o(.text)
    ferror                                   0x0800036d   Thumb Code     8  ferror.o(.text)
    __user_setup_stackheap                   0x08000375   Thumb Code    74  sys_stackheap_outer.o(.text)
    exit                                     0x080003bf   Thumb Code    12  exit.o(.text)
    __user_libspace                          0x080003cd   Thumb Code     8  libspace.o(.text)
    __user_perproc_libspace                  0x080003cd   Thumb Code     0  libspace.o(.text)
    __user_perthread_libspace                0x080003cd   Thumb Code     0  libspace.o(.text)
    EXTI4_IRQHandler                         0x080003d5   Thumb Code    54  nvic.o(i.EXTI4_IRQHandler)
    LED_Init                                 0x08000419   Thumb Code    90  led.o(i.LED_Init)
    MYRCC_DeInit                             0x08000481   Thumb Code    90  sys.o(i.MYRCC_DeInit)
    MY_NVIC_SetVectorTable                   0x080004e9   Thumb Code    12  sys.o(i.MY_NVIC_SetVectorTable)
    SPI2_Init                                0x0800057d   Thumb Code   156  spi.o(i.SPI2_Init)
    SPI2_RS_Byte                             0x08000629   Thumb Code    44  spi.o(i.SPI2_RS_Byte)
    Stm32_Clock_Init                         0x08000659   Thumb Code   134  sys.o(i.Stm32_Clock_Init)
    SysTick_Handler                          0x080006e9   Thumb Code    34  nvic.o(i.SysTick_Handler)
    SysTick_Init                             0x08000711   Thumb Code    18  delay.o(i.SysTick_Init)
    USART1_IRQHandler                        0x08000725   Thumb Code    90  nvic.o(i.USART1_IRQHandler)
    USART1_Init                              0x0800078d   Thumb Code   188  usart.o(i.USART1_Init)
    USART2_IRQHandler                        0x0800085d   Thumb Code    40  nvic.o(i.USART2_IRQHandler)
    W25Q128_Block_Erase                      0x080008a9   Thumb Code    76  w25q128.o(i.W25Q128_Block_Erase)
    W25Q128_Blocks_Erase                     0x080008f9   Thumb Code    28  w25q128.o(i.W25Q128_Blocks_Erase)
    W25Q128_Init                             0x08000915   Thumb Code    58  w25q128.o(i.W25Q128_Init)
    W25Q128_Page_Write                       0x08000959   Thumb Code    96  w25q128.o(i.W25Q128_Page_Write)
    W25Q128_Read_Status                      0x080009bd   Thumb Code    44  w25q128.o(i.W25Q128_Read_Status)
    W25Q128_Write_Enable                     0x080009ed   Thumb Code    34  w25q128.o(i.W25Q128_Write_Enable)
    _sys_exit                                0x08000a15   Thumb Code     6  usart.o(i._sys_exit)
    delay1_ms                                0x08000a1b   Thumb Code    60  delay.o(i.delay1_ms)
    delay_ms                                 0x08000a57   Thumb Code    66  delay.o(i.delay_ms)
    fputc                                    0x08000a99   Thumb Code    24  usart.o(i.fputc)
    main                                     0x08000ab5   Thumb Code    80  test.o(i.main)
    Region$$Table$$Base                      0x08000b24   Number         0  anon$$obj.o(Region$$Table)
    Region$$Table$$Limit                     0x08000b44   Number         0  anon$$obj.o(Region$$Table)
    cor_flay                                 0x20000000   Data           1  test.o(.data)
    data                                     0x20000001   Data           1  test.o(.data)
    flay                                     0x20000002   Data           1  test.o(.data)
    __stdout                                 0x20000004   Data           4  usart.o(.data)
    __libspace_start                         0x2000000c   Data          96  libspace.o(.bss)
    __temporary_stack_top$libspace           0x2000006c   Data           0  libspace.o(.bss)



==============================================================================

Memory Map of the image

  Image Entry point : 0x08000131

  Load Region LR_IROM1 (Base: 0x08000000, Size: 0x00000b50, Max: 0x00080000, ABSOLUTE)

    Execution Region ER_IROM1 (Base: 0x08000000, Size: 0x00000b44, Max: 0x00080000, ABSOLUTE)

    Base Addr    Size         Type   Attr      Idx    E Section Name        Object

    0x08000000   0x00000130   Data   RO            3    RESET               startup_stm32f10x_hd.o
    0x08000130   0x00000008   Code   RO          802  * !!!main             c_w.l(__main.o)
    0x08000138   0x00000034   Code   RO          969    !!!scatter          c_w.l(__scatter.o)
    0x0800016c   0x0000001a   Code   RO          971    !!handler_copy      c_w.l(__scatter_copy.o)
    0x08000186   0x00000002   PAD
    0x08000188   0x0000001c   Code   RO          973    !!handler_zi        c_w.l(__scatter_zi.o)
    0x080001a4   0x00000000   Code   RO          799    .ARM.Collect$$_printf_percent$$00000000  c_w.l(_printf_percent.o)
    0x080001a4   0x00000006   Code   RO          798    .ARM.Collect$$_printf_percent$$00000013  c_w.l(_printf_c.o)
    0x080001aa   0x00000004   Code   RO          811    .ARM.Collect$$_printf_percent$$00000017  c_w.l(_printf_percent_end.o)
    0x080001ae   0x00000002   Code   RO          844    .ARM.Collect$$libinit$$00000000  c_w.l(libinit.o)
    0x080001b0   0x00000000   Code   RO          851    .ARM.Collect$$libinit$$00000002  c_w.l(libinit2.o)
    0x080001b0   0x00000000   Code   RO          853    .ARM.Collect$$libinit$$00000004  c_w.l(libinit2.o)
    0x080001b0   0x00000000   Code   RO          856    .ARM.Collect$$libinit$$0000000A  c_w.l(libinit2.o)
    0x080001b0   0x00000000   Code   RO          858    .ARM.Collect$$libinit$$0000000C  c_w.l(libinit2.o)
    0x080001b0   0x00000000   Code   RO          860    .ARM.Collect$$libinit$$0000000E  c_w.l(libinit2.o)
    0x080001b0   0x00000000   Code   RO          863    .ARM.Collect$$libinit$$00000011  c_w.l(libinit2.o)
    0x080001b0   0x00000000   Code   RO          865    .ARM.Collect$$libinit$$00000013  c_w.l(libinit2.o)
    0x080001b0   0x00000000   Code   RO          867    .ARM.Collect$$libinit$$00000015  c_w.l(libinit2.o)
    0x080001b0   0x00000000   Code   RO          869    .ARM.Collect$$libinit$$00000017  c_w.l(libinit2.o)
    0x080001b0   0x00000000   Code   RO          871    .ARM.Collect$$libinit$$00000019  c_w.l(libinit2.o)
    0x080001b0   0x00000000   Code   RO          873    .ARM.Collect$$libinit$$0000001B  c_w.l(libinit2.o)
    0x080001b0   0x00000000   Code   RO          875    .ARM.Collect$$libinit$$0000001D  c_w.l(libinit2.o)
    0x080001b0   0x00000000   Code   RO          877    .ARM.Collect$$libinit$$0000001F  c_w.l(libinit2.o)
    0x080001b0   0x00000000   Code   RO          879    .ARM.Collect$$libinit$$00000021  c_w.l(libinit2.o)
    0x080001b0   0x00000000   Code   RO          881    .ARM.Collect$$libinit$$00000023  c_w.l(libinit2.o)
    0x080001b0   0x00000000   Code   RO          883    .ARM.Collect$$libinit$$00000025  c_w.l(libinit2.o)
    0x080001b0   0x00000000   Code   RO          887    .ARM.Collect$$libinit$$0000002C  c_w.l(libinit2.o)
    0x080001b0   0x00000000   Code   RO          889    .ARM.Collect$$libinit$$0000002E  c_w.l(libinit2.o)
    0x080001b0   0x00000000   Code   RO          891    .ARM.Collect$$libinit$$00000030  c_w.l(libinit2.o)
    0x080001b0   0x00000000   Code   RO          893    .ARM.Collect$$libinit$$00000032  c_w.l(libinit2.o)
    0x080001b0   0x00000002   Code   RO          894    .ARM.Collect$$libinit$$00000033  c_w.l(libinit2.o)
    0x080001b2   0x00000002   Code   RO          912    .ARM.Collect$$libshutdown$$00000000  c_w.l(libshutdown.o)
    0x080001b4   0x00000000   Code   RO          923    .ARM.Collect$$libshutdown$$00000003  c_w.l(libshutdown2.o)
    0x080001b4   0x00000000   Code   RO          926    .ARM.Collect$$libshutdown$$00000006  c_w.l(libshutdown2.o)
    0x080001b4   0x00000000   Code   RO          929    .ARM.Collect$$libshutdown$$00000009  c_w.l(libshutdown2.o)
    0x080001b4   0x00000000   Code   RO          931    .ARM.Collect$$libshutdown$$0000000B  c_w.l(libshutdown2.o)
    0x080001b4   0x00000000   Code   RO          934    .ARM.Collect$$libshutdown$$0000000E  c_w.l(libshutdown2.o)
    0x080001b4   0x00000002   Code   RO          935    .ARM.Collect$$libshutdown$$0000000F  c_w.l(libshutdown2.o)
    0x080001b6   0x00000000   Code   RO          806    .ARM.Collect$$rtentry$$00000000  c_w.l(__rtentry.o)
    0x080001b6   0x00000000   Code   RO          813    .ARM.Collect$$rtentry$$00000002  c_w.l(__rtentry2.o)
    0x080001b6   0x00000006   Code   RO          825    .ARM.Collect$$rtentry$$00000004  c_w.l(__rtentry4.o)
    0x080001bc   0x00000000   Code   RO          815    .ARM.Collect$$rtentry$$00000009  c_w.l(__rtentry2.o)
    0x080001bc   0x00000004   Code   RO          816    .ARM.Collect$$rtentry$$0000000A  c_w.l(__rtentry2.o)
    0x080001c0   0x00000000   Code   RO          818    .ARM.Collect$$rtentry$$0000000C  c_w.l(__rtentry2.o)
    0x080001c0   0x00000008   Code   RO          819    .ARM.Collect$$rtentry$$0000000D  c_w.l(__rtentry2.o)
    0x080001c8   0x00000002   Code   RO          848    .ARM.Collect$$rtexit$$00000000  c_w.l(rtexit.o)
    0x080001ca   0x00000000   Code   RO          896    .ARM.Collect$$rtexit$$00000002  c_w.l(rtexit2.o)
    0x080001ca   0x00000004   Code   RO          897    .ARM.Collect$$rtexit$$00000003  c_w.l(rtexit2.o)
    0x080001ce   0x00000006   Code   RO          898    .ARM.Collect$$rtexit$$00000004  c_w.l(rtexit2.o)
    0x080001d4   0x00000038   Code   RO            4    .text               startup_stm32f10x_hd.o
    0x0800020c   0x00000002   Code   RO          768    .text               c_w.l(use_no_semi_2.o)
    0x0800020e   0x00000002   PAD
    0x08000210   0x00000018   Code   RO          772    .text               c_w.l(noretval__2printf.o)
    0x08000228   0x00000068   Code   RO          774    .text               c_w.l(__printf.o)
    0x08000290   0x00000052   Code   RO          776    .text               c_w.l(_printf_str.o)
    0x080002e2   0x00000006   Code   RO          800    .text               c_w.l(heapauxi.o)
    0x080002e8   0x00000002   Code   RO          804    .text               c_w.l(use_no_semi.o)
    0x080002ea   0x0000002c   Code   RO          807    .text               c_w.l(_printf_char.o)
    0x08000316   0x00000002   PAD
    0x08000318   0x00000024   Code   RO          809    .text               c_w.l(_printf_char_file.o)
    0x0800033c   0x00000030   Code   RO          827    .text               c_w.l(_printf_char_common.o)
    0x0800036c   0x00000008   Code   RO          829    .text               c_w.l(ferror.o)
    0x08000374   0x0000004a   Code   RO          833    .text               c_w.l(sys_stackheap_outer.o)
    0x080003be   0x0000000c   Code   RO          837    .text               c_w.l(exit.o)
    0x080003ca   0x00000002   PAD
    0x080003cc   0x00000008   Code   RO          845    .text               c_w.l(libspace.o)
    0x080003d4   0x00000044   Code   RO          299    i.EXTI4_IRQHandler  nvic.o
    0x08000418   0x00000068   Code   RO          352    i.LED_Init          led.o
    0x08000480   0x00000068   Code   RO          126    i.MYRCC_DeInit      sys.o
    0x080004e8   0x00000014   Code   RO          129    i.MY_NVIC_SetVectorTable  sys.o
    0x080004fc   0x00000016   Code   RO          207    i.NVIC_EnableIRQ    usart.o
    0x08000512   0x00000040   Code   RO          208    i.NVIC_EncodePriority  usart.o
    0x08000552   0x00000002   PAD
    0x08000554   0x00000028   Code   RO          209    i.NVIC_SetPriority  usart.o
    0x0800057c   0x000000ac   Code   RO          685    i.SPI2_Init         spi.o
    0x08000628   0x00000030   Code   RO          686    i.SPI2_RS_Byte      spi.o
    0x08000658   0x00000090   Code   RO          130    i.Stm32_Clock_Init  sys.o
    0x080006e8   0x00000028   Code   RO          300    i.SysTick_Handler   nvic.o
    0x08000710   0x00000012   Code   RO           82    i.SysTick_Init      delay.o
    0x08000722   0x00000002   PAD
    0x08000724   0x00000068   Code   RO          301    i.USART1_IRQHandler  nvic.o
    0x0800078c   0x000000d0   Code   RO          210    i.USART1_Init       usart.o
    0x0800085c   0x0000004c   Code   RO          302    i.USART2_IRQHandler  nvic.o
    0x080008a8   0x00000050   Code   RO          703    i.W25Q128_Block_Erase  w25q128.o
    0x080008f8   0x0000001c   Code   RO          704    i.W25Q128_Blocks_Erase  w25q128.o
    0x08000914   0x00000044   Code   RO          706    i.W25Q128_Init      w25q128.o
    0x08000958   0x00000064   Code   RO          707    i.W25Q128_Page_Write  w25q128.o
    0x080009bc   0x00000030   Code   RO          709    i.W25Q128_Read_Status  w25q128.o
    0x080009ec   0x00000028   Code   RO          711    i.W25Q128_Write_Enable  w25q128.o
    0x08000a14   0x00000006   Code   RO          218    i._sys_exit         usart.o
    0x08000a1a   0x0000003c   Code   RO           83    i.delay1_ms         delay.o
    0x08000a56   0x00000042   Code   RO           84    i.delay_ms          delay.o
    0x08000a98   0x0000001c   Code   RO          219    i.fputc             usart.o
    0x08000ab4   0x00000070   Code   RO           10    i.main              test.o
    0x08000b24   0x00000020   Data   RO          967    Region$$Table       anon$$obj.o


    Execution Region RW_IRAM1 (Base: 0x20000000, Size: 0x00000670, Max: 0x00010000, ABSOLUTE)

    Base Addr    Size         Type   Attr      Idx    E Section Name        Object

    0x20000000   0x00000003   Data   RW           12    .data               test.o
    0x20000003   0x00000001   PAD
    0x20000004   0x00000004   Data   RW          220    .data               usart.o
    0x20000008   0x00000004   Data   RW          303    .data               nvic.o
    0x2000000c   0x00000060   Zero   RW          846    .bss                c_w.l(libspace.o)
    0x2000006c   0x00000004   PAD
    0x20000070   0x00000200   Zero   RW            2    HEAP                startup_stm32f10x_hd.o
    0x20000270   0x00000400   Zero   RW            1    STACK               startup_stm32f10x_hd.o


==============================================================================

Image component sizes


      Code (inc. data)   RO Data    RW Data    ZI Data      Debug   Object Name

       144          0          0          0          0       1554   delay.o
       104         14          0          0          0        451   led.o
       288         70          0          4          0       1957   nvic.o
       220         20          0          0          0        991   spi.o
        56         22        304          0       1536        816   startup_stm32f10x_hd.o
       268         32          0          0          0       1639   sys.o
       112         32          0          3          0     224175   test.o
       368         32          0          4          0      19927   usart.o
       364         28          0          0          0       3694   w25q128.o

    ----------------------------------------------------------------------
      1928        250        336         12       1536     255204   Object Totals
         0          0         32          0          0          0   (incl. Generated)
         4          0          0          1          0          0   (incl. Padding)

    ----------------------------------------------------------------------

      Code (inc. data)   RO Data    RW Data    ZI Data      Debug   Library Member Name

         8          0          0          0          0         68   __main.o
       104          0          0          0          0         84   __printf.o
         0          0          0          0          0          0   __rtentry.o
        12          0          0          0          0          0   __rtentry2.o
         6          0          0          0          0          0   __rtentry4.o
        52          8          0          0          0          0   __scatter.o
        26          0          0          0          0          0   __scatter_copy.o
        28          0          0          0          0          0   __scatter_zi.o
         6          0          0          0          0          0   _printf_c.o
        44          0          0          0          0        108   _printf_char.o
        48          6          0          0          0         96   _printf_char_common.o
        36          4          0          0          0         80   _printf_char_file.o
         0          0          0          0          0          0   _printf_percent.o
         4          0          0          0          0          0   _printf_percent_end.o
        82          0          0          0          0         80   _printf_str.o
        12          0          0          0          0         72   exit.o
         8          0          0          0          0         68   ferror.o
         6          0          0          0          0        152   heapauxi.o
         2          0          0          0          0          0   libinit.o
         2          0          0          0          0          0   libinit2.o
         2          0          0          0          0          0   libshutdown.o
         2          0          0          0          0          0   libshutdown2.o
         8          4          0          0         96         68   libspace.o
        24          4          0          0          0         84   noretval__2printf.o
         2          0          0          0          0          0   rtexit.o
        10          0          0          0          0          0   rtexit2.o
        74          0          0          0          0         80   sys_stackheap_outer.o
         2          0          0          0          0         68   use_no_semi.o
         2          0          0          0          0         68   use_no_semi_2.o

    ----------------------------------------------------------------------
       620         26          0          0        100       1176   Library Totals
         8          0          0          0          4          0   (incl. Padding)

    ----------------------------------------------------------------------

      Code (inc. data)   RO Data    RW Data    ZI Data      Debug   Library Name

       612         26          0          0         96       1176   c_w.l

    ----------------------------------------------------------------------
       620         26          0          0        100       1176   Library Totals

    ----------------------------------------------------------------------

==============================================================================


      Code (inc. data)   RO Data    RW Data    ZI Data      Debug   

      2548        276        336         12       1636     254660   Grand Totals
      2548        276        336         12       1636     254660   ELF Image Totals
      2548        276        336         12          0          0   ROM Totals

==============================================================================

    Total RO  Size (Code + RO Data)                 2884 (   2.82kB)
    Total RW  Size (RW Data + ZI Data)              1648 (   1.61kB)
    Total ROM Size (Code + RO Data + RW Data)       2896 (   2.83kB)

==============================================================================

